Archive member included to satisfy reference by file (symbol)

/Users/kristofer/agondev/release/lib/libc.a(free.c.o)
                              obj/kilo.o (_free)
/Users/kristofer/agondev/release/lib/libc.a(isdigit.o)
                              obj/kilo.o (_isdigit)
/Users/kristofer/agondev/release/lib/libc.a(isprint.o)
                              obj/kilo.o (_isprint)
/Users/kristofer/agondev/release/lib/libc.a(isspace.o)
                              obj/kilo.o (_isspace)
/Users/kristofer/agondev/release/lib/libc.a(malloc.c.o)
                              obj/kilo.o (_malloc)
/Users/kristofer/agondev/release/lib/libc.a(memcmp.o)
                              obj/kilo.o (_memcmp)
/Users/kristofer/agondev/release/lib/libc.a(memcpy.o)
                              obj/kilo.o (_memcpy)
/Users/kristofer/agondev/release/lib/libc.a(memmove.o)
                              obj/kilo.o (_memmove)
/Users/kristofer/agondev/release/lib/libc.a(memset.o)
                              obj/kilo.o (_memset)
/Users/kristofer/agondev/release/lib/libc.a(puts.o)
                              obj/kilo.o (_puts)
/Users/kristofer/agondev/release/lib/libc.a(realloc.c.o)
                              obj/kilo.o (_realloc)
/Users/kristofer/agondev/release/lib/libc.a(sbrk.o)
                              /Users/kristofer/agondev/release/lib/libc.a(malloc.c.o) (_sbrk)
/Users/kristofer/agondev/release/lib/libc.a(strchr.o)
                              obj/kilo.o (_strchr)
/Users/kristofer/agondev/release/lib/libc.a(strlen.o)
                              obj/kilo.o (_strlen)
/Users/kristofer/agondev/release/lib/libc.a(strstr.o)
                              obj/kilo.o (_strstr)
/Users/kristofer/agondev/release/lib/libc.a(errno.o)
                              obj/kilo.o (_errno)
/Users/kristofer/agondev/release/lib/libc.a(fclose.o)
                              obj/kilo.o (_fclose)
/Users/kristofer/agondev/release/lib/libc.a(fflush.o)
                              obj/kilo.o (_fflush)
/Users/kristofer/agondev/release/lib/libc.a(fgetc.o)
                              obj/kilo.o (_fgetc)
/Users/kristofer/agondev/release/lib/libc.a(files.o)
                              obj/kilo.o (_stdin)
/Users/kristofer/agondev/release/lib/libc.a(fopen.o)
                              obj/kilo.o (_fopen)
/Users/kristofer/agondev/release/lib/libc.a(fread.o)
                              obj/kilo.o (_fread)
/Users/kristofer/agondev/release/lib/libc.a(fseek.o)
                              /Users/kristofer/agondev/release/lib/libc.a(fopen.o) (_fseek)
/Users/kristofer/agondev/release/lib/libc.a(fwrite.o)
                              obj/kilo.o (_fwrite)
/Users/kristofer/agondev/release/lib/libc.a(nanoprintf.o)
                              obj/kilo.o (_fprintf)
/Users/kristofer/agondev/release/lib/libc.a(time.o)
                              obj/kilo.o (_time)
/Users/kristofer/agondev/release/lib/libc.a(ungetc.o)
                              /Users/kristofer/agondev/release/lib/libc.a(fgetc.o) (_ungetc)
/Users/kristofer/agondev/release/lib/libc.a(mos_fclose.o)
                              /Users/kristofer/agondev/release/lib/libc.a(fclose.o) (_mos_fclose)
/Users/kristofer/agondev/release/lib/libc.a(mos_fgetc.o)
                              /Users/kristofer/agondev/release/lib/libc.a(fgetc.o) (_mos_fgetc)
/Users/kristofer/agondev/release/lib/libc.a(mos_flseek.o)
                              /Users/kristofer/agondev/release/lib/libc.a(fseek.o) (_mos_flseek)
/Users/kristofer/agondev/release/lib/libc.a(mos_fopen.o)
                              /Users/kristofer/agondev/release/lib/libc.a(fopen.o) (_mos_fopen)
/Users/kristofer/agondev/release/lib/libc.a(mos_fread.o)
                              /Users/kristofer/agondev/release/lib/libc.a(fread.o) (_mos_fread)
/Users/kristofer/agondev/release/lib/libc.a(mos_fwrite.o)
                              /Users/kristofer/agondev/release/lib/libc.a(fwrite.o) (_mos_fwrite)
/Users/kristofer/agondev/release/lib/libc.a(mos_getfil.o)
                              /Users/kristofer/agondev/release/lib/libc.a(fseek.o) (_mos_getfil)
/Users/kristofer/agondev/release/lib/libc.a(mos_getrtc.o)
                              /Users/kristofer/agondev/release/lib/libc.a(time.o) (_mos_getrtc)
/Users/kristofer/agondev/release/lib/libc.a(mos_getsysvar_rtc.o)
                              /Users/kristofer/agondev/release/lib/libc.a(time.o) (_getsysvar_rtc)
/Users/kristofer/agondev/release/lib/libc.a(putchar.o)
                              /Users/kristofer/agondev/release/lib/libc.a(puts.o) (_putchar)
/Users/kristofer/agondev/release/lib/libc.a(fputc.o)
                              /Users/kristofer/agondev/release/lib/libc.a(nanoprintf.o) (_fputc)
/Users/kristofer/agondev/release/lib/libc.a(mktime.o)
                              /Users/kristofer/agondev/release/lib/libc.a(time.o) (_mktime)
/Users/kristofer/agondev/release/lib/libc.a(isleap.c.o)
                              /Users/kristofer/agondev/release/lib/libc.a(mktime.o) (___isleap)
/Users/kristofer/agondev/release/lib/libc.a(mos_fputc.o)
                              /Users/kristofer/agondev/release/lib/libc.a(fputc.o) (_mos_fputc)
/Users/kristofer/agondev/release/lib/libc.a(outchar.o)
                              /Users/kristofer/agondev/release/lib/libc.a(putchar.o) (_outchar)
/Users/kristofer/agondev/release/lib/libagon.a(vdp_clear_screen.o)
                              obj/kilo.o (_vdp_clear_screen)
/Users/kristofer/agondev/release/lib/libagon.a(vdp_cursor_enable.o)
                              obj/kilo.o (_vdp_cursor_enable)
/Users/kristofer/agondev/release/lib/libagon.a(vdp_cursor_tab.o)
                              obj/kilo.o (_vdp_cursor_tab)
/Users/kristofer/agondev/release/lib/libagon.a(vdp_set_text_colour.o)
                              obj/kilo.o (_vdp_set_text_colour)
/Users/kristofer/agondev/release/lib/libcrt.a(and.o)
                              /Users/kristofer/agondev/release/lib/libc.a(nanoprintf.o) (__land)
/Users/kristofer/agondev/release/lib/libcrt.a(bshru.o)
                              /Users/kristofer/agondev/release/lib/libc.a(nanoprintf.o) (__bshru)
/Users/kristofer/agondev/release/lib/libcrt.a(crt0.o)
                              (__start)
/Users/kristofer/agondev/release/lib/libcrt.a(frameset.o)
                              obj/kilo.o (__frameset)
/Users/kristofer/agondev/release/lib/libcrt.a(frameset0.o)
                              obj/kilo.o (__frameset0)
/Users/kristofer/agondev/release/lib/libcrt.a(idivs.o)
                              obj/kilo.o (__idivs)
/Users/kristofer/agondev/release/lib/libcrt.a(idivu.o)
                              /Users/kristofer/agondev/release/lib/libc.a(fread.o) (__idivu)
/Users/kristofer/agondev/release/lib/libcrt.a(idvrms.o)
                              /Users/kristofer/agondev/release/lib/libcrt.a(idivs.o) (__idvrms)
/Users/kristofer/agondev/release/lib/libcrt.a(idvrmu.o)
                              /Users/kristofer/agondev/release/lib/libcrt.a(idivu.o) (__idvrmu)
/Users/kristofer/agondev/release/lib/libcrt.a(imulu.o)
                              obj/kilo.o (__imulu)
/Users/kristofer/agondev/release/lib/libcrt.a(inchar.o)
                              /Users/kristofer/agondev/release/lib/libc.a(fgetc.o) (_inchar)
/Users/kristofer/agondev/release/lib/libcrt.a(indcallhl.o)
                              /Users/kristofer/agondev/release/lib/libc.a(nanoprintf.o) (__indcallhl)
/Users/kristofer/agondev/release/lib/libcrt.a(ineg_sneg.o)
                              /Users/kristofer/agondev/release/lib/libcrt.a(idvrms.o) (__ineg)
/Users/kristofer/agondev/release/lib/libcrt.a(inot.o)
                              obj/kilo.o (__inot)
/Users/kristofer/agondev/release/lib/libcrt.a(irems.o)
                              obj/kilo.o (__irems)
/Users/kristofer/agondev/release/lib/libcrt.a(ishl.o)
                              obj/kilo.o (__ishl)
/Users/kristofer/agondev/release/lib/libcrt.a(ishrs.o)
                              /Users/kristofer/agondev/release/lib/libc.a(nanoprintf.o) (__ishru)
/Users/kristofer/agondev/release/lib/libcrt.a(ladd.o)
                              /Users/kristofer/agondev/release/lib/libc.a(fseek.o) (__ladd)
/Users/kristofer/agondev/release/lib/libcrt.a(lcmpu.o)
                              obj/kilo.o (__lcmpu)
/Users/kristofer/agondev/release/lib/libcrt.a(lcmpzero.o)
                              /Users/kristofer/agondev/release/lib/libc.a(nanoprintf.o) (__lcmpzero)
/Users/kristofer/agondev/release/lib/libcrt.a(ldivu.o)
                              /Users/kristofer/agondev/release/lib/libc.a(nanoprintf.o) (__ldivu)
/Users/kristofer/agondev/release/lib/libcrt.a(ldvrmu.o)
                              /Users/kristofer/agondev/release/lib/libcrt.a(ldivu.o) (__ldvrmu)
/Users/kristofer/agondev/release/lib/libcrt.a(lladd.o)
                              obj/kilo.o (__lladd)
/Users/kristofer/agondev/release/lib/libcrt.a(llcmpu.o)
                              obj/kilo.o (__llcmpu)
/Users/kristofer/agondev/release/lib/libcrt.a(lmulu.o)
                              /Users/kristofer/agondev/release/lib/libc.a(nanoprintf.o) (__lmulu)
/Users/kristofer/agondev/release/lib/libcrt.a(lneg.o)
                              /Users/kristofer/agondev/release/lib/libc.a(nanoprintf.o) (__lneg)
/Users/kristofer/agondev/release/lib/libcrt.a(lshl.o)
                              /Users/kristofer/agondev/release/lib/libc.a(nanoprintf.o) (__lshl)
/Users/kristofer/agondev/release/lib/libcrt.a(lshru.o)
                              /Users/kristofer/agondev/release/lib/libc.a(nanoprintf.o) (__lshru)
/Users/kristofer/agondev/release/lib/libcrt.a(lsub.o)
                              obj/kilo.o (__lsub)
/Users/kristofer/agondev/release/lib/libcrt.a(sand.o)
                              /Users/kristofer/agondev/release/lib/libc.a(nanoprintf.o) (__sand)
/Users/kristofer/agondev/release/lib/libcrt.a(setflag.o)
                              obj/kilo.o (__setflag)
/Users/kristofer/agondev/release/lib/libcrt.a(sshru.o)
                              /Users/kristofer/agondev/release/lib/libc.a(nanoprintf.o) (__sshru)
/Users/kristofer/agondev/release/lib/libcrt.a(xor.o)
                              /Users/kristofer/agondev/release/lib/libc.a(nanoprintf.o) (__ixor)
/Users/kristofer/agondev/release/lib/libcrt.a(lshrs.o)
                              /Users/kristofer/agondev/release/lib/libcrt.a(lshru.o) (__lshrs.hijack_lshru)
/Users/kristofer/agondev/release/lib/libfp.a(fpcmp.o)
                              /Users/kristofer/agondev/release/lib/libc.a(nanoprintf.o) (__fcmp)
/Users/kristofer/agondev/release/lib/libc.a(mos_puts.o)
                              /Users/kristofer/agondev/release/lib/libagon.a(vdp_clear_screen.o) (_mos_puts)
/Users/kristofer/agondev/release/lib/libcrt.a(lcmps.o)
                              /Users/kristofer/agondev/release/lib/libfp.a(fpcmp.o) (__lcmps)

There are no discarded input sections

Memory Configuration

Name             Origin             Length             Attributes
USERRAM          0x00040000         0x00070000         rw
*default*        0x00000000         0xffffffff

Linker script and memory map

                0x00040000                        RAM_START = 0x40000
                0x00070000                        RAM_SIZE = 0x70000
                0x00000000                        _has_exit_handler = 0x0
                0x00040000                        . = RAM_START

.init           0x00040000      0x1d4
 *(.init .init.args .init.bss .fini)
 .init          0x00040000       0xbb /Users/kristofer/agondev/release/lib/libcrt.a(crt0.o)
                0x00040040                __mos_header
                0x00040045                __start
                0x000400b8                __start._main
 .fini          0x000400bb       0xbe /Users/kristofer/agondev/release/lib/libcrt.a(crt0.o)
                0x000400bb                ___exithl
                0x000400bd                _exit
                0x0004011c                __Exit
                0x00040120                _abort
 .init.bss      0x00040179       0x11 /Users/kristofer/agondev/release/lib/libcrt.a(crt0.o)
 .init.args     0x0004018a       0x4a /Users/kristofer/agondev/release/lib/libcrt.a(crt0.o)
                0x0004018a                _parse_option
                0x0004018a                _parse_params

.text           0x000401d4     0x4e49
 *(.text)
 .text          0x000401d4     0x2a73 obj/kilo.o
                0x000401d4                _editorAtExit
                0x000401d5                _set_colours
                0x000401fe                _editorReadKey
                0x000403c9                _getCursorPosition
                0x000403d3                _getWindowSize
                0x000403f1                _is_separator
                0x00040435                _editorRowHasOpenComment
                0x000404a5                _editorUpdateSyntax
                0x00040955                _editorSyntaxToColor
                0x00040960                _editorSelectSyntaxHighlight
                0x000409c3                _editorUpdateRow
                0x00040b3a                _editorInsertRow
                0x00040c6b                _editorFreeRow
                0x00040c9e                _editorDelRow
                0x00040d6b                _editorRowsToString
                0x00040e52                _editorRowInsertChar
                0x00040f3d                _editorRowAppendString
                0x00040fa4                _editorRowDelChar
                0x00041004                _editorInsertChar
                0x000410f2                _editorInsertNewline
                0x00041231                _editorDelChar
                0x000413c8                _k_getline
                0x000414b6                _editorOpen
                0x000415be                _fatal
                0x000415d9                _editorSave
                0x00041689                _editorSetStatusMessage
                0x000416ca                _abAppend
                0x00041728                _abFree
                0x0004173a                _clrtoeol
                0x0004173b                _editorRefreshScreen
                0x00041f92                _editorFind
                0x000426d1                _editorMoveCursor
                0x000429c4                _editorProcessKeypress
                0x00042b16                _cleanup
                0x00042b32                _editorFileWasModified
                0x00042b37                _updateWindowSize
                0x00042b49                _handleSigWinCh
                0x00042b97                _initEditor
                0x00042bdd                _main
 .text          0x00042c47       0xbd /Users/kristofer/agondev/release/lib/libc.a(free.c.o)
                0x00042c47                _free
 .text          0x00042d04        0xb /Users/kristofer/agondev/release/lib/libc.a(isdigit.o)
                0x00042d04                _isdigit
 .text          0x00042d0f        0xc /Users/kristofer/agondev/release/lib/libc.a(isprint.o)
                0x00042d0f                _isprint
 .text          0x00042d1b        0xf /Users/kristofer/agondev/release/lib/libc.a(isspace.o)
                0x00042d1b                _isspace
 .text          0x00042d2a       0x9f /Users/kristofer/agondev/release/lib/libc.a(malloc.c.o)
                0x00042d2a                _malloc
 .text          0x00042dc9       0x2a /Users/kristofer/agondev/release/lib/libc.a(memcmp.o)
                0x00042dc9                _memcmp
 .text          0x00042df3       0x1c /Users/kristofer/agondev/release/lib/libc.a(memcpy.o)
                0x00042df3                _memcpy
 .text          0x00042e0f       0x2e /Users/kristofer/agondev/release/lib/libc.a(memmove.o)
                0x00042e0f                _memmove
 .text          0x00042e3d       0x17 /Users/kristofer/agondev/release/lib/libc.a(memset.o)
                0x00042e3d                _memset
 .text          0x00042e54       0x2c /Users/kristofer/agondev/release/lib/libc.a(puts.o)
                0x00042e54                _puts
 .text          0x00042e80       0x76 /Users/kristofer/agondev/release/lib/libc.a(realloc.c.o)
                0x00042e80                _realloc
 .text          0x00042ef6       0x28 /Users/kristofer/agondev/release/lib/libc.a(sbrk.o)
                0x00042ef6                _sbrk
 .text          0x00042f1e       0x1d /Users/kristofer/agondev/release/lib/libc.a(strchr.o)
                0x00042f1e                _strchr
 .text          0x00042f3b       0x15 /Users/kristofer/agondev/release/lib/libc.a(strlen.o)
                0x00042f3b                _strlen
 .text          0x00042f50       0x28 /Users/kristofer/agondev/release/lib/libc.a(strstr.o)
                0x00042f50                _strstr
 .text          0x00042f78        0x0 /Users/kristofer/agondev/release/lib/libc.a(errno.o)
 .text          0x00042f78       0x44 /Users/kristofer/agondev/release/lib/libc.a(fclose.o)
                0x00042f78                _fclose
 .text          0x00042fbc       0x10 /Users/kristofer/agondev/release/lib/libc.a(fflush.o)
                0x00042fbc                _fflush
 .text          0x00042fcc       0xdf /Users/kristofer/agondev/release/lib/libc.a(fgetc.o)
                0x00042fcc                _fgetc
 .text          0x000430ab       0x52 /Users/kristofer/agondev/release/lib/libc.a(files.o)
                0x000430ab                __stdio_init
 .text          0x000430fd      0x12c /Users/kristofer/agondev/release/lib/libc.a(fopen.o)
                0x000430fd                _fopen
                0x000431be                ___fmodeflags
 .text          0x00043229       0xcc /Users/kristofer/agondev/release/lib/libc.a(fread.o)
                0x00043229                _fread
 .text          0x000432f5       0xa9 /Users/kristofer/agondev/release/lib/libc.a(fseek.o)
                0x000432f5                _fseek
 .text          0x0004339e       0xd4 /Users/kristofer/agondev/release/lib/libc.a(fwrite.o)
                0x0004339e                _fwrite
 .text          0x00043472     0x13b8 /Users/kristofer/agondev/release/lib/libc.a(nanoprintf.o)
                0x00043472                _npf_vpprintf
                0x000445b3                _npf_pprintf
                0x000445db                _npf_snprintf
                0x00044603                _npf_vsnprintf
                0x000446b0                _vprintf
                0x000446e0                _printf
                0x000446ff                _fprintf
                0x00044722                _vfprintf
                0x00044757                _vsnprintf
                0x000447ba                _snprintf
                0x000447e2                _vsprintf
                0x00044801                _sprintf
 .text          0x0004482a       0x6d /Users/kristofer/agondev/release/lib/libc.a(time.o)
                0x0004482a                _time
 .text          0x00044897       0x3d /Users/kristofer/agondev/release/lib/libc.a(ungetc.o)
                0x00044897                _ungetc
 .text          0x000448d4       0x15 /Users/kristofer/agondev/release/lib/libc.a(mos_fclose.o)
                0x000448d4                _mos_fclose
 .text          0x000448e9       0x15 /Users/kristofer/agondev/release/lib/libc.a(mos_fgetc.o)
                0x000448e9                _mos_fgetc
 .text          0x000448fe       0x1f /Users/kristofer/agondev/release/lib/libc.a(mos_flseek.o)
                0x000448fe                _mos_flseek
 .text          0x0004491d       0x18 /Users/kristofer/agondev/release/lib/libc.a(mos_fopen.o)
                0x0004491d                _mos_fopen
 .text          0x00044935       0x1c /Users/kristofer/agondev/release/lib/libc.a(mos_fread.o)
                0x00044935                _mos_fread
 .text          0x00044951       0x1c /Users/kristofer/agondev/release/lib/libc.a(mos_fwrite.o)
                0x00044951                _mos_fwrite
 .text          0x0004496d       0x15 /Users/kristofer/agondev/release/lib/libc.a(mos_getfil.o)
                0x0004496d                _mos_getfil
 .text          0x00044982       0x15 /Users/kristofer/agondev/release/lib/libc.a(mos_getrtc.o)
                0x00044982                _mos_getrtc
 .text          0x00044997        0xc /Users/kristofer/agondev/release/lib/libc.a(mos_getsysvar_rtc.o)
                0x00044997                _getsysvar_rtc
 .text          0x000449a3       0x2f /Users/kristofer/agondev/release/lib/libc.a(putchar.o)
                0x000449a3                _putchar
 .text          0x000449d2       0xb7 /Users/kristofer/agondev/release/lib/libc.a(fputc.o)
                0x000449d2                _fputc
                0x00044a62                _fput_char
 .text          0x00044a89      0x171 /Users/kristofer/agondev/release/lib/libc.a(mktime.o)
                0x00044a89                _mktime
 .text          0x00044bfa       0x3a /Users/kristofer/agondev/release/lib/libc.a(isleap.c.o)
                0x00044bfa                ___isleap
 .text          0x00044c34       0x18 /Users/kristofer/agondev/release/lib/libc.a(mos_fputc.o)
                0x00044c34                _mos_fputc
 .text          0x00044c4c        0x7 /Users/kristofer/agondev/release/lib/libc.a(outchar.o)
                0x00044c4c                _outchar
 .text          0x00044c53       0x17 /Users/kristofer/agondev/release/lib/libagon.a(vdp_clear_screen.o)
                0x00044c53                _vdp_clear_screen
 .text          0x00044c6a       0x25 /Users/kristofer/agondev/release/lib/libagon.a(vdp_cursor_enable.o)
                0x00044c6a                _vdp_cursor_enable
 .text          0x00044c8f       0x2a /Users/kristofer/agondev/release/lib/libagon.a(vdp_cursor_tab.o)
                0x00044c8f                _vdp_cursor_tab
 .text          0x00044cb9       0x23 /Users/kristofer/agondev/release/lib/libagon.a(vdp_set_text_colour.o)
                0x00044cb9                _vdp_set_text_colour
 .text          0x00044cdc       0x1c /Users/kristofer/agondev/release/lib/libcrt.a(and.o)
                0x00044cdc                __land
                0x00044ce1                __iand
                0x00044ce2                __iand.hijack_land
 .text          0x00044cf8        0xa /Users/kristofer/agondev/release/lib/libcrt.a(bshru.o)
                0x00044cf8                __bshru
 .text          0x00044d02       0x2c /Users/kristofer/agondev/release/lib/libcrt.a(crt0.o)
                0x00044d02                _atexit
                0x00044d02                _on_exit
 .text          0x00044d2e        0xe /Users/kristofer/agondev/release/lib/libcrt.a(frameset.o)
                0x00044d2e                __frameset
 .text          0x00044d3c        0xb /Users/kristofer/agondev/release/lib/libcrt.a(frameset0.o)
                0x00044d3c                __frameset0
 .text          0x00044d47        0x7 /Users/kristofer/agondev/release/lib/libcrt.a(idivs.o)
                0x00044d47                __idivs
 .text          0x00044d4e        0x8 /Users/kristofer/agondev/release/lib/libcrt.a(idivu.o)
                0x00044d4e                __idivu
 .text          0x00044d56       0x2e /Users/kristofer/agondev/release/lib/libcrt.a(idvrms.o)
                0x00044d56                __idvrms
 .text          0x00044d84       0x18 /Users/kristofer/agondev/release/lib/libcrt.a(idvrmu.o)
                0x00044d84                __idvrmu
                0x00044d88                __idvrmu.hijack_a_iters_ude_dividend
 .text          0x00044d9c       0x30 /Users/kristofer/agondev/release/lib/libcrt.a(imulu.o)
                0x00044d9c                __imuls
                0x00044d9c                __imulu
 .text          0x00044dcc        0x7 /Users/kristofer/agondev/release/lib/libcrt.a(inchar.o)
                0x00044dcc                _inchar
 .text          0x00044dd3        0x1 /Users/kristofer/agondev/release/lib/libcrt.a(indcallhl.o)
                0x00044dd3                __indcallhl
 .text          0x00044dd4        0x9 /Users/kristofer/agondev/release/lib/libcrt.a(ineg_sneg.o)
                0x00044dd4                __ineg
                0x00044dd4                __sneg
 .text          0x00044ddd        0xa /Users/kristofer/agondev/release/lib/libcrt.a(inot.o)
                0x00044ddd                __inot
 .text          0x00044de7        0x8 /Users/kristofer/agondev/release/lib/libcrt.a(irems.o)
                0x00044de7                __irems
 .text          0x00044def       0x26 /Users/kristofer/agondev/release/lib/libcrt.a(ishl.o)
                0x00044def                __sshl
                0x00044def                __ishl
 .text          0x00044e15       0x41 /Users/kristofer/agondev/release/lib/libcrt.a(ishrs.o)
                0x00044e15                __ishru
                0x00044e1a                __ishrs
 .text          0x00044e56        0x6 /Users/kristofer/agondev/release/lib/libcrt.a(ladd.o)
                0x00044e56                __ladd
 .text          0x00044e5c        0x8 /Users/kristofer/agondev/release/lib/libcrt.a(lcmpu.o)
                0x00044e5c                __lcmpu
 .text          0x00044e64        0xb /Users/kristofer/agondev/release/lib/libcrt.a(lcmpzero.o)
                0x00044e64                __lcmpzero
 .text          0x00044e6f        0xa /Users/kristofer/agondev/release/lib/libcrt.a(ldivu.o)
                0x00044e6f                __ldivu
 .text          0x00044e79       0x28 /Users/kristofer/agondev/release/lib/libcrt.a(ldvrmu.o)
                0x00044e79                __ldvrmu
 .text          0x00044ea1       0x24 /Users/kristofer/agondev/release/lib/libcrt.a(lladd.o)
                0x00044ea1                __lladd
 .text          0x00044ec5       0x2a /Users/kristofer/agondev/release/lib/libcrt.a(llcmpu.o)
                0x00044ec5                __llcmpu
 .text          0x00044eef       0x5c /Users/kristofer/agondev/release/lib/libcrt.a(lmulu.o)
                0x00044eef                __lmuls
                0x00044eef                __lmulu
 .text          0x00044f4b        0xd /Users/kristofer/agondev/release/lib/libcrt.a(lneg.o)
                0x00044f4b                __lneg
 .text          0x00044f58        0xd /Users/kristofer/agondev/release/lib/libcrt.a(lshl.o)
                0x00044f58                __lshl
 .text          0x00044f65       0x10 /Users/kristofer/agondev/release/lib/libcrt.a(lshru.o)
                0x00044f65                __lshru
 .text          0x00044f75        0xa /Users/kristofer/agondev/release/lib/libcrt.a(lsub.o)
                0x00044f75                __lsub
 .text          0x00044f7f        0x9 /Users/kristofer/agondev/release/lib/libcrt.a(sand.o)
                0x00044f7f                __sand
 .text          0x00044f88        0xf /Users/kristofer/agondev/release/lib/libcrt.a(setflag.o)
                0x00044f88                __setflag
 .text          0x00044f97        0xd /Users/kristofer/agondev/release/lib/libcrt.a(sshru.o)
                0x00044f97                __sshru
 .text          0x00044fa4       0x1b /Users/kristofer/agondev/release/lib/libcrt.a(xor.o)
                0x00044fa4                __lxor
                0x00044fa8                __ixor
 .text          0x00044fbf       0x1b /Users/kristofer/agondev/release/lib/libcrt.a(lshrs.o)
                0x00044fbf                __lshrs
                0x00044fcb                __lshrs.hijack_lshru
 .text          0x00044fda       0x1d /Users/kristofer/agondev/release/lib/libfp.a(fpcmp.o)
                0x00044fda                __fcmp
 .text          0x00044ff7       0x19 /Users/kristofer/agondev/release/lib/libc.a(mos_puts.o)
                0x00044ff7                _mos_puts
 .text          0x00045010        0xd /Users/kristofer/agondev/release/lib/libcrt.a(lcmps.o)
                0x00045010                __lcmps

.init_array     0x0004501d        0x0
 *(.init_array)
 .init_array    0x0004501d        0x0 /Users/kristofer/agondev/release/lib/libcrt.a(crt0.o)

.ctors          0x0004501d        0x0
 *(.ctors)
 .ctors         0x0004501d        0x0 /Users/kristofer/agondev/release/lib/libcrt.a(crt0.o)

.dtors          0x0004501d        0x0
 *(.dtors)
 .dtors         0x0004501d        0x0 /Users/kristofer/agondev/release/lib/libcrt.a(crt0.o)

.comment        0x00000000      0xa0b
 .comment       0x00000000       0x71 obj/kilo.o
 .comment       0x00000071       0x6a /Users/kristofer/agondev/release/lib/libc.a(free.c.o)
 .comment       0x000000db       0x6a /Users/kristofer/agondev/release/lib/libc.a(malloc.c.o)
 .comment       0x00000145       0x6a /Users/kristofer/agondev/release/lib/libc.a(realloc.c.o)
 .comment       0x000001af       0x71 /Users/kristofer/agondev/release/lib/libc.a(errno.o)
 .comment       0x00000220       0x71 /Users/kristofer/agondev/release/lib/libc.a(fclose.o)
 .comment       0x00000291       0x71 /Users/kristofer/agondev/release/lib/libc.a(fflush.o)
 .comment       0x00000302       0x71 /Users/kristofer/agondev/release/lib/libc.a(fgetc.o)
 .comment       0x00000373       0x71 /Users/kristofer/agondev/release/lib/libc.a(files.o)
 .comment       0x000003e4       0x71 /Users/kristofer/agondev/release/lib/libc.a(fopen.o)
 .comment       0x00000455       0x71 /Users/kristofer/agondev/release/lib/libc.a(fread.o)
 .comment       0x000004c6       0x71 /Users/kristofer/agondev/release/lib/libc.a(fseek.o)
 .comment       0x00000537       0x71 /Users/kristofer/agondev/release/lib/libc.a(fwrite.o)
 .comment       0x000005a8       0x71 /Users/kristofer/agondev/release/lib/libc.a(nanoprintf.o)
 .comment       0x00000619       0x71 /Users/kristofer/agondev/release/lib/libc.a(time.o)
 .comment       0x0000068a       0x71 /Users/kristofer/agondev/release/lib/libc.a(ungetc.o)
 .comment       0x000006fb       0x71 /Users/kristofer/agondev/release/lib/libc.a(fputc.o)
 .comment       0x0000076c       0x71 /Users/kristofer/agondev/release/lib/libc.a(mktime.o)
 .comment       0x000007dd       0x6a /Users/kristofer/agondev/release/lib/libc.a(isleap.c.o)
 .comment       0x00000847       0x71 /Users/kristofer/agondev/release/lib/libagon.a(vdp_clear_screen.o)
 .comment       0x000008b8       0x71 /Users/kristofer/agondev/release/lib/libagon.a(vdp_cursor_enable.o)
 .comment       0x00000929       0x71 /Users/kristofer/agondev/release/lib/libagon.a(vdp_cursor_tab.o)
 .comment       0x0000099a       0x71 /Users/kristofer/agondev/release/lib/libagon.a(vdp_set_text_colour.o)

.fini_array     0x0004501d        0x0
 *(.fini_array)
 .fini_array    0x0004501d        0x0 /Users/kristofer/agondev/release/lib/libcrt.a(crt0.o)

.rodata         0x0004501d      0x527
 *(.rodata)
 .rodata        0x0004501d      0x43f obj/kilo.o
 .rodata        0x0004545c        0x9 /Users/kristofer/agondev/release/lib/libc.a(puts.o)
                0x0004545c                ___null_literal_str
                0x00045463                ___end_of_line_str
 .rodata        0x00045465        0x4 /Users/kristofer/agondev/release/lib/libc.a(fopen.o)
 .rodata        0x00045469       0xab /Users/kristofer/agondev/release/lib/libc.a(nanoprintf.o)
 .rodata        0x00045514       0x24 /Users/kristofer/agondev/release/lib/libc.a(mktime.o)
 .rodata        0x00045538        0xc /Users/kristofer/agondev/release/lib/libcrt.a(crt0.o)

.data           0x00045544      0x16d
 *(.data)
 .data          0x00045544      0x11c obj/kilo.o
                0x00045544                _C_HL_extensions
                0x00045556                _C_HL_keywords
                0x0004564c                _HLDB
 .data          0x00045660        0x0 /Users/kristofer/agondev/release/lib/libc.a(free.c.o)
 .data          0x00045660        0x0 /Users/kristofer/agondev/release/lib/libc.a(isdigit.o)
 .data          0x00045660        0x0 /Users/kristofer/agondev/release/lib/libc.a(isprint.o)
 .data          0x00045660        0x0 /Users/kristofer/agondev/release/lib/libc.a(isspace.o)
 .data          0x00045660        0x0 /Users/kristofer/agondev/release/lib/libc.a(malloc.c.o)
 .data          0x00045660        0x0 /Users/kristofer/agondev/release/lib/libc.a(memcmp.o)
 .data          0x00045660        0x0 /Users/kristofer/agondev/release/lib/libc.a(memcpy.o)
 .data          0x00045660        0x0 /Users/kristofer/agondev/release/lib/libc.a(memmove.o)
 .data          0x00045660        0x0 /Users/kristofer/agondev/release/lib/libc.a(memset.o)
 .data          0x00045660        0x0 /Users/kristofer/agondev/release/lib/libc.a(puts.o)
 .data          0x00045660        0x0 /Users/kristofer/agondev/release/lib/libc.a(realloc.c.o)
 .data          0x00045660        0x3 /Users/kristofer/agondev/release/lib/libc.a(sbrk.o)
                0x00045660                __sbrkbase
 .data          0x00045663        0x0 /Users/kristofer/agondev/release/lib/libc.a(strchr.o)
 .data          0x00045663        0x0 /Users/kristofer/agondev/release/lib/libc.a(strlen.o)
 .data          0x00045663        0x0 /Users/kristofer/agondev/release/lib/libc.a(strstr.o)
 .data          0x00045663        0x0 /Users/kristofer/agondev/release/lib/libc.a(errno.o)
 .data          0x00045663        0x0 /Users/kristofer/agondev/release/lib/libc.a(fclose.o)
 .data          0x00045663        0x0 /Users/kristofer/agondev/release/lib/libc.a(fflush.o)
 .data          0x00045663        0x0 /Users/kristofer/agondev/release/lib/libc.a(fgetc.o)
 .data          0x00045663        0xf /Users/kristofer/agondev/release/lib/libc.a(files.o)
                0x00045663                _stdin
                0x00045668                _stdout
                0x0004566d                _stderr
 .data          0x00045672        0x0 /Users/kristofer/agondev/release/lib/libc.a(fopen.o)
 .data          0x00045672        0x0 /Users/kristofer/agondev/release/lib/libc.a(fread.o)
 .data          0x00045672        0x0 /Users/kristofer/agondev/release/lib/libc.a(fseek.o)
 .data          0x00045672        0x0 /Users/kristofer/agondev/release/lib/libc.a(fwrite.o)
 .data          0x00045672        0x0 /Users/kristofer/agondev/release/lib/libc.a(nanoprintf.o)
 .data          0x00045672        0x0 /Users/kristofer/agondev/release/lib/libc.a(time.o)
 .data          0x00045672        0x0 /Users/kristofer/agondev/release/lib/libc.a(ungetc.o)
 .data          0x00045672        0x0 /Users/kristofer/agondev/release/lib/libc.a(mos_fclose.o)
 .data          0x00045672        0x0 /Users/kristofer/agondev/release/lib/libc.a(mos_fgetc.o)
 .data          0x00045672        0x0 /Users/kristofer/agondev/release/lib/libc.a(mos_flseek.o)
 .data          0x00045672        0x0 /Users/kristofer/agondev/release/lib/libc.a(mos_fopen.o)
 .data          0x00045672        0x0 /Users/kristofer/agondev/release/lib/libc.a(mos_fread.o)
 .data          0x00045672        0x0 /Users/kristofer/agondev/release/lib/libc.a(mos_fwrite.o)
 .data          0x00045672        0x0 /Users/kristofer/agondev/release/lib/libc.a(mos_getfil.o)
 .data          0x00045672        0x0 /Users/kristofer/agondev/release/lib/libc.a(mos_getrtc.o)
 .data          0x00045672        0x0 /Users/kristofer/agondev/release/lib/libc.a(mos_getsysvar_rtc.o)
 .data          0x00045672        0x0 /Users/kristofer/agondev/release/lib/libc.a(putchar.o)
 .data          0x00045672        0x0 /Users/kristofer/agondev/release/lib/libc.a(fputc.o)
 .data          0x00045672        0x0 /Users/kristofer/agondev/release/lib/libc.a(mktime.o)
 .data          0x00045672        0x0 /Users/kristofer/agondev/release/lib/libc.a(isleap.c.o)
 .data          0x00045672        0x0 /Users/kristofer/agondev/release/lib/libc.a(mos_fputc.o)
 .data          0x00045672        0x0 /Users/kristofer/agondev/release/lib/libc.a(outchar.o)
 .data          0x00045672        0x1 /Users/kristofer/agondev/release/lib/libagon.a(vdp_clear_screen.o)
 .data          0x00045673        0x3 /Users/kristofer/agondev/release/lib/libagon.a(vdp_cursor_enable.o)
 .data          0x00045676        0x3 /Users/kristofer/agondev/release/lib/libagon.a(vdp_cursor_tab.o)
 .data          0x00045679        0x2 /Users/kristofer/agondev/release/lib/libagon.a(vdp_set_text_colour.o)
 .data          0x0004567b        0x0 /Users/kristofer/agondev/release/lib/libcrt.a(and.o)
 .data          0x0004567b        0x0 /Users/kristofer/agondev/release/lib/libcrt.a(bshru.o)
 .data          0x0004567b       0x36 /Users/kristofer/agondev/release/lib/libcrt.a(crt0.o)
                0x000456ae                _exit.sp
 .data          0x000456b1        0x0 /Users/kristofer/agondev/release/lib/libcrt.a(frameset.o)
 .data          0x000456b1        0x0 /Users/kristofer/agondev/release/lib/libcrt.a(frameset0.o)
 .data          0x000456b1        0x0 /Users/kristofer/agondev/release/lib/libcrt.a(idivs.o)
 .data          0x000456b1        0x0 /Users/kristofer/agondev/release/lib/libcrt.a(idivu.o)
 .data          0x000456b1        0x0 /Users/kristofer/agondev/release/lib/libcrt.a(idvrms.o)
 .data          0x000456b1        0x0 /Users/kristofer/agondev/release/lib/libcrt.a(idvrmu.o)
 .data          0x000456b1        0x0 /Users/kristofer/agondev/release/lib/libcrt.a(imulu.o)
 .data          0x000456b1        0x0 /Users/kristofer/agondev/release/lib/libcrt.a(inchar.o)
 .data          0x000456b1        0x0 /Users/kristofer/agondev/release/lib/libcrt.a(indcallhl.o)
 .data          0x000456b1        0x0 /Users/kristofer/agondev/release/lib/libcrt.a(ineg_sneg.o)
 .data          0x000456b1        0x0 /Users/kristofer/agondev/release/lib/libcrt.a(inot.o)
 .data          0x000456b1        0x0 /Users/kristofer/agondev/release/lib/libcrt.a(irems.o)
 .data          0x000456b1        0x0 /Users/kristofer/agondev/release/lib/libcrt.a(ishl.o)
 .data          0x000456b1        0x0 /Users/kristofer/agondev/release/lib/libcrt.a(ishrs.o)
 .data          0x000456b1        0x0 /Users/kristofer/agondev/release/lib/libcrt.a(ladd.o)
 .data          0x000456b1        0x0 /Users/kristofer/agondev/release/lib/libcrt.a(lcmpu.o)
 .data          0x000456b1        0x0 /Users/kristofer/agondev/release/lib/libcrt.a(lcmpzero.o)
 .data          0x000456b1        0x0 /Users/kristofer/agondev/release/lib/libcrt.a(ldivu.o)
 .data          0x000456b1        0x0 /Users/kristofer/agondev/release/lib/libcrt.a(ldvrmu.o)
 .data          0x000456b1        0x0 /Users/kristofer/agondev/release/lib/libcrt.a(lladd.o)
 .data          0x000456b1        0x0 /Users/kristofer/agondev/release/lib/libcrt.a(llcmpu.o)
 .data          0x000456b1        0x0 /Users/kristofer/agondev/release/lib/libcrt.a(lmulu.o)
 .data          0x000456b1        0x0 /Users/kristofer/agondev/release/lib/libcrt.a(lneg.o)
 .data          0x000456b1        0x0 /Users/kristofer/agondev/release/lib/libcrt.a(lshl.o)
 .data          0x000456b1        0x0 /Users/kristofer/agondev/release/lib/libcrt.a(lshru.o)
 .data          0x000456b1        0x0 /Users/kristofer/agondev/release/lib/libcrt.a(lsub.o)
 .data          0x000456b1        0x0 /Users/kristofer/agondev/release/lib/libcrt.a(sand.o)
 .data          0x000456b1        0x0 /Users/kristofer/agondev/release/lib/libcrt.a(setflag.o)
 .data          0x000456b1        0x0 /Users/kristofer/agondev/release/lib/libcrt.a(sshru.o)
 .data          0x000456b1        0x0 /Users/kristofer/agondev/release/lib/libcrt.a(xor.o)
 .data          0x000456b1        0x0 /Users/kristofer/agondev/release/lib/libcrt.a(lshrs.o)
 .data          0x000456b1        0x0 /Users/kristofer/agondev/release/lib/libfp.a(fpcmp.o)
 .data          0x000456b1        0x0 /Users/kristofer/agondev/release/lib/libc.a(mos_puts.o)
 .data          0x000456b1        0x0 /Users/kristofer/agondev/release/lib/libcrt.a(lcmps.o)

.bss            0x000456b1       0xca
                0x000456b1                        bss_start = .
 *(.bss .bss*)
 .bss           0x000456b1       0x78 obj/kilo.o
 .bss           0x00045729        0x0 /Users/kristofer/agondev/release/lib/libc.a(free.c.o)
 .bss           0x00045729        0x0 /Users/kristofer/agondev/release/lib/libc.a(isdigit.o)
 .bss           0x00045729        0x0 /Users/kristofer/agondev/release/lib/libc.a(isprint.o)
 .bss           0x00045729        0x0 /Users/kristofer/agondev/release/lib/libc.a(isspace.o)
 .bss           0x00045729        0x6 /Users/kristofer/agondev/release/lib/libc.a(malloc.c.o)
                0x00045729                __alloc_base
 .bss           0x0004572f        0x0 /Users/kristofer/agondev/release/lib/libc.a(memcmp.o)
 .bss           0x0004572f        0x0 /Users/kristofer/agondev/release/lib/libc.a(memcpy.o)
 .bss           0x0004572f        0x0 /Users/kristofer/agondev/release/lib/libc.a(memmove.o)
 .bss           0x0004572f        0x0 /Users/kristofer/agondev/release/lib/libc.a(memset.o)
 .bss           0x0004572f        0x0 /Users/kristofer/agondev/release/lib/libc.a(puts.o)
 .bss           0x0004572f        0x0 /Users/kristofer/agondev/release/lib/libc.a(realloc.c.o)
 .bss           0x0004572f        0x0 /Users/kristofer/agondev/release/lib/libc.a(sbrk.o)
 .bss           0x0004572f        0x0 /Users/kristofer/agondev/release/lib/libc.a(strchr.o)
 .bss           0x0004572f        0x0 /Users/kristofer/agondev/release/lib/libc.a(strlen.o)
 .bss           0x0004572f        0x0 /Users/kristofer/agondev/release/lib/libc.a(strstr.o)
 .bss           0x0004572f        0x3 /Users/kristofer/agondev/release/lib/libc.a(errno.o)
                0x0004572f                _errno
 .bss           0x00045732        0x0 /Users/kristofer/agondev/release/lib/libc.a(fclose.o)
 .bss           0x00045732        0x0 /Users/kristofer/agondev/release/lib/libc.a(fflush.o)
 .bss           0x00045732        0x0 /Users/kristofer/agondev/release/lib/libc.a(fgetc.o)
 .bss           0x00045732       0x28 /Users/kristofer/agondev/release/lib/libc.a(files.o)
                0x00045732                __file_streams
 .bss           0x0004575a        0x0 /Users/kristofer/agondev/release/lib/libc.a(fopen.o)
 .bss           0x0004575a        0x0 /Users/kristofer/agondev/release/lib/libc.a(fread.o)
 .bss           0x0004575a        0x0 /Users/kristofer/agondev/release/lib/libc.a(fseek.o)
 .bss           0x0004575a        0x0 /Users/kristofer/agondev/release/lib/libc.a(fwrite.o)
 .bss           0x0004575a        0x0 /Users/kristofer/agondev/release/lib/libc.a(nanoprintf.o)
 .bss           0x0004575a       0x21 /Users/kristofer/agondev/release/lib/libc.a(time.o)
 .bss           0x0004577b        0x0 /Users/kristofer/agondev/release/lib/libc.a(ungetc.o)
 .bss           0x0004577b        0x0 /Users/kristofer/agondev/release/lib/libc.a(mos_fclose.o)
 .bss           0x0004577b        0x0 /Users/kristofer/agondev/release/lib/libc.a(mos_fgetc.o)
 .bss           0x0004577b        0x0 /Users/kristofer/agondev/release/lib/libc.a(mos_flseek.o)
 .bss           0x0004577b        0x0 /Users/kristofer/agondev/release/lib/libc.a(mos_fopen.o)
 .bss           0x0004577b        0x0 /Users/kristofer/agondev/release/lib/libc.a(mos_fread.o)
 .bss           0x0004577b        0x0 /Users/kristofer/agondev/release/lib/libc.a(mos_fwrite.o)
 .bss           0x0004577b        0x0 /Users/kristofer/agondev/release/lib/libc.a(mos_getfil.o)
 .bss           0x0004577b        0x0 /Users/kristofer/agondev/release/lib/libc.a(mos_getrtc.o)
 .bss           0x0004577b        0x0 /Users/kristofer/agondev/release/lib/libc.a(mos_getsysvar_rtc.o)
 .bss           0x0004577b        0x0 /Users/kristofer/agondev/release/lib/libc.a(putchar.o)
 .bss           0x0004577b        0x0 /Users/kristofer/agondev/release/lib/libc.a(fputc.o)
 .bss           0x0004577b        0x0 /Users/kristofer/agondev/release/lib/libc.a(mktime.o)
 .bss           0x0004577b        0x0 /Users/kristofer/agondev/release/lib/libc.a(isleap.c.o)
 .bss           0x0004577b        0x0 /Users/kristofer/agondev/release/lib/libc.a(mos_fputc.o)
 .bss           0x0004577b        0x0 /Users/kristofer/agondev/release/lib/libc.a(outchar.o)
 .bss           0x0004577b        0x0 /Users/kristofer/agondev/release/lib/libagon.a(vdp_clear_screen.o)
 .bss           0x0004577b        0x0 /Users/kristofer/agondev/release/lib/libagon.a(vdp_cursor_enable.o)
 .bss           0x0004577b        0x0 /Users/kristofer/agondev/release/lib/libagon.a(vdp_cursor_tab.o)
 .bss           0x0004577b        0x0 /Users/kristofer/agondev/release/lib/libagon.a(vdp_set_text_colour.o)
 .bss           0x0004577b        0x0 /Users/kristofer/agondev/release/lib/libcrt.a(and.o)
 .bss           0x0004577b        0x0 /Users/kristofer/agondev/release/lib/libcrt.a(bshru.o)
 .bss           0x0004577b        0x0 /Users/kristofer/agondev/release/lib/libcrt.a(crt0.o)
 .bss           0x0004577b        0x0 /Users/kristofer/agondev/release/lib/libcrt.a(frameset.o)
 .bss           0x0004577b        0x0 /Users/kristofer/agondev/release/lib/libcrt.a(frameset0.o)
 .bss           0x0004577b        0x0 /Users/kristofer/agondev/release/lib/libcrt.a(idivs.o)
 .bss           0x0004577b        0x0 /Users/kristofer/agondev/release/lib/libcrt.a(idivu.o)
 .bss           0x0004577b        0x0 /Users/kristofer/agondev/release/lib/libcrt.a(idvrms.o)
 .bss           0x0004577b        0x0 /Users/kristofer/agondev/release/lib/libcrt.a(idvrmu.o)
 .bss           0x0004577b        0x0 /Users/kristofer/agondev/release/lib/libcrt.a(imulu.o)
 .bss           0x0004577b        0x0 /Users/kristofer/agondev/release/lib/libcrt.a(inchar.o)
 .bss           0x0004577b        0x0 /Users/kristofer/agondev/release/lib/libcrt.a(indcallhl.o)
 .bss           0x0004577b        0x0 /Users/kristofer/agondev/release/lib/libcrt.a(ineg_sneg.o)
 .bss           0x0004577b        0x0 /Users/kristofer/agondev/release/lib/libcrt.a(inot.o)
 .bss           0x0004577b        0x0 /Users/kristofer/agondev/release/lib/libcrt.a(irems.o)
 .bss           0x0004577b        0x0 /Users/kristofer/agondev/release/lib/libcrt.a(ishl.o)
 .bss           0x0004577b        0x0 /Users/kristofer/agondev/release/lib/libcrt.a(ishrs.o)
 .bss           0x0004577b        0x0 /Users/kristofer/agondev/release/lib/libcrt.a(ladd.o)
 .bss           0x0004577b        0x0 /Users/kristofer/agondev/release/lib/libcrt.a(lcmpu.o)
 .bss           0x0004577b        0x0 /Users/kristofer/agondev/release/lib/libcrt.a(lcmpzero.o)
 .bss           0x0004577b        0x0 /Users/kristofer/agondev/release/lib/libcrt.a(ldivu.o)
 .bss           0x0004577b        0x0 /Users/kristofer/agondev/release/lib/libcrt.a(ldvrmu.o)
 .bss           0x0004577b        0x0 /Users/kristofer/agondev/release/lib/libcrt.a(lladd.o)
 .bss           0x0004577b        0x0 /Users/kristofer/agondev/release/lib/libcrt.a(llcmpu.o)
 .bss           0x0004577b        0x0 /Users/kristofer/agondev/release/lib/libcrt.a(lmulu.o)
 .bss           0x0004577b        0x0 /Users/kristofer/agondev/release/lib/libcrt.a(lneg.o)
 .bss           0x0004577b        0x0 /Users/kristofer/agondev/release/lib/libcrt.a(lshl.o)
 .bss           0x0004577b        0x0 /Users/kristofer/agondev/release/lib/libcrt.a(lshru.o)
 .bss           0x0004577b        0x0 /Users/kristofer/agondev/release/lib/libcrt.a(lsub.o)
 .bss           0x0004577b        0x0 /Users/kristofer/agondev/release/lib/libcrt.a(sand.o)
 .bss           0x0004577b        0x0 /Users/kristofer/agondev/release/lib/libcrt.a(setflag.o)
 .bss           0x0004577b        0x0 /Users/kristofer/agondev/release/lib/libcrt.a(sshru.o)
 .bss           0x0004577b        0x0 /Users/kristofer/agondev/release/lib/libcrt.a(xor.o)
 .bss           0x0004577b        0x0 /Users/kristofer/agondev/release/lib/libcrt.a(lshrs.o)
 .bss           0x0004577b        0x0 /Users/kristofer/agondev/release/lib/libfp.a(fpcmp.o)
 .bss           0x0004577b        0x0 /Users/kristofer/agondev/release/lib/libc.a(mos_puts.o)
 .bss           0x0004577b        0x0 /Users/kristofer/agondev/release/lib/libcrt.a(lcmps.o)
                0x0004577b                        bss_end = .
                0x000b0000                        __stack = (RAM_START + RAM_SIZE)
                0x000456b1                        ___low_bss = bss_start
                0x000000ca                        ___len_bss = SIZEOF (.bss)
                0x0004577b                        ___heapbot = bss_end
                0x000b0000                        ___heaptop = (RAM_START + RAM_SIZE)
                0x00000001                        ___run_clearbss = (___len_bss > 0x0)
                0x00000000                        ___init_array_count = (SIZEOF (.init_array) / 0x3)
                0x00000000                        ___ctors_count = (SIZEOF (.ctors) / 0x3)
                0x00000000                        ___dtors_count = (SIZEOF (.dtors) / 0x3)
                0x00000000                        ___fini_array_count = (SIZEOF (.fini_array) / 0x3)
                0x00000000                        ___init_count = (___init_array_count + ___ctors_count)
                0x00000000                        ___fini_count = (___dtors_count + ___fini_array_count)
                0x00000000                        ___run_init = (___init_count > 0x0)
                0x00000000                        ___run_fini = (___fini_count > 0x0)
                0x00000100                        ___init_count_a = ((((___init_count - 0x1) >> 0x10) & 0xff) + 0x1)
                0x00000100                        ___init_count_b = (((___init_count - 0x1) & 0xff) + 0x1)
                0x00000100                        ___init_count_c = ((((___init_count - 0x1) >> 0x8) & 0xff) + 0x1)
                0x00000100                        ___fini_count_a = ((((___fini_count - 0x1) >> 0x10) & 0xff) + 0x1)
                0x00000100                        ___fini_count_b = (((___fini_count - 0x1) & 0xff) + 0x1)
                0x00000100                        ___fini_count_c = ((((___fini_count - 0x1) >> 0x8) & 0xff) + 0x1)
                0x0004501d                        ___init_array_functions = (SIZEOF (.init_array) + ADDR (.init_array))
                0x0004501d                        ___init_ctors_functions = (SIZEOF (.ctors) + ADDR (.ctors))
                0x0004501d                        ___fini_dtors_functions = (SIZEOF (.dtors) + ADDR (.dtors))
                0x0004501d                        ___fini_array_functions = (SIZEOF (.fini_array) + ADDR (.fini_array))
LOAD obj/kilo.o
START GROUP
LOAD /Users/kristofer/agondev/release/lib/libc.a
LOAD /Users/kristofer/agondev/release/lib/libagon.a
LOAD /Users/kristofer/agondev/release/lib/libcrt.a
LOAD /Users/kristofer/agondev/release/lib/libfp.a
END GROUP
OUTPUT(bin/kilo.c.bin binary)
