Archive member included to satisfy reference by file (symbol)

/Users/kristofer/agondev/release/lib/libc.a(puts.o)
                              obj/main.o (_puts)
/Users/kristofer/agondev/release/lib/libc.a(nanoprintf.o)
                              obj/main.o (_printf)
/Users/kristofer/agondev/release/lib/libc.a(putchar.o)
                              /Users/kristofer/agondev/release/lib/libc.a(puts.o) (_putchar)
/Users/kristofer/agondev/release/lib/libc.a(files.o)
                              /Users/kristofer/agondev/release/lib/libc.a(putchar.o) (_stdout)
/Users/kristofer/agondev/release/lib/libc.a(fputc.o)
                              /Users/kristofer/agondev/release/lib/libc.a(nanoprintf.o) (_fputc)
/Users/kristofer/agondev/release/lib/libc.a(mos_fputc.o)
                              /Users/kristofer/agondev/release/lib/libc.a(fputc.o) (_mos_fputc)
/Users/kristofer/agondev/release/lib/libc.a(outchar.o)
                              /Users/kristofer/agondev/release/lib/libc.a(putchar.o) (_outchar)
/Users/kristofer/agondev/release/lib/libagon.a(vdp_key.o)
                              obj/main.o (_vdp_key_init)
/Users/kristofer/agondev/release/lib/libagon.a(intagon.o)
                              /Users/kristofer/agondev/release/lib/libagon.a(vdp_key.o) (__agdev_default_mi_handler)
/Users/kristofer/agondev/release/lib/libcrt.a(and.o)
                              /Users/kristofer/agondev/release/lib/libc.a(nanoprintf.o) (__land)
/Users/kristofer/agondev/release/lib/libcrt.a(bshru.o)
                              /Users/kristofer/agondev/release/lib/libc.a(nanoprintf.o) (__bshru)
/Users/kristofer/agondev/release/lib/libcrt.a(crt0.o)
                              (__start)
/Users/kristofer/agondev/release/lib/libcrt.a(frameset.o)
                              obj/main.o (__frameset)
/Users/kristofer/agondev/release/lib/libcrt.a(frameset0.o)
                              /Users/kristofer/agondev/release/lib/libc.a(nanoprintf.o) (__frameset0)
/Users/kristofer/agondev/release/lib/libcrt.a(idivu.o)
                              /Users/kristofer/agondev/release/lib/libc.a(nanoprintf.o) (__idivu)
/Users/kristofer/agondev/release/lib/libcrt.a(idvrmu.o)
                              /Users/kristofer/agondev/release/lib/libcrt.a(idivu.o) (__idvrmu)
/Users/kristofer/agondev/release/lib/libcrt.a(imulu.o)
                              /Users/kristofer/agondev/release/lib/libc.a(nanoprintf.o) (__imulu)
/Users/kristofer/agondev/release/lib/libcrt.a(indcallhl.o)
                              /Users/kristofer/agondev/release/lib/libc.a(nanoprintf.o) (__indcallhl)
/Users/kristofer/agondev/release/lib/libcrt.a(ishl.o)
                              /Users/kristofer/agondev/release/lib/libc.a(nanoprintf.o) (__ishl)
/Users/kristofer/agondev/release/lib/libcrt.a(ishrs.o)
                              /Users/kristofer/agondev/release/lib/libc.a(nanoprintf.o) (__ishru)
/Users/kristofer/agondev/release/lib/libcrt.a(ladd.o)
                              /Users/kristofer/agondev/release/lib/libc.a(nanoprintf.o) (__ladd)
/Users/kristofer/agondev/release/lib/libcrt.a(lcmpu.o)
                              obj/main.o (__lcmpu)
/Users/kristofer/agondev/release/lib/libcrt.a(lcmpzero.o)
                              /Users/kristofer/agondev/release/lib/libc.a(nanoprintf.o) (__lcmpzero)
/Users/kristofer/agondev/release/lib/libcrt.a(ldivu.o)
                              /Users/kristofer/agondev/release/lib/libc.a(nanoprintf.o) (__ldivu)
/Users/kristofer/agondev/release/lib/libcrt.a(ldvrmu.o)
                              /Users/kristofer/agondev/release/lib/libcrt.a(ldivu.o) (__ldvrmu)
/Users/kristofer/agondev/release/lib/libcrt.a(lmulu.o)
                              /Users/kristofer/agondev/release/lib/libc.a(nanoprintf.o) (__lmulu)
/Users/kristofer/agondev/release/lib/libcrt.a(lneg.o)
                              /Users/kristofer/agondev/release/lib/libc.a(nanoprintf.o) (__lneg)
/Users/kristofer/agondev/release/lib/libcrt.a(lshl.o)
                              /Users/kristofer/agondev/release/lib/libc.a(nanoprintf.o) (__lshl)
/Users/kristofer/agondev/release/lib/libcrt.a(lshru.o)
                              /Users/kristofer/agondev/release/lib/libc.a(nanoprintf.o) (__lshru)
/Users/kristofer/agondev/release/lib/libcrt.a(sand.o)
                              /Users/kristofer/agondev/release/lib/libc.a(nanoprintf.o) (__sand)
/Users/kristofer/agondev/release/lib/libcrt.a(setflag.o)
                              /Users/kristofer/agondev/release/lib/libc.a(nanoprintf.o) (__setflag)
/Users/kristofer/agondev/release/lib/libcrt.a(sshru.o)
                              /Users/kristofer/agondev/release/lib/libc.a(nanoprintf.o) (__sshru)
/Users/kristofer/agondev/release/lib/libcrt.a(xor.o)
                              /Users/kristofer/agondev/release/lib/libc.a(nanoprintf.o) (__ixor)
/Users/kristofer/agondev/release/lib/libcrt.a(lshrs.o)
                              /Users/kristofer/agondev/release/lib/libcrt.a(lshru.o) (__lshrs.hijack_lshru)
/Users/kristofer/agondev/release/lib/libfp.a(fpcmp.o)
                              /Users/kristofer/agondev/release/lib/libc.a(nanoprintf.o) (__fcmp)
/Users/kristofer/agondev/release/lib/libc.a(free.c.o)
                              /Users/kristofer/agondev/release/lib/libcrt.a(crt0.o) (_free)
/Users/kristofer/agondev/release/lib/libc.a(malloc.c.o)
                              /Users/kristofer/agondev/release/lib/libcrt.a(crt0.o) (_malloc)
/Users/kristofer/agondev/release/lib/libc.a(mos_setintvector.o)
                              /Users/kristofer/agondev/release/lib/libagon.a(vdp_key.o) (_mos_setintvector)
/Users/kristofer/agondev/release/lib/libc.a(sbrk.o)
                              /Users/kristofer/agondev/release/lib/libc.a(malloc.c.o) (_sbrk)
/Users/kristofer/agondev/release/lib/libcrt.a(lcmps.o)
                              /Users/kristofer/agondev/release/lib/libfp.a(fpcmp.o) (__lcmps)

There are no discarded input sections

Memory Configuration

Name             Origin             Length             Attributes
USERRAM          0x00040000         0x00070000         rw
*default*        0x00000000         0xffffffff

Linker script and memory map

                0x00040000                        RAM_START = 0x40000
                0x00070000                        RAM_SIZE = 0x70000
                0x00000000                        _has_exit_handler = 0x0
                0x00040000                        . = RAM_START

.init           0x00040000      0x1d4
 *(.init .init.args .init.bss .fini)
 .init          0x00040000       0xbb /Users/kristofer/agondev/release/lib/libcrt.a(crt0.o)
                0x00040040                __mos_header
                0x00040045                __start
                0x000400b8                __start._main
 .fini          0x000400bb       0xbe /Users/kristofer/agondev/release/lib/libcrt.a(crt0.o)
                0x000400bb                ___exithl
                0x000400bd                _exit
                0x0004011c                __Exit
                0x00040120                _abort
 .init.bss      0x00040179       0x11 /Users/kristofer/agondev/release/lib/libcrt.a(crt0.o)
 .init.args     0x0004018a       0x4a /Users/kristofer/agondev/release/lib/libcrt.a(crt0.o)
                0x0004018a                _parse_option
                0x0004018a                _parse_params

.text           0x000401d4     0x1d46
 *(.text)
 .text          0x000401d4      0x15f obj/main.o
                0x000401d4                _key_event_handler
                0x0004022d                _getKey
                0x00040263                _main
 .text          0x00040333       0x2c /Users/kristofer/agondev/release/lib/libc.a(puts.o)
                0x00040333                _puts
 .text          0x0004035f     0x13b8 /Users/kristofer/agondev/release/lib/libc.a(nanoprintf.o)
                0x0004035f                _npf_vpprintf
                0x000414a0                _npf_pprintf
                0x000414c8                _npf_snprintf
                0x000414f0                _npf_vsnprintf
                0x0004159d                _vprintf
                0x000415cd                _printf
                0x000415ec                _fprintf
                0x0004160f                _vfprintf
                0x00041644                _vsnprintf
                0x000416a7                _snprintf
                0x000416cf                _vsprintf
                0x000416ee                _sprintf
 .text          0x00041717       0x2f /Users/kristofer/agondev/release/lib/libc.a(putchar.o)
                0x00041717                _putchar
 .text          0x00041746       0x52 /Users/kristofer/agondev/release/lib/libc.a(files.o)
                0x00041746                __stdio_init
 .text          0x00041798       0xb7 /Users/kristofer/agondev/release/lib/libc.a(fputc.o)
                0x00041798                _fputc
                0x00041828                _fput_char
 .text          0x0004184f       0x18 /Users/kristofer/agondev/release/lib/libc.a(mos_fputc.o)
                0x0004184f                _mos_fputc
 .text          0x00041867        0x7 /Users/kristofer/agondev/release/lib/libc.a(outchar.o)
                0x00041867                _outchar
 .text          0x0004186e      0x1ec /Users/kristofer/agondev/release/lib/libagon.a(vdp_key.o)
                0x0004186e                _vdp_key_init
                0x00041929                _check_bytes_get_int
                0x0004195b                _check_bytes
                0x00041980                _vdp_key_reset_interrupt
                0x0004199f                _vdp_set_key_event_handler
                0x000419ad                _vdp_update_key_state
                0x00041a26                _vdp_check_key_press
 .text          0x00041a5a       0xab /Users/kristofer/agondev/release/lib/libagon.a(intagon.o)
                0x00041a5a                __agdev_default_mi_handler
                0x00041a5e                __agdev_uart0_handler
                0x00041a66                __agdev_UART0_serial_RX
                0x00041a6b                __agdev_vdp_protocol_data
                0x00041a70                __agdev_vdp_protocol
 .text          0x00041b05       0x1c /Users/kristofer/agondev/release/lib/libcrt.a(and.o)
                0x00041b05                __land
                0x00041b0a                __iand
                0x00041b0b                __iand.hijack_land
 .text          0x00041b21        0xa /Users/kristofer/agondev/release/lib/libcrt.a(bshru.o)
                0x00041b21                __bshru
 .text          0x00041b2b       0x2c /Users/kristofer/agondev/release/lib/libcrt.a(crt0.o)
                0x00041b2b                _atexit
                0x00041b2b                _on_exit
 .text          0x00041b57        0xe /Users/kristofer/agondev/release/lib/libcrt.a(frameset.o)
                0x00041b57                __frameset
 .text          0x00041b65        0xb /Users/kristofer/agondev/release/lib/libcrt.a(frameset0.o)
                0x00041b65                __frameset0
 .text          0x00041b70        0x8 /Users/kristofer/agondev/release/lib/libcrt.a(idivu.o)
                0x00041b70                __idivu
 .text          0x00041b78       0x18 /Users/kristofer/agondev/release/lib/libcrt.a(idvrmu.o)
                0x00041b78                __idvrmu
                0x00041b7c                __idvrmu.hijack_a_iters_ude_dividend
 .text          0x00041b90       0x30 /Users/kristofer/agondev/release/lib/libcrt.a(imulu.o)
                0x00041b90                __imuls
                0x00041b90                __imulu
 .text          0x00041bc0        0x1 /Users/kristofer/agondev/release/lib/libcrt.a(indcallhl.o)
                0x00041bc0                __indcallhl
 .text          0x00041bc1       0x26 /Users/kristofer/agondev/release/lib/libcrt.a(ishl.o)
                0x00041bc1                __sshl
                0x00041bc1                __ishl
 .text          0x00041be7       0x41 /Users/kristofer/agondev/release/lib/libcrt.a(ishrs.o)
                0x00041be7                __ishru
                0x00041bec                __ishrs
 .text          0x00041c28        0x6 /Users/kristofer/agondev/release/lib/libcrt.a(ladd.o)
                0x00041c28                __ladd
 .text          0x00041c2e        0x8 /Users/kristofer/agondev/release/lib/libcrt.a(lcmpu.o)
                0x00041c2e                __lcmpu
 .text          0x00041c36        0xb /Users/kristofer/agondev/release/lib/libcrt.a(lcmpzero.o)
                0x00041c36                __lcmpzero
 .text          0x00041c41        0xa /Users/kristofer/agondev/release/lib/libcrt.a(ldivu.o)
                0x00041c41                __ldivu
 .text          0x00041c4b       0x28 /Users/kristofer/agondev/release/lib/libcrt.a(ldvrmu.o)
                0x00041c4b                __ldvrmu
 .text          0x00041c73       0x5c /Users/kristofer/agondev/release/lib/libcrt.a(lmulu.o)
                0x00041c73                __lmuls
                0x00041c73                __lmulu
 .text          0x00041ccf        0xd /Users/kristofer/agondev/release/lib/libcrt.a(lneg.o)
                0x00041ccf                __lneg
 .text          0x00041cdc        0xd /Users/kristofer/agondev/release/lib/libcrt.a(lshl.o)
                0x00041cdc                __lshl
 .text          0x00041ce9       0x10 /Users/kristofer/agondev/release/lib/libcrt.a(lshru.o)
                0x00041ce9                __lshru
 .text          0x00041cf9        0x9 /Users/kristofer/agondev/release/lib/libcrt.a(sand.o)
                0x00041cf9                __sand
 .text          0x00041d02        0xf /Users/kristofer/agondev/release/lib/libcrt.a(setflag.o)
                0x00041d02                __setflag
 .text          0x00041d11        0xd /Users/kristofer/agondev/release/lib/libcrt.a(sshru.o)
                0x00041d11                __sshru
 .text          0x00041d1e       0x1b /Users/kristofer/agondev/release/lib/libcrt.a(xor.o)
                0x00041d1e                __lxor
                0x00041d22                __ixor
 .text          0x00041d39       0x1b /Users/kristofer/agondev/release/lib/libcrt.a(lshrs.o)
                0x00041d39                __lshrs
                0x00041d45                __lshrs.hijack_lshru
 .text          0x00041d54       0x1d /Users/kristofer/agondev/release/lib/libfp.a(fpcmp.o)
                0x00041d54                __fcmp
 .text          0x00041d71       0xbd /Users/kristofer/agondev/release/lib/libc.a(free.c.o)
                0x00041d71                _free
 .text          0x00041e2e       0x9f /Users/kristofer/agondev/release/lib/libc.a(malloc.c.o)
                0x00041e2e                _malloc
 .text          0x00041ecd       0x18 /Users/kristofer/agondev/release/lib/libc.a(mos_setintvector.o)
                0x00041ecd                _mos_setintvector
 .text          0x00041ee5       0x28 /Users/kristofer/agondev/release/lib/libc.a(sbrk.o)
                0x00041ee5                _sbrk
 .text          0x00041f0d        0xd /Users/kristofer/agondev/release/lib/libcrt.a(lcmps.o)
                0x00041f0d                __lcmps

.init_array     0x00041f1a        0x0
 *(.init_array)
 .init_array    0x00041f1a        0x0 /Users/kristofer/agondev/release/lib/libcrt.a(crt0.o)

.ctors          0x00041f1a        0x0
 *(.ctors)
 .ctors         0x00041f1a        0x0 /Users/kristofer/agondev/release/lib/libcrt.a(crt0.o)

.dtors          0x00041f1a        0x0
 *(.dtors)
 .dtors         0x00041f1a        0x0 /Users/kristofer/agondev/release/lib/libcrt.a(crt0.o)

.comment        0x00000000      0x309
 .comment       0x00000000       0x71 obj/main.o
 .comment       0x00000071       0x71 /Users/kristofer/agondev/release/lib/libc.a(nanoprintf.o)
 .comment       0x000000e2       0x71 /Users/kristofer/agondev/release/lib/libc.a(files.o)
 .comment       0x00000153       0x71 /Users/kristofer/agondev/release/lib/libc.a(fputc.o)
 .comment       0x000001c4       0x71 /Users/kristofer/agondev/release/lib/libagon.a(vdp_key.o)
 .comment       0x00000235       0x6a /Users/kristofer/agondev/release/lib/libc.a(free.c.o)
 .comment       0x0000029f       0x6a /Users/kristofer/agondev/release/lib/libc.a(malloc.c.o)

.fini_array     0x00041f1a        0x0
 *(.fini_array)
 .fini_array    0x00041f1a        0x0 /Users/kristofer/agondev/release/lib/libcrt.a(crt0.o)

.rodata         0x00041f1a      0x15f
 *(.rodata)
 .rodata        0x00041f1a       0x97 obj/main.o
 .rodata        0x00041fb1        0x9 /Users/kristofer/agondev/release/lib/libc.a(puts.o)
                0x00041fb1                ___null_literal_str
                0x00041fb8                ___end_of_line_str
 .rodata        0x00041fba       0xab /Users/kristofer/agondev/release/lib/libc.a(nanoprintf.o)
 .rodata        0x00042065        0x8 /Users/kristofer/agondev/release/lib/libagon.a(vdp_key.o)
 .rodata        0x0004206d        0xc /Users/kristofer/agondev/release/lib/libcrt.a(crt0.o)

.data           0x00042079       0x5d
 *(.data)
 .data          0x00042079        0x0 obj/main.o
 .data          0x00042079        0x0 /Users/kristofer/agondev/release/lib/libc.a(puts.o)
 .data          0x00042079        0x0 /Users/kristofer/agondev/release/lib/libc.a(nanoprintf.o)
 .data          0x00042079        0x0 /Users/kristofer/agondev/release/lib/libc.a(putchar.o)
 .data          0x00042079        0xf /Users/kristofer/agondev/release/lib/libc.a(files.o)
                0x00042079                _stdin
                0x0004207e                _stdout
                0x00042083                _stderr
 .data          0x00042088        0x0 /Users/kristofer/agondev/release/lib/libc.a(fputc.o)
 .data          0x00042088        0x0 /Users/kristofer/agondev/release/lib/libc.a(mos_fputc.o)
 .data          0x00042088        0x0 /Users/kristofer/agondev/release/lib/libc.a(outchar.o)
 .data          0x00042088       0x15 /Users/kristofer/agondev/release/lib/libagon.a(vdp_key.o)
 .data          0x0004209d        0x0 /Users/kristofer/agondev/release/lib/libagon.a(intagon.o)
 .data          0x0004209d        0x0 /Users/kristofer/agondev/release/lib/libcrt.a(and.o)
 .data          0x0004209d        0x0 /Users/kristofer/agondev/release/lib/libcrt.a(bshru.o)
 .data          0x0004209d       0x36 /Users/kristofer/agondev/release/lib/libcrt.a(crt0.o)
                0x000420d0                _exit.sp
 .data          0x000420d3        0x0 /Users/kristofer/agondev/release/lib/libcrt.a(frameset.o)
 .data          0x000420d3        0x0 /Users/kristofer/agondev/release/lib/libcrt.a(frameset0.o)
 .data          0x000420d3        0x0 /Users/kristofer/agondev/release/lib/libcrt.a(idivu.o)
 .data          0x000420d3        0x0 /Users/kristofer/agondev/release/lib/libcrt.a(idvrmu.o)
 .data          0x000420d3        0x0 /Users/kristofer/agondev/release/lib/libcrt.a(imulu.o)
 .data          0x000420d3        0x0 /Users/kristofer/agondev/release/lib/libcrt.a(indcallhl.o)
 .data          0x000420d3        0x0 /Users/kristofer/agondev/release/lib/libcrt.a(ishl.o)
 .data          0x000420d3        0x0 /Users/kristofer/agondev/release/lib/libcrt.a(ishrs.o)
 .data          0x000420d3        0x0 /Users/kristofer/agondev/release/lib/libcrt.a(ladd.o)
 .data          0x000420d3        0x0 /Users/kristofer/agondev/release/lib/libcrt.a(lcmpu.o)
 .data          0x000420d3        0x0 /Users/kristofer/agondev/release/lib/libcrt.a(lcmpzero.o)
 .data          0x000420d3        0x0 /Users/kristofer/agondev/release/lib/libcrt.a(ldivu.o)
 .data          0x000420d3        0x0 /Users/kristofer/agondev/release/lib/libcrt.a(ldvrmu.o)
 .data          0x000420d3        0x0 /Users/kristofer/agondev/release/lib/libcrt.a(lmulu.o)
 .data          0x000420d3        0x0 /Users/kristofer/agondev/release/lib/libcrt.a(lneg.o)
 .data          0x000420d3        0x0 /Users/kristofer/agondev/release/lib/libcrt.a(lshl.o)
 .data          0x000420d3        0x0 /Users/kristofer/agondev/release/lib/libcrt.a(lshru.o)
 .data          0x000420d3        0x0 /Users/kristofer/agondev/release/lib/libcrt.a(sand.o)
 .data          0x000420d3        0x0 /Users/kristofer/agondev/release/lib/libcrt.a(setflag.o)
 .data          0x000420d3        0x0 /Users/kristofer/agondev/release/lib/libcrt.a(sshru.o)
 .data          0x000420d3        0x0 /Users/kristofer/agondev/release/lib/libcrt.a(xor.o)
 .data          0x000420d3        0x0 /Users/kristofer/agondev/release/lib/libcrt.a(lshrs.o)
 .data          0x000420d3        0x0 /Users/kristofer/agondev/release/lib/libfp.a(fpcmp.o)
 .data          0x000420d3        0x0 /Users/kristofer/agondev/release/lib/libc.a(free.c.o)
 .data          0x000420d3        0x0 /Users/kristofer/agondev/release/lib/libc.a(malloc.c.o)
 .data          0x000420d3        0x0 /Users/kristofer/agondev/release/lib/libc.a(mos_setintvector.o)
 .data          0x000420d3        0x3 /Users/kristofer/agondev/release/lib/libc.a(sbrk.o)
                0x000420d3                __sbrkbase
 .data          0x000420d6        0x0 /Users/kristofer/agondev/release/lib/libcrt.a(lcmps.o)

.bss            0x000420d6       0x5f
                0x000420d6                        bss_start = .
 *(.bss .bss*)
 .bss           0x000420d6        0x5 obj/main.o
                0x000420d6                __current_key
 .bss           0x000420db        0x0 /Users/kristofer/agondev/release/lib/libc.a(puts.o)
 .bss           0x000420db        0x0 /Users/kristofer/agondev/release/lib/libc.a(nanoprintf.o)
 .bss           0x000420db        0x0 /Users/kristofer/agondev/release/lib/libc.a(putchar.o)
 .bss           0x000420db       0x28 /Users/kristofer/agondev/release/lib/libc.a(files.o)
                0x000420db                __file_streams
 .bss           0x00042103        0x0 /Users/kristofer/agondev/release/lib/libc.a(fputc.o)
 .bss           0x00042103        0x0 /Users/kristofer/agondev/release/lib/libc.a(mos_fputc.o)
 .bss           0x00042103        0x0 /Users/kristofer/agondev/release/lib/libc.a(outchar.o)
 .bss           0x00042103       0x2c /Users/kristofer/agondev/release/lib/libagon.a(vdp_key.o)
                0x00042103                _vdp_key_bits
 .bss           0x0004212f        0x0 /Users/kristofer/agondev/release/lib/libagon.a(intagon.o)
 .bss           0x0004212f        0x0 /Users/kristofer/agondev/release/lib/libcrt.a(and.o)
 .bss           0x0004212f        0x0 /Users/kristofer/agondev/release/lib/libcrt.a(bshru.o)
 .bss           0x0004212f        0x0 /Users/kristofer/agondev/release/lib/libcrt.a(crt0.o)
 .bss           0x0004212f        0x0 /Users/kristofer/agondev/release/lib/libcrt.a(frameset.o)
 .bss           0x0004212f        0x0 /Users/kristofer/agondev/release/lib/libcrt.a(frameset0.o)
 .bss           0x0004212f        0x0 /Users/kristofer/agondev/release/lib/libcrt.a(idivu.o)
 .bss           0x0004212f        0x0 /Users/kristofer/agondev/release/lib/libcrt.a(idvrmu.o)
 .bss           0x0004212f        0x0 /Users/kristofer/agondev/release/lib/libcrt.a(imulu.o)
 .bss           0x0004212f        0x0 /Users/kristofer/agondev/release/lib/libcrt.a(indcallhl.o)
 .bss           0x0004212f        0x0 /Users/kristofer/agondev/release/lib/libcrt.a(ishl.o)
 .bss           0x0004212f        0x0 /Users/kristofer/agondev/release/lib/libcrt.a(ishrs.o)
 .bss           0x0004212f        0x0 /Users/kristofer/agondev/release/lib/libcrt.a(ladd.o)
 .bss           0x0004212f        0x0 /Users/kristofer/agondev/release/lib/libcrt.a(lcmpu.o)
 .bss           0x0004212f        0x0 /Users/kristofer/agondev/release/lib/libcrt.a(lcmpzero.o)
 .bss           0x0004212f        0x0 /Users/kristofer/agondev/release/lib/libcrt.a(ldivu.o)
 .bss           0x0004212f        0x0 /Users/kristofer/agondev/release/lib/libcrt.a(ldvrmu.o)
 .bss           0x0004212f        0x0 /Users/kristofer/agondev/release/lib/libcrt.a(lmulu.o)
 .bss           0x0004212f        0x0 /Users/kristofer/agondev/release/lib/libcrt.a(lneg.o)
 .bss           0x0004212f        0x0 /Users/kristofer/agondev/release/lib/libcrt.a(lshl.o)
 .bss           0x0004212f        0x0 /Users/kristofer/agondev/release/lib/libcrt.a(lshru.o)
 .bss           0x0004212f        0x0 /Users/kristofer/agondev/release/lib/libcrt.a(sand.o)
 .bss           0x0004212f        0x0 /Users/kristofer/agondev/release/lib/libcrt.a(setflag.o)
 .bss           0x0004212f        0x0 /Users/kristofer/agondev/release/lib/libcrt.a(sshru.o)
 .bss           0x0004212f        0x0 /Users/kristofer/agondev/release/lib/libcrt.a(xor.o)
 .bss           0x0004212f        0x0 /Users/kristofer/agondev/release/lib/libcrt.a(lshrs.o)
 .bss           0x0004212f        0x0 /Users/kristofer/agondev/release/lib/libfp.a(fpcmp.o)
 .bss           0x0004212f        0x0 /Users/kristofer/agondev/release/lib/libc.a(free.c.o)
 .bss           0x0004212f        0x6 /Users/kristofer/agondev/release/lib/libc.a(malloc.c.o)
                0x0004212f                __alloc_base
 .bss           0x00042135        0x0 /Users/kristofer/agondev/release/lib/libc.a(mos_setintvector.o)
 .bss           0x00042135        0x0 /Users/kristofer/agondev/release/lib/libc.a(sbrk.o)
 .bss           0x00042135        0x0 /Users/kristofer/agondev/release/lib/libcrt.a(lcmps.o)
                0x00042135                        bss_end = .
                0x000b0000                        __stack = (RAM_START + RAM_SIZE)
                0x000420d6                        ___low_bss = bss_start
                0x0000005f                        ___len_bss = SIZEOF (.bss)
                0x00042135                        ___heapbot = bss_end
                0x000b0000                        ___heaptop = (RAM_START + RAM_SIZE)
                0x00000001                        ___run_clearbss = (___len_bss > 0x0)
                0x00000000                        ___init_array_count = (SIZEOF (.init_array) / 0x3)
                0x00000000                        ___ctors_count = (SIZEOF (.ctors) / 0x3)
                0x00000000                        ___dtors_count = (SIZEOF (.dtors) / 0x3)
                0x00000000                        ___fini_array_count = (SIZEOF (.fini_array) / 0x3)
                0x00000000                        ___init_count = (___init_array_count + ___ctors_count)
                0x00000000                        ___fini_count = (___dtors_count + ___fini_array_count)
                0x00000000                        ___run_init = (___init_count > 0x0)
                0x00000000                        ___run_fini = (___fini_count > 0x0)
                0x00000100                        ___init_count_a = ((((___init_count - 0x1) >> 0x10) & 0xff) + 0x1)
                0x00000100                        ___init_count_b = (((___init_count - 0x1) & 0xff) + 0x1)
                0x00000100                        ___init_count_c = ((((___init_count - 0x1) >> 0x8) & 0xff) + 0x1)
                0x00000100                        ___fini_count_a = ((((___fini_count - 0x1) >> 0x10) & 0xff) + 0x1)
                0x00000100                        ___fini_count_b = (((___fini_count - 0x1) & 0xff) + 0x1)
                0x00000100                        ___fini_count_c = ((((___fini_count - 0x1) >> 0x8) & 0xff) + 0x1)
                0x00041f1a                        ___init_array_functions = (SIZEOF (.init_array) + ADDR (.init_array))
                0x00041f1a                        ___init_ctors_functions = (SIZEOF (.ctors) + ADDR (.ctors))
                0x00041f1a                        ___fini_dtors_functions = (SIZEOF (.dtors) + ADDR (.dtors))
                0x00041f1a                        ___fini_array_functions = (SIZEOF (.fini_array) + ADDR (.fini_array))
LOAD obj/main.o
START GROUP
LOAD /Users/kristofer/agondev/release/lib/libc.a
LOAD /Users/kristofer/agondev/release/lib/libagon.a
LOAD /Users/kristofer/agondev/release/lib/libcrt.a
LOAD /Users/kristofer/agondev/release/lib/libfp.a
END GROUP
OUTPUT(bin/main.c.bin binary)
