Archive member included to satisfy reference by file (symbol)

/Users/kristofer/agondev/release/lib/libc.a(strlen.o)
                              obj/sectorlisp.o (_strlen)
/Users/kristofer/agondev/release/lib/libc.a(fflush.o)
                              obj/sectorlisp.o (_fflush)
/Users/kristofer/agondev/release/lib/libc.a(fgets.o)
                              obj/sectorlisp.o (_fgets)
/Users/kristofer/agondev/release/lib/libc.a(files.o)
                              obj/sectorlisp.o (_stdin)
/Users/kristofer/agondev/release/lib/libc.a(fputc.o)
                              obj/sectorlisp.o (_fputc)
/Users/kristofer/agondev/release/lib/libc.a(nanoprintf.o)
                              obj/sectorlisp.o (_printf)
/Users/kristofer/agondev/release/lib/libc.a(mos_fputc.o)
                              /Users/kristofer/agondev/release/lib/libc.a(fputc.o) (_mos_fputc)
/Users/kristofer/agondev/release/lib/libc.a(outchar.o)
                              /Users/kristofer/agondev/release/lib/libc.a(fputc.o) (_outchar)
/Users/kristofer/agondev/release/lib/libc.a(putchar.o)
                              /Users/kristofer/agondev/release/lib/libc.a(nanoprintf.o) (_putchar)
/Users/kristofer/agondev/release/lib/libc.a(fgetc.o)
                              /Users/kristofer/agondev/release/lib/libc.a(fgets.o) (_fgetc)
/Users/kristofer/agondev/release/lib/libc.a(ungetc.o)
                              /Users/kristofer/agondev/release/lib/libc.a(fgetc.o) (_ungetc)
/Users/kristofer/agondev/release/lib/libc.a(mos_fgetc.o)
                              /Users/kristofer/agondev/release/lib/libc.a(fgetc.o) (_mos_fgetc)
/Users/kristofer/agondev/release/lib/libcrt.a(and.o)
                              /Users/kristofer/agondev/release/lib/libc.a(nanoprintf.o) (__land)
/Users/kristofer/agondev/release/lib/libcrt.a(bshru.o)
                              /Users/kristofer/agondev/release/lib/libc.a(nanoprintf.o) (__bshru)
/Users/kristofer/agondev/release/lib/libcrt.a(crt0.o)
                              (__start)
/Users/kristofer/agondev/release/lib/libcrt.a(frameset.o)
                              obj/sectorlisp.o (__frameset)
/Users/kristofer/agondev/release/lib/libcrt.a(frameset0.o)
                              obj/sectorlisp.o (__frameset0)
/Users/kristofer/agondev/release/lib/libcrt.a(idivu.o)
                              /Users/kristofer/agondev/release/lib/libc.a(nanoprintf.o) (__idivu)
/Users/kristofer/agondev/release/lib/libcrt.a(idvrmu.o)
                              /Users/kristofer/agondev/release/lib/libcrt.a(idivu.o) (__idvrmu)
/Users/kristofer/agondev/release/lib/libcrt.a(imulu.o)
                              obj/sectorlisp.o (__imulu)
/Users/kristofer/agondev/release/lib/libcrt.a(inchar.o)
                              /Users/kristofer/agondev/release/lib/libc.a(fgetc.o) (_inchar)
/Users/kristofer/agondev/release/lib/libcrt.a(indcallhl.o)
                              /Users/kristofer/agondev/release/lib/libc.a(nanoprintf.o) (__indcallhl)
/Users/kristofer/agondev/release/lib/libcrt.a(inot.o)
                              obj/sectorlisp.o (__inot)
/Users/kristofer/agondev/release/lib/libcrt.a(ishl.o)
                              /Users/kristofer/agondev/release/lib/libc.a(nanoprintf.o) (__ishl)
/Users/kristofer/agondev/release/lib/libcrt.a(ishrs.o)
                              obj/sectorlisp.o (__ishru)
/Users/kristofer/agondev/release/lib/libcrt.a(ladd.o)
                              /Users/kristofer/agondev/release/lib/libc.a(nanoprintf.o) (__ladd)
/Users/kristofer/agondev/release/lib/libcrt.a(lcmpu.o)
                              /Users/kristofer/agondev/release/lib/libc.a(nanoprintf.o) (__lcmpu)
/Users/kristofer/agondev/release/lib/libcrt.a(lcmpzero.o)
                              /Users/kristofer/agondev/release/lib/libc.a(nanoprintf.o) (__lcmpzero)
/Users/kristofer/agondev/release/lib/libcrt.a(ldivu.o)
                              /Users/kristofer/agondev/release/lib/libc.a(nanoprintf.o) (__ldivu)
/Users/kristofer/agondev/release/lib/libcrt.a(ldvrmu.o)
                              /Users/kristofer/agondev/release/lib/libcrt.a(ldivu.o) (__ldvrmu)
/Users/kristofer/agondev/release/lib/libcrt.a(lmulu.o)
                              /Users/kristofer/agondev/release/lib/libc.a(nanoprintf.o) (__lmulu)
/Users/kristofer/agondev/release/lib/libcrt.a(lneg.o)
                              /Users/kristofer/agondev/release/lib/libc.a(nanoprintf.o) (__lneg)
/Users/kristofer/agondev/release/lib/libcrt.a(lshl.o)
                              /Users/kristofer/agondev/release/lib/libc.a(nanoprintf.o) (__lshl)
/Users/kristofer/agondev/release/lib/libcrt.a(lshru.o)
                              /Users/kristofer/agondev/release/lib/libc.a(nanoprintf.o) (__lshru)
/Users/kristofer/agondev/release/lib/libcrt.a(sand.o)
                              /Users/kristofer/agondev/release/lib/libc.a(nanoprintf.o) (__sand)
/Users/kristofer/agondev/release/lib/libcrt.a(setflag.o)
                              obj/sectorlisp.o (__setflag)
/Users/kristofer/agondev/release/lib/libcrt.a(sshru.o)
                              /Users/kristofer/agondev/release/lib/libc.a(nanoprintf.o) (__sshru)
/Users/kristofer/agondev/release/lib/libcrt.a(xor.o)
                              /Users/kristofer/agondev/release/lib/libc.a(nanoprintf.o) (__ixor)
/Users/kristofer/agondev/release/lib/libcrt.a(lshrs.o)
                              /Users/kristofer/agondev/release/lib/libcrt.a(lshru.o) (__lshrs.hijack_lshru)
/Users/kristofer/agondev/release/lib/libfp.a(fpcmp.o)
                              /Users/kristofer/agondev/release/lib/libc.a(nanoprintf.o) (__fcmp)
/Users/kristofer/agondev/release/lib/libc.a(free.c.o)
                              /Users/kristofer/agondev/release/lib/libcrt.a(crt0.o) (_free)
/Users/kristofer/agondev/release/lib/libc.a(malloc.c.o)
                              /Users/kristofer/agondev/release/lib/libcrt.a(crt0.o) (_malloc)
/Users/kristofer/agondev/release/lib/libc.a(sbrk.o)
                              /Users/kristofer/agondev/release/lib/libc.a(malloc.c.o) (_sbrk)
/Users/kristofer/agondev/release/lib/libcrt.a(lcmps.o)
                              /Users/kristofer/agondev/release/lib/libfp.a(fpcmp.o) (__lcmps)

There are no discarded input sections

Memory Configuration

Name             Origin             Length             Attributes
USERRAM          0x00040000         0x00070000         rw
*default*        0x00000000         0xffffffff

Linker script and memory map

                0x00040000                        RAM_START = 0x40000
                0x00070000                        RAM_SIZE = 0x70000
                0x00000000                        _has_exit_handler = 0x0
                0x00040000                        . = RAM_START

.init           0x00040000      0x1d4
 *(.init .init.args .init.bss .fini)
 .init          0x00040000       0xbb /Users/kristofer/agondev/release/lib/libcrt.a(crt0.o)
                0x00040040                __mos_header
                0x00040045                __start
                0x000400b8                __start._main
 .fini          0x000400bb       0xbe /Users/kristofer/agondev/release/lib/libcrt.a(crt0.o)
                0x000400bb                ___exithl
                0x000400bd                _exit
                0x0004011c                __Exit
                0x00040120                _abort
 .init.bss      0x00040179       0x11 /Users/kristofer/agondev/release/lib/libcrt.a(crt0.o)
 .init.args     0x0004018a       0x4a /Users/kristofer/agondev/release/lib/libcrt.a(crt0.o)
                0x0004018a                _parse_option
                0x0004018a                _parse_params

.text           0x000401d4     0x26cf
 *(.text)
 .text          0x000401d4      0xbc9 obj/sectorlisp.o
                0x000401d4                _Intern
                0x000402e0                _GetChar
                0x00040383                _PrintChar
                0x00040399                _GetToken
                0x0004040f                _AddList
                0x00040467                _Cons
                0x000404b8                _GetList
                0x000404d8                _GetObject
                0x000404f5                _Read
                0x00040500                _PrintAtom
                0x00040540                _PrintList
                0x000405c5                _PrintObject
                0x000405ed                _Car
                0x0004060b                _Cdr
                0x0004062a                _Print
                0x0004063a                _PrintNewLine
                0x00040645                _Gc
                0x000406f7                _Evlis
                0x00040792                _Eval
                0x000408f3                _Pairlis
                0x000409ec                _Assoc
                0x00040a6a                _Evcon
                0x00040b08                _Apply
                0x00040d4d                _main
 .text          0x00040d9d       0x15 /Users/kristofer/agondev/release/lib/libc.a(strlen.o)
                0x00040d9d                _strlen
 .text          0x00040db2       0x10 /Users/kristofer/agondev/release/lib/libc.a(fflush.o)
                0x00040db2                _fflush
 .text          0x00040dc2       0x93 /Users/kristofer/agondev/release/lib/libc.a(fgets.o)
                0x00040dc2                _fgets
 .text          0x00040e55       0x52 /Users/kristofer/agondev/release/lib/libc.a(files.o)
                0x00040e55                __stdio_init
 .text          0x00040ea7       0xb7 /Users/kristofer/agondev/release/lib/libc.a(fputc.o)
                0x00040ea7                _fputc
                0x00040f37                _fput_char
 .text          0x00040f5e     0x13b8 /Users/kristofer/agondev/release/lib/libc.a(nanoprintf.o)
                0x00040f5e                _npf_vpprintf
                0x0004209f                _npf_pprintf
                0x000420c7                _npf_snprintf
                0x000420ef                _npf_vsnprintf
                0x0004219c                _vprintf
                0x000421cc                _printf
                0x000421eb                _fprintf
                0x0004220e                _vfprintf
                0x00042243                _vsnprintf
                0x000422a6                _snprintf
                0x000422ce                _vsprintf
                0x000422ed                _sprintf
 .text          0x00042316       0x18 /Users/kristofer/agondev/release/lib/libc.a(mos_fputc.o)
                0x00042316                _mos_fputc
 .text          0x0004232e        0x7 /Users/kristofer/agondev/release/lib/libc.a(outchar.o)
                0x0004232e                _outchar
 .text          0x00042335       0x2f /Users/kristofer/agondev/release/lib/libc.a(putchar.o)
                0x00042335                _putchar
 .text          0x00042364       0xdf /Users/kristofer/agondev/release/lib/libc.a(fgetc.o)
                0x00042364                _fgetc
 .text          0x00042443       0x3d /Users/kristofer/agondev/release/lib/libc.a(ungetc.o)
                0x00042443                _ungetc
 .text          0x00042480       0x15 /Users/kristofer/agondev/release/lib/libc.a(mos_fgetc.o)
                0x00042480                _mos_fgetc
 .text          0x00042495       0x1c /Users/kristofer/agondev/release/lib/libcrt.a(and.o)
                0x00042495                __land
                0x0004249a                __iand
                0x0004249b                __iand.hijack_land
 .text          0x000424b1        0xa /Users/kristofer/agondev/release/lib/libcrt.a(bshru.o)
                0x000424b1                __bshru
 .text          0x000424bb       0x2c /Users/kristofer/agondev/release/lib/libcrt.a(crt0.o)
                0x000424bb                _atexit
                0x000424bb                _on_exit
 .text          0x000424e7        0xe /Users/kristofer/agondev/release/lib/libcrt.a(frameset.o)
                0x000424e7                __frameset
 .text          0x000424f5        0xb /Users/kristofer/agondev/release/lib/libcrt.a(frameset0.o)
                0x000424f5                __frameset0
 .text          0x00042500        0x8 /Users/kristofer/agondev/release/lib/libcrt.a(idivu.o)
                0x00042500                __idivu
 .text          0x00042508       0x18 /Users/kristofer/agondev/release/lib/libcrt.a(idvrmu.o)
                0x00042508                __idvrmu
                0x0004250c                __idvrmu.hijack_a_iters_ude_dividend
 .text          0x00042520       0x30 /Users/kristofer/agondev/release/lib/libcrt.a(imulu.o)
                0x00042520                __imuls
                0x00042520                __imulu
 .text          0x00042550        0x7 /Users/kristofer/agondev/release/lib/libcrt.a(inchar.o)
                0x00042550                _inchar
 .text          0x00042557        0x1 /Users/kristofer/agondev/release/lib/libcrt.a(indcallhl.o)
                0x00042557                __indcallhl
 .text          0x00042558        0xa /Users/kristofer/agondev/release/lib/libcrt.a(inot.o)
                0x00042558                __inot
 .text          0x00042562       0x26 /Users/kristofer/agondev/release/lib/libcrt.a(ishl.o)
                0x00042562                __sshl
                0x00042562                __ishl
 .text          0x00042588       0x41 /Users/kristofer/agondev/release/lib/libcrt.a(ishrs.o)
                0x00042588                __ishru
                0x0004258d                __ishrs
 .text          0x000425c9        0x6 /Users/kristofer/agondev/release/lib/libcrt.a(ladd.o)
                0x000425c9                __ladd
 .text          0x000425cf        0x8 /Users/kristofer/agondev/release/lib/libcrt.a(lcmpu.o)
                0x000425cf                __lcmpu
 .text          0x000425d7        0xb /Users/kristofer/agondev/release/lib/libcrt.a(lcmpzero.o)
                0x000425d7                __lcmpzero
 .text          0x000425e2        0xa /Users/kristofer/agondev/release/lib/libcrt.a(ldivu.o)
                0x000425e2                __ldivu
 .text          0x000425ec       0x28 /Users/kristofer/agondev/release/lib/libcrt.a(ldvrmu.o)
                0x000425ec                __ldvrmu
 .text          0x00042614       0x5c /Users/kristofer/agondev/release/lib/libcrt.a(lmulu.o)
                0x00042614                __lmuls
                0x00042614                __lmulu
 .text          0x00042670        0xd /Users/kristofer/agondev/release/lib/libcrt.a(lneg.o)
                0x00042670                __lneg
 .text          0x0004267d        0xd /Users/kristofer/agondev/release/lib/libcrt.a(lshl.o)
                0x0004267d                __lshl
 .text          0x0004268a       0x10 /Users/kristofer/agondev/release/lib/libcrt.a(lshru.o)
                0x0004268a                __lshru
 .text          0x0004269a        0x9 /Users/kristofer/agondev/release/lib/libcrt.a(sand.o)
                0x0004269a                __sand
 .text          0x000426a3        0xf /Users/kristofer/agondev/release/lib/libcrt.a(setflag.o)
                0x000426a3                __setflag
 .text          0x000426b2        0xd /Users/kristofer/agondev/release/lib/libcrt.a(sshru.o)
                0x000426b2                __sshru
 .text          0x000426bf       0x1b /Users/kristofer/agondev/release/lib/libcrt.a(xor.o)
                0x000426bf                __lxor
                0x000426c3                __ixor
 .text          0x000426da       0x1b /Users/kristofer/agondev/release/lib/libcrt.a(lshrs.o)
                0x000426da                __lshrs
                0x000426e6                __lshrs.hijack_lshru
 .text          0x000426f5       0x1d /Users/kristofer/agondev/release/lib/libfp.a(fpcmp.o)
                0x000426f5                __fcmp
 .text          0x00042712       0xbd /Users/kristofer/agondev/release/lib/libc.a(free.c.o)
                0x00042712                _free
 .text          0x000427cf       0x9f /Users/kristofer/agondev/release/lib/libc.a(malloc.c.o)
                0x000427cf                _malloc
 .text          0x0004286e       0x28 /Users/kristofer/agondev/release/lib/libc.a(sbrk.o)
                0x0004286e                _sbrk
 .text          0x00042896        0xd /Users/kristofer/agondev/release/lib/libcrt.a(lcmps.o)
                0x00042896                __lcmps

.init_array     0x000428a3        0x0
 *(.init_array)
 .init_array    0x000428a3        0x0 /Users/kristofer/agondev/release/lib/libcrt.a(crt0.o)

.ctors          0x000428a3        0x0
 *(.ctors)
 .ctors         0x000428a3        0x0 /Users/kristofer/agondev/release/lib/libcrt.a(crt0.o)

.dtors          0x000428a3        0x0
 *(.dtors)
 .dtors         0x000428a3        0x0 /Users/kristofer/agondev/release/lib/libcrt.a(crt0.o)

.comment        0x00000000      0x45c
 .comment       0x00000000       0x71 obj/sectorlisp.o
 .comment       0x00000071       0x71 /Users/kristofer/agondev/release/lib/libc.a(fflush.o)
 .comment       0x000000e2       0x71 /Users/kristofer/agondev/release/lib/libc.a(fgets.o)
 .comment       0x00000153       0x71 /Users/kristofer/agondev/release/lib/libc.a(files.o)
 .comment       0x000001c4       0x71 /Users/kristofer/agondev/release/lib/libc.a(fputc.o)
 .comment       0x00000235       0x71 /Users/kristofer/agondev/release/lib/libc.a(nanoprintf.o)
 .comment       0x000002a6       0x71 /Users/kristofer/agondev/release/lib/libc.a(fgetc.o)
 .comment       0x00000317       0x71 /Users/kristofer/agondev/release/lib/libc.a(ungetc.o)
 .comment       0x00000388       0x6a /Users/kristofer/agondev/release/lib/libc.a(free.c.o)
 .comment       0x000003f2       0x6a /Users/kristofer/agondev/release/lib/libc.a(malloc.c.o)

.fini_array     0x000428a3        0x0
 *(.fini_array)
 .fini_array    0x000428a3        0x0 /Users/kristofer/agondev/release/lib/libcrt.a(crt0.o)

.rodata         0x000428a3       0xeb
 *(.rodata)
 .rodata        0x000428a3       0x34 obj/sectorlisp.o
 .rodata        0x000428d7       0xab /Users/kristofer/agondev/release/lib/libc.a(nanoprintf.o)
 .rodata        0x00042982        0xc /Users/kristofer/agondev/release/lib/libcrt.a(crt0.o)

.data           0x0004298e       0x48
 *(.data)
 .data          0x0004298e        0x0 obj/sectorlisp.o
 .data          0x0004298e        0x0 /Users/kristofer/agondev/release/lib/libc.a(strlen.o)
 .data          0x0004298e        0x0 /Users/kristofer/agondev/release/lib/libc.a(fflush.o)
 .data          0x0004298e        0x0 /Users/kristofer/agondev/release/lib/libc.a(fgets.o)
 .data          0x0004298e        0xf /Users/kristofer/agondev/release/lib/libc.a(files.o)
                0x0004298e                _stdin
                0x00042993                _stdout
                0x00042998                _stderr
 .data          0x0004299d        0x0 /Users/kristofer/agondev/release/lib/libc.a(fputc.o)
 .data          0x0004299d        0x0 /Users/kristofer/agondev/release/lib/libc.a(nanoprintf.o)
 .data          0x0004299d        0x0 /Users/kristofer/agondev/release/lib/libc.a(mos_fputc.o)
 .data          0x0004299d        0x0 /Users/kristofer/agondev/release/lib/libc.a(outchar.o)
 .data          0x0004299d        0x0 /Users/kristofer/agondev/release/lib/libc.a(putchar.o)
 .data          0x0004299d        0x0 /Users/kristofer/agondev/release/lib/libc.a(fgetc.o)
 .data          0x0004299d        0x0 /Users/kristofer/agondev/release/lib/libc.a(ungetc.o)
 .data          0x0004299d        0x0 /Users/kristofer/agondev/release/lib/libc.a(mos_fgetc.o)
 .data          0x0004299d        0x0 /Users/kristofer/agondev/release/lib/libcrt.a(and.o)
 .data          0x0004299d        0x0 /Users/kristofer/agondev/release/lib/libcrt.a(bshru.o)
 .data          0x0004299d       0x36 /Users/kristofer/agondev/release/lib/libcrt.a(crt0.o)
                0x000429d0                _exit.sp
 .data          0x000429d3        0x0 /Users/kristofer/agondev/release/lib/libcrt.a(frameset.o)
 .data          0x000429d3        0x0 /Users/kristofer/agondev/release/lib/libcrt.a(frameset0.o)
 .data          0x000429d3        0x0 /Users/kristofer/agondev/release/lib/libcrt.a(idivu.o)
 .data          0x000429d3        0x0 /Users/kristofer/agondev/release/lib/libcrt.a(idvrmu.o)
 .data          0x000429d3        0x0 /Users/kristofer/agondev/release/lib/libcrt.a(imulu.o)
 .data          0x000429d3        0x0 /Users/kristofer/agondev/release/lib/libcrt.a(inchar.o)
 .data          0x000429d3        0x0 /Users/kristofer/agondev/release/lib/libcrt.a(indcallhl.o)
 .data          0x000429d3        0x0 /Users/kristofer/agondev/release/lib/libcrt.a(inot.o)
 .data          0x000429d3        0x0 /Users/kristofer/agondev/release/lib/libcrt.a(ishl.o)
 .data          0x000429d3        0x0 /Users/kristofer/agondev/release/lib/libcrt.a(ishrs.o)
 .data          0x000429d3        0x0 /Users/kristofer/agondev/release/lib/libcrt.a(ladd.o)
 .data          0x000429d3        0x0 /Users/kristofer/agondev/release/lib/libcrt.a(lcmpu.o)
 .data          0x000429d3        0x0 /Users/kristofer/agondev/release/lib/libcrt.a(lcmpzero.o)
 .data          0x000429d3        0x0 /Users/kristofer/agondev/release/lib/libcrt.a(ldivu.o)
 .data          0x000429d3        0x0 /Users/kristofer/agondev/release/lib/libcrt.a(ldvrmu.o)
 .data          0x000429d3        0x0 /Users/kristofer/agondev/release/lib/libcrt.a(lmulu.o)
 .data          0x000429d3        0x0 /Users/kristofer/agondev/release/lib/libcrt.a(lneg.o)
 .data          0x000429d3        0x0 /Users/kristofer/agondev/release/lib/libcrt.a(lshl.o)
 .data          0x000429d3        0x0 /Users/kristofer/agondev/release/lib/libcrt.a(lshru.o)
 .data          0x000429d3        0x0 /Users/kristofer/agondev/release/lib/libcrt.a(sand.o)
 .data          0x000429d3        0x0 /Users/kristofer/agondev/release/lib/libcrt.a(setflag.o)
 .data          0x000429d3        0x0 /Users/kristofer/agondev/release/lib/libcrt.a(sshru.o)
 .data          0x000429d3        0x0 /Users/kristofer/agondev/release/lib/libcrt.a(xor.o)
 .data          0x000429d3        0x0 /Users/kristofer/agondev/release/lib/libcrt.a(lshrs.o)
 .data          0x000429d3        0x0 /Users/kristofer/agondev/release/lib/libfp.a(fpcmp.o)
 .data          0x000429d3        0x0 /Users/kristofer/agondev/release/lib/libc.a(free.c.o)
 .data          0x000429d3        0x0 /Users/kristofer/agondev/release/lib/libc.a(malloc.c.o)
 .data          0x000429d3        0x3 /Users/kristofer/agondev/release/lib/libc.a(sbrk.o)
                0x000429d3                __sbrkbase
 .data          0x000429d6        0x0 /Users/kristofer/agondev/release/lib/libcrt.a(lcmps.o)

.bss            0x000429d6    0x18546
                0x000429d6                        bss_start = .
 *(.bss .bss*)
 .bss           0x000429d6    0x18518 obj/sectorlisp.o
                0x000429d6                _RAM
                0x0005addc                _dx
                0x0005addf                _cx
                0x0005ade2                _error_message
                0x0005aee2                _error_jmp_buf
 .bss           0x0005aeee        0x0 /Users/kristofer/agondev/release/lib/libc.a(strlen.o)
 .bss           0x0005aeee        0x0 /Users/kristofer/agondev/release/lib/libc.a(fflush.o)
 .bss           0x0005aeee        0x0 /Users/kristofer/agondev/release/lib/libc.a(fgets.o)
 .bss           0x0005aeee       0x28 /Users/kristofer/agondev/release/lib/libc.a(files.o)
                0x0005aeee                __file_streams
 .bss           0x0005af16        0x0 /Users/kristofer/agondev/release/lib/libc.a(fputc.o)
 .bss           0x0005af16        0x0 /Users/kristofer/agondev/release/lib/libc.a(nanoprintf.o)
 .bss           0x0005af16        0x0 /Users/kristofer/agondev/release/lib/libc.a(mos_fputc.o)
 .bss           0x0005af16        0x0 /Users/kristofer/agondev/release/lib/libc.a(outchar.o)
 .bss           0x0005af16        0x0 /Users/kristofer/agondev/release/lib/libc.a(putchar.o)
 .bss           0x0005af16        0x0 /Users/kristofer/agondev/release/lib/libc.a(fgetc.o)
 .bss           0x0005af16        0x0 /Users/kristofer/agondev/release/lib/libc.a(ungetc.o)
 .bss           0x0005af16        0x0 /Users/kristofer/agondev/release/lib/libc.a(mos_fgetc.o)
 .bss           0x0005af16        0x0 /Users/kristofer/agondev/release/lib/libcrt.a(and.o)
 .bss           0x0005af16        0x0 /Users/kristofer/agondev/release/lib/libcrt.a(bshru.o)
 .bss           0x0005af16        0x0 /Users/kristofer/agondev/release/lib/libcrt.a(crt0.o)
 .bss           0x0005af16        0x0 /Users/kristofer/agondev/release/lib/libcrt.a(frameset.o)
 .bss           0x0005af16        0x0 /Users/kristofer/agondev/release/lib/libcrt.a(frameset0.o)
 .bss           0x0005af16        0x0 /Users/kristofer/agondev/release/lib/libcrt.a(idivu.o)
 .bss           0x0005af16        0x0 /Users/kristofer/agondev/release/lib/libcrt.a(idvrmu.o)
 .bss           0x0005af16        0x0 /Users/kristofer/agondev/release/lib/libcrt.a(imulu.o)
 .bss           0x0005af16        0x0 /Users/kristofer/agondev/release/lib/libcrt.a(inchar.o)
 .bss           0x0005af16        0x0 /Users/kristofer/agondev/release/lib/libcrt.a(indcallhl.o)
 .bss           0x0005af16        0x0 /Users/kristofer/agondev/release/lib/libcrt.a(inot.o)
 .bss           0x0005af16        0x0 /Users/kristofer/agondev/release/lib/libcrt.a(ishl.o)
 .bss           0x0005af16        0x0 /Users/kristofer/agondev/release/lib/libcrt.a(ishrs.o)
 .bss           0x0005af16        0x0 /Users/kristofer/agondev/release/lib/libcrt.a(ladd.o)
 .bss           0x0005af16        0x0 /Users/kristofer/agondev/release/lib/libcrt.a(lcmpu.o)
 .bss           0x0005af16        0x0 /Users/kristofer/agondev/release/lib/libcrt.a(lcmpzero.o)
 .bss           0x0005af16        0x0 /Users/kristofer/agondev/release/lib/libcrt.a(ldivu.o)
 .bss           0x0005af16        0x0 /Users/kristofer/agondev/release/lib/libcrt.a(ldvrmu.o)
 .bss           0x0005af16        0x0 /Users/kristofer/agondev/release/lib/libcrt.a(lmulu.o)
 .bss           0x0005af16        0x0 /Users/kristofer/agondev/release/lib/libcrt.a(lneg.o)
 .bss           0x0005af16        0x0 /Users/kristofer/agondev/release/lib/libcrt.a(lshl.o)
 .bss           0x0005af16        0x0 /Users/kristofer/agondev/release/lib/libcrt.a(lshru.o)
 .bss           0x0005af16        0x0 /Users/kristofer/agondev/release/lib/libcrt.a(sand.o)
 .bss           0x0005af16        0x0 /Users/kristofer/agondev/release/lib/libcrt.a(setflag.o)
 .bss           0x0005af16        0x0 /Users/kristofer/agondev/release/lib/libcrt.a(sshru.o)
 .bss           0x0005af16        0x0 /Users/kristofer/agondev/release/lib/libcrt.a(xor.o)
 .bss           0x0005af16        0x0 /Users/kristofer/agondev/release/lib/libcrt.a(lshrs.o)
 .bss           0x0005af16        0x0 /Users/kristofer/agondev/release/lib/libfp.a(fpcmp.o)
 .bss           0x0005af16        0x0 /Users/kristofer/agondev/release/lib/libc.a(free.c.o)
 .bss           0x0005af16        0x6 /Users/kristofer/agondev/release/lib/libc.a(malloc.c.o)
                0x0005af16                __alloc_base
 .bss           0x0005af1c        0x0 /Users/kristofer/agondev/release/lib/libc.a(sbrk.o)
 .bss           0x0005af1c        0x0 /Users/kristofer/agondev/release/lib/libcrt.a(lcmps.o)
                0x0005af1c                        bss_end = .
                0x000b0000                        __stack = (RAM_START + RAM_SIZE)
                0x000429d6                        ___low_bss = bss_start
                0x00018546                        ___len_bss = SIZEOF (.bss)
                0x0005af1c                        ___heapbot = bss_end
                0x000b0000                        ___heaptop = (RAM_START + RAM_SIZE)
                0x00000001                        ___run_clearbss = (___len_bss > 0x0)
                0x00000000                        ___init_array_count = (SIZEOF (.init_array) / 0x3)
                0x00000000                        ___ctors_count = (SIZEOF (.ctors) / 0x3)
                0x00000000                        ___dtors_count = (SIZEOF (.dtors) / 0x3)
                0x00000000                        ___fini_array_count = (SIZEOF (.fini_array) / 0x3)
                0x00000000                        ___init_count = (___init_array_count + ___ctors_count)
                0x00000000                        ___fini_count = (___dtors_count + ___fini_array_count)
                0x00000000                        ___run_init = (___init_count > 0x0)
                0x00000000                        ___run_fini = (___fini_count > 0x0)
                0x00000100                        ___init_count_a = ((((___init_count - 0x1) >> 0x10) & 0xff) + 0x1)
                0x00000100                        ___init_count_b = (((___init_count - 0x1) & 0xff) + 0x1)
                0x00000100                        ___init_count_c = ((((___init_count - 0x1) >> 0x8) & 0xff) + 0x1)
                0x00000100                        ___fini_count_a = ((((___fini_count - 0x1) >> 0x10) & 0xff) + 0x1)
                0x00000100                        ___fini_count_b = (((___fini_count - 0x1) & 0xff) + 0x1)
                0x00000100                        ___fini_count_c = ((((___fini_count - 0x1) >> 0x8) & 0xff) + 0x1)
                0x000428a3                        ___init_array_functions = (SIZEOF (.init_array) + ADDR (.init_array))
                0x000428a3                        ___init_ctors_functions = (SIZEOF (.ctors) + ADDR (.ctors))
                0x000428a3                        ___fini_dtors_functions = (SIZEOF (.dtors) + ADDR (.dtors))
                0x000428a3                        ___fini_array_functions = (SIZEOF (.fini_array) + ADDR (.fini_array))
LOAD obj/sectorlisp.o
START GROUP
LOAD /Users/kristofer/agondev/release/lib/libc.a
LOAD /Users/kristofer/agondev/release/lib/libagon.a
LOAD /Users/kristofer/agondev/release/lib/libcrt.a
LOAD /Users/kristofer/agondev/release/lib/libfp.a
END GROUP
OUTPUT(bin/sectorlisp.c.bin binary)
