Archive member included to satisfy reference by file (symbol)

/Users/kristofer/agondev/release/lib/libc.a(clock.o)
                              obj/ze2.o (_clock)
/Users/kristofer/agondev/release/lib/libc.a(ffs_fclose.o)
                              obj/ze2.o (_ffs_fclose)
/Users/kristofer/agondev/release/lib/libc.a(ffs_fopen.o)
                              obj/ze2.o (_ffs_fopen)
/Users/kristofer/agondev/release/lib/libc.a(ffs_fread.o)
                              obj/ze2.o (_ffs_fread)
/Users/kristofer/agondev/release/lib/libc.a(ffs_stat.o)
                              obj/ze2.o (_ffs_stat)
/Users/kristofer/agondev/release/lib/libc.a(free.c.o)
                              obj/ze2.o (_free)
/Users/kristofer/agondev/release/lib/libc.a(getch.o)
                              obj/ze2.o (_getch)
/Users/kristofer/agondev/release/lib/libc.a(getchar.o)
                              obj/ze2.o (_getchar)
/Users/kristofer/agondev/release/lib/libc.a(isprint.o)
                              obj/ze2.o (_isprint)
/Users/kristofer/agondev/release/lib/libc.a(malloc.c.o)
                              obj/ze2.o (_malloc)
/Users/kristofer/agondev/release/lib/libc.a(mos_getsysvar_time.o)
                              /Users/kristofer/agondev/release/lib/libc.a(clock.o) (_getsysvar_time)
/Users/kristofer/agondev/release/lib/libc.a(outchar.o)
                              /Users/kristofer/agondev/release/lib/libc.a(getchar.o) (_outchar)
/Users/kristofer/agondev/release/lib/libc.a(putchar.o)
                              obj/ze2.o (_putchar)
/Users/kristofer/agondev/release/lib/libc.a(realloc.c.o)
                              obj/ze2.o (_realloc)
/Users/kristofer/agondev/release/lib/libc.a(sbrk.o)
                              /Users/kristofer/agondev/release/lib/libc.a(malloc.c.o) (_sbrk)
/Users/kristofer/agondev/release/lib/libc.a(strlen.o)
                              obj/ze2.o (_strlen)
/Users/kristofer/agondev/release/lib/libc.a(strncpy.o)
                              obj/ze2.o (_strncpy)
/Users/kristofer/agondev/release/lib/libc.a(assert.o)
                              obj/ze2.o (___assert_fail_loc)
/Users/kristofer/agondev/release/lib/libc.a(fclose.o)
                              obj/ze2.o (_fclose)
/Users/kristofer/agondev/release/lib/libc.a(fgetc.o)
                              /Users/kristofer/agondev/release/lib/libc.a(getchar.o) (_fgetc)
/Users/kristofer/agondev/release/lib/libc.a(files.o)
                              /Users/kristofer/agondev/release/lib/libc.a(getchar.o) (_stdin)
/Users/kristofer/agondev/release/lib/libc.a(fopen.o)
                              obj/ze2.o (_fopen)
/Users/kristofer/agondev/release/lib/libc.a(fputc.o)
                              /Users/kristofer/agondev/release/lib/libc.a(putchar.o) (_fputc)
/Users/kristofer/agondev/release/lib/libc.a(fseek.o)
                              /Users/kristofer/agondev/release/lib/libc.a(fopen.o) (_fseek)
/Users/kristofer/agondev/release/lib/libc.a(fwrite.o)
                              obj/ze2.o (_fwrite)
/Users/kristofer/agondev/release/lib/libc.a(nanoprintf.o)
                              obj/ze2.o (_printf)
/Users/kristofer/agondev/release/lib/libc.a(ungetc.o)
                              /Users/kristofer/agondev/release/lib/libc.a(fgetc.o) (_ungetc)
/Users/kristofer/agondev/release/lib/libc.a(memcpy.o)
                              /Users/kristofer/agondev/release/lib/libc.a(realloc.c.o) (_memcpy)
/Users/kristofer/agondev/release/lib/libc.a(mos_fclose.o)
                              /Users/kristofer/agondev/release/lib/libc.a(fclose.o) (_mos_fclose)
/Users/kristofer/agondev/release/lib/libc.a(mos_fgetc.o)
                              /Users/kristofer/agondev/release/lib/libc.a(fgetc.o) (_mos_fgetc)
/Users/kristofer/agondev/release/lib/libc.a(mos_flseek.o)
                              /Users/kristofer/agondev/release/lib/libc.a(fseek.o) (_mos_flseek)
/Users/kristofer/agondev/release/lib/libc.a(mos_fopen.o)
                              /Users/kristofer/agondev/release/lib/libc.a(fopen.o) (_mos_fopen)
/Users/kristofer/agondev/release/lib/libc.a(mos_fputc.o)
                              /Users/kristofer/agondev/release/lib/libc.a(fputc.o) (_mos_fputc)
/Users/kristofer/agondev/release/lib/libc.a(mos_fwrite.o)
                              /Users/kristofer/agondev/release/lib/libc.a(fwrite.o) (_mos_fwrite)
/Users/kristofer/agondev/release/lib/libc.a(mos_getfil.o)
                              /Users/kristofer/agondev/release/lib/libc.a(fseek.o) (_mos_getfil)
/Users/kristofer/agondev/release/lib/libc.a(strchr.o)
                              /Users/kristofer/agondev/release/lib/libc.a(fopen.o) (_strchr)
/Users/kristofer/agondev/release/lib/libc.a(errno.o)
                              /Users/kristofer/agondev/release/lib/libc.a(fopen.o) (_errno)
/Users/kristofer/agondev/release/lib/libagon.a(vdp_clear_screen.o)
                              obj/ze2.o (_vdp_clear_screen)
/Users/kristofer/agondev/release/lib/libagon.a(vdp_cursor_behaviour.o)
                              obj/ze2.o (_vdp_cursor_behaviour)
/Users/kristofer/agondev/release/lib/libagon.a(vdp_cursor_enable.o)
                              obj/ze2.o (_vdp_cursor_enable)
/Users/kristofer/agondev/release/lib/libagon.a(vdp_cursor_tab.o)
                              obj/ze2.o (_vdp_cursor_tab)
/Users/kristofer/agondev/release/lib/libagon.a(vdp_define_colour.o)
                              obj/ze2.o (_vdp_define_colour)
/Users/kristofer/agondev/release/lib/libagon.a(vdp_get_scr_dims.o)
                              obj/ze2.o (_vdp_get_scr_dims)
/Users/kristofer/agondev/release/lib/libagon.a(vdp_key.o)
                              obj/ze2.o (_vdp_key_init)
/Users/kristofer/agondev/release/lib/libagon.a(vdp_logical_scr_dims.o)
                              obj/ze2.o (_vdp_logical_scr_dims)
/Users/kristofer/agondev/release/lib/libagon.a(vdp_mode.o)
                              obj/ze2.o (_vdp_mode)
/Users/kristofer/agondev/release/lib/libagon.a(vdp_reset_system_font.o)
                              obj/ze2.o (_vdp_reset_system_font)
/Users/kristofer/agondev/release/lib/libagon.a(vdp_set_text_colour.o)
                              obj/ze2.o (_vdp_set_text_colour)
/Users/kristofer/agondev/release/lib/libagon.a(vdp_vdu_init.o)
                              obj/ze2.o (_vdp_vdu_init)
/Users/kristofer/agondev/release/lib/libagon.a(intagon.o)
                              /Users/kristofer/agondev/release/lib/libagon.a(vdp_key.o) (__agdev_default_mi_handler)
/Users/kristofer/agondev/release/lib/libcrt.a(and.o)
                              /Users/kristofer/agondev/release/lib/libc.a(nanoprintf.o) (__land)
/Users/kristofer/agondev/release/lib/libcrt.a(bshru.o)
                              obj/ze2.o (__bshru)
/Users/kristofer/agondev/release/lib/libcrt.a(crt0.o)
                              (__start)
/Users/kristofer/agondev/release/lib/libcrt.a(frameset.o)
                              obj/ze2.o (__frameset)
/Users/kristofer/agondev/release/lib/libcrt.a(frameset0.o)
                              obj/ze2.o (__frameset0)
/Users/kristofer/agondev/release/lib/libcrt.a(idivs.o)
                              obj/ze2.o (__idivs)
/Users/kristofer/agondev/release/lib/libcrt.a(idivu.o)
                              /Users/kristofer/agondev/release/lib/libc.a(fwrite.o) (__idivu)
/Users/kristofer/agondev/release/lib/libcrt.a(idvrms.o)
                              /Users/kristofer/agondev/release/lib/libcrt.a(idivs.o) (__idvrms)
/Users/kristofer/agondev/release/lib/libcrt.a(idvrmu.o)
                              /Users/kristofer/agondev/release/lib/libcrt.a(idivu.o) (__idvrmu)
/Users/kristofer/agondev/release/lib/libcrt.a(imulu.o)
                              /Users/kristofer/agondev/release/lib/libc.a(fclose.o) (__imulu)
/Users/kristofer/agondev/release/lib/libcrt.a(inchar.o)
                              /Users/kristofer/agondev/release/lib/libc.a(getchar.o) (_inchar)
/Users/kristofer/agondev/release/lib/libcrt.a(indcallhl.o)
                              obj/ze2.o (__indcallhl)
/Users/kristofer/agondev/release/lib/libcrt.a(ineg_sneg.o)
                              /Users/kristofer/agondev/release/lib/libcrt.a(idvrms.o) (__ineg)
/Users/kristofer/agondev/release/lib/libcrt.a(ishl.o)
                              obj/ze2.o (__ishl)
/Users/kristofer/agondev/release/lib/libcrt.a(ishrs.o)
                              obj/ze2.o (__ishru)
/Users/kristofer/agondev/release/lib/libcrt.a(ladd.o)
                              obj/ze2.o (__ladd)
/Users/kristofer/agondev/release/lib/libcrt.a(lcmps.o)
                              obj/ze2.o (__lcmps)
/Users/kristofer/agondev/release/lib/libcrt.a(lcmpu.o)
                              obj/ze2.o (__lcmpu)
/Users/kristofer/agondev/release/lib/libcrt.a(lcmpzero.o)
                              obj/ze2.o (__lcmpzero)
/Users/kristofer/agondev/release/lib/libcrt.a(ldivu.o)
                              /Users/kristofer/agondev/release/lib/libc.a(nanoprintf.o) (__ldivu)
/Users/kristofer/agondev/release/lib/libcrt.a(ldvrmu.o)
                              /Users/kristofer/agondev/release/lib/libcrt.a(ldivu.o) (__ldvrmu)
/Users/kristofer/agondev/release/lib/libcrt.a(lmulu.o)
                              /Users/kristofer/agondev/release/lib/libc.a(nanoprintf.o) (__lmulu)
/Users/kristofer/agondev/release/lib/libcrt.a(lneg.o)
                              /Users/kristofer/agondev/release/lib/libc.a(nanoprintf.o) (__lneg)
/Users/kristofer/agondev/release/lib/libcrt.a(lshl.o)
                              /Users/kristofer/agondev/release/lib/libc.a(nanoprintf.o) (__lshl)
/Users/kristofer/agondev/release/lib/libcrt.a(lshru.o)
                              /Users/kristofer/agondev/release/lib/libc.a(nanoprintf.o) (__lshru)
/Users/kristofer/agondev/release/lib/libcrt.a(sand.o)
                              obj/ze2.o (__sand)
/Users/kristofer/agondev/release/lib/libcrt.a(setflag.o)
                              obj/ze2.o (__setflag)
/Users/kristofer/agondev/release/lib/libcrt.a(sshru.o)
                              obj/ze2.o (__sshru)
/Users/kristofer/agondev/release/lib/libcrt.a(xor.o)
                              /Users/kristofer/agondev/release/lib/libc.a(nanoprintf.o) (__ixor)
/Users/kristofer/agondev/release/lib/libcrt.a(lshrs.o)
                              /Users/kristofer/agondev/release/lib/libcrt.a(lshru.o) (__lshrs.hijack_lshru)
/Users/kristofer/agondev/release/lib/libfp.a(fpcmp.o)
                              /Users/kristofer/agondev/release/lib/libc.a(nanoprintf.o) (__fcmp)
/Users/kristofer/agondev/release/lib/libc.a(mos_puts.o)
                              /Users/kristofer/agondev/release/lib/libagon.a(vdp_clear_screen.o) (_mos_puts)
/Users/kristofer/agondev/release/lib/libc.a(mos_setintvector.o)
                              /Users/kristofer/agondev/release/lib/libagon.a(vdp_key.o) (_mos_setintvector)
/Users/kristofer/agondev/release/lib/libc.a(mos_sysvars.o)
                              /Users/kristofer/agondev/release/lib/libagon.a(vdp_vdu_init.o) (_mos_sysvars)

There are no discarded input sections

Memory Configuration

Name             Origin             Length             Attributes
USERRAM          0x00040000         0x00070000         rw
*default*        0x00000000         0xffffffff

Linker script and memory map

                0x00040000                        RAM_START = 0x40000
                0x00070000                        RAM_SIZE = 0x70000
                0x00000000                        _has_exit_handler = 0x0
                0x00040000                        . = RAM_START

.init           0x00040000      0x1d4
 *(.init .init.args .init.bss .fini)
 .init          0x00040000       0xbb /Users/kristofer/agondev/release/lib/libcrt.a(crt0.o)
                0x00040040                __mos_header
                0x00040045                __start
                0x000400b8                __start._main
 .fini          0x000400bb       0xbe /Users/kristofer/agondev/release/lib/libcrt.a(crt0.o)
                0x000400bb                ___exithl
                0x000400bd                _exit
                0x0004011c                __Exit
                0x00040120                _abort
 .init.bss      0x00040179       0x11 /Users/kristofer/agondev/release/lib/libcrt.a(crt0.o)
 .init.args     0x0004018a       0x4a /Users/kristofer/agondev/release/lib/libcrt.a(crt0.o)
                0x0004018a                _parse_option
                0x0004018a                _parse_params

.text           0x000401d4     0x4407
 *(.text)
 .text          0x000401d4     0x1fae obj/ze2.o
                0x000401d4                _start_color
                0x000401e9                _erase
                0x000401f2                _clear
                0x000401fb                _clearok
                0x0004020a                _key_event_handler
                0x0004024d                _initscr
                0x0004027f                _getcury
                0x00040292                _getcurx
                0x000402a5                _getmaxy
                0x000402c2                _getmaxx
                0x000402df                _init_color
                0x00040344                _has_colors
                0x00040347                _can_change_color
                0x00040349                _color_content
                0x00040353                _curs_set
                0x00040385                _printw
                0x000403ba                _addstr
                0x000403d4                _vw_printw
                0x00040409                _mvprintw
                0x0004044c                _init_pair
                0x000404b7                _pair_content
                0x00040528                _COLOR_PAIR
                0x00040538                _use_default_colors
                0x0004053c                _refresh
                0x00040541                _endwin
                0x00040570                _isendwin
                0x00040574                _attron
                0x000405f6                _attroff
                0x00040615                _attr_get
                0x0004061f                _wmove
                0x00040638                _move
                0x00040651                _clrtoeol
                0x00040655                _addch
                0x000406e6                _mvaddch
                0x00040708                _noecho
                0x0004070d                _nonl
                0x00040711                _halfdelay
                0x0004071c                _mvaddstr
                0x0004073e                _beep
                0x0004074d                _keypad
                0x00040757                _nodelay
                0x0004078b                _wtimeout
                0x000407bc                _timeout
                0x000407ce                _wgetch
                0x000407eb                _savetty
                0x000407f0                _resetty
                0x000407f5                _cbreak
                0x000407fa                _nocbreak
                0x000407fe                _wborder
                0x00040a05                _napms
                0x00040a53                _new_buffer
                0x00040a9f                _fatal
                0x00040ac0                _msg
                0x00040af0                _ptr
                0x00040b40                _pos
                0x00040ba3                _growgap
                0x00040dce                _movegap
                0x00040ec6                _save
                0x00040fa4                _insert_file
                0x00041137                _display_key
                0x000411a2                _get_key
                0x000412ae                _segstart
                0x000413fb                _segnext
                0x000414f7                _start_of_line_point
                0x00041598                _previous_line_point
                0x0004163e                _next_line_point
                0x0004166c                _column_to_point
                0x00041740                _modeline
                0x0004181e                _dispmsg
                0x0004184a                _display
                0x00041c15                _top
                0x00041c24                _bottom
                0x00041c89                _left
                0x00041cb9                _right
                0x00041d21                _up
                0x00041d6b                _down
                0x00041db4                _beginning_of_line
                0x00041deb                _end_of_line
                0x00041e54                _quit
                0x00041e5d                _redraw
                0x00041e65                _pgdown
                0x00041ed7                _pgup
                0x00041f41                _insert
                0x00041fd9                _backsp
                0x00042030                _delete
                0x00042080                _main
 .text          0x00042182        0x4 /Users/kristofer/agondev/release/lib/libc.a(clock.o)
                0x00042182                _clock
 .text          0x00042186       0x15 /Users/kristofer/agondev/release/lib/libc.a(ffs_fclose.o)
                0x00042186                _ffs_fclose
 .text          0x0004219b       0x1b /Users/kristofer/agondev/release/lib/libc.a(ffs_fopen.o)
                0x0004219b                _ffs_fopen
 .text          0x000421b6       0x1d /Users/kristofer/agondev/release/lib/libc.a(ffs_fread.o)
                0x000421b6                _ffs_fread
 .text          0x000421d3       0x18 /Users/kristofer/agondev/release/lib/libc.a(ffs_stat.o)
                0x000421d3                _ffs_stat
 .text          0x000421eb       0xbd /Users/kristofer/agondev/release/lib/libc.a(free.c.o)
                0x000421eb                _free
 .text          0x000422a8        0x9 /Users/kristofer/agondev/release/lib/libc.a(getch.o)
                0x000422a8                _getch
 .text          0x000422b1       0x3d /Users/kristofer/agondev/release/lib/libc.a(getchar.o)
                0x000422b1                _getchar
 .text          0x000422ee        0xc /Users/kristofer/agondev/release/lib/libc.a(isprint.o)
                0x000422ee                _isprint
 .text          0x000422fa       0x9f /Users/kristofer/agondev/release/lib/libc.a(malloc.c.o)
                0x000422fa                _malloc
 .text          0x00042399        0xf /Users/kristofer/agondev/release/lib/libc.a(mos_getsysvar_time.o)
                0x00042399                _getsysvar_time
 .text          0x000423a8        0x7 /Users/kristofer/agondev/release/lib/libc.a(outchar.o)
                0x000423a8                _outchar
 .text          0x000423af       0x2f /Users/kristofer/agondev/release/lib/libc.a(putchar.o)
                0x000423af                _putchar
 .text          0x000423de       0x76 /Users/kristofer/agondev/release/lib/libc.a(realloc.c.o)
                0x000423de                _realloc
 .text          0x00042454       0x28 /Users/kristofer/agondev/release/lib/libc.a(sbrk.o)
                0x00042454                _sbrk
 .text          0x0004247c       0x15 /Users/kristofer/agondev/release/lib/libc.a(strlen.o)
                0x0004247c                _strlen
 .text          0x00042491       0x43 /Users/kristofer/agondev/release/lib/libc.a(strncpy.o)
                0x00042491                _strncpy
 .text          0x000424d4        0x0 /Users/kristofer/agondev/release/lib/libc.a(assert.o)
 .text          0x000424d4       0x44 /Users/kristofer/agondev/release/lib/libc.a(fclose.o)
                0x000424d4                _fclose
 .text          0x00042518       0xdf /Users/kristofer/agondev/release/lib/libc.a(fgetc.o)
                0x00042518                _fgetc
 .text          0x000425f7       0x52 /Users/kristofer/agondev/release/lib/libc.a(files.o)
                0x000425f7                __stdio_init
 .text          0x00042649      0x12c /Users/kristofer/agondev/release/lib/libc.a(fopen.o)
                0x00042649                _fopen
                0x0004270a                ___fmodeflags
 .text          0x00042775       0xb7 /Users/kristofer/agondev/release/lib/libc.a(fputc.o)
                0x00042775                _fputc
                0x00042805                _fput_char
 .text          0x0004282c       0xa9 /Users/kristofer/agondev/release/lib/libc.a(fseek.o)
                0x0004282c                _fseek
 .text          0x000428d5       0xd4 /Users/kristofer/agondev/release/lib/libc.a(fwrite.o)
                0x000428d5                _fwrite
 .text          0x000429a9     0x13b8 /Users/kristofer/agondev/release/lib/libc.a(nanoprintf.o)
                0x000429a9                _npf_vpprintf
                0x00043aea                _npf_pprintf
                0x00043b12                _npf_snprintf
                0x00043b3a                _npf_vsnprintf
                0x00043be7                _vprintf
                0x00043c17                _printf
                0x00043c36                _fprintf
                0x00043c59                _vfprintf
                0x00043c8e                _vsnprintf
                0x00043cf1                _snprintf
                0x00043d19                _vsprintf
                0x00043d38                _sprintf
 .text          0x00043d61       0x3d /Users/kristofer/agondev/release/lib/libc.a(ungetc.o)
                0x00043d61                _ungetc
 .text          0x00043d9e       0x1c /Users/kristofer/agondev/release/lib/libc.a(memcpy.o)
                0x00043d9e                _memcpy
 .text          0x00043dba       0x15 /Users/kristofer/agondev/release/lib/libc.a(mos_fclose.o)
                0x00043dba                _mos_fclose
 .text          0x00043dcf       0x15 /Users/kristofer/agondev/release/lib/libc.a(mos_fgetc.o)
                0x00043dcf                _mos_fgetc
 .text          0x00043de4       0x1f /Users/kristofer/agondev/release/lib/libc.a(mos_flseek.o)
                0x00043de4                _mos_flseek
 .text          0x00043e03       0x18 /Users/kristofer/agondev/release/lib/libc.a(mos_fopen.o)
                0x00043e03                _mos_fopen
 .text          0x00043e1b       0x18 /Users/kristofer/agondev/release/lib/libc.a(mos_fputc.o)
                0x00043e1b                _mos_fputc
 .text          0x00043e33       0x1c /Users/kristofer/agondev/release/lib/libc.a(mos_fwrite.o)
                0x00043e33                _mos_fwrite
 .text          0x00043e4f       0x15 /Users/kristofer/agondev/release/lib/libc.a(mos_getfil.o)
                0x00043e4f                _mos_getfil
 .text          0x00043e64       0x1d /Users/kristofer/agondev/release/lib/libc.a(strchr.o)
                0x00043e64                _strchr
 .text          0x00043e81        0x0 /Users/kristofer/agondev/release/lib/libc.a(errno.o)
 .text          0x00043e81       0x17 /Users/kristofer/agondev/release/lib/libagon.a(vdp_clear_screen.o)
                0x00043e81                _vdp_clear_screen
 .text          0x00043e98       0x2a /Users/kristofer/agondev/release/lib/libagon.a(vdp_cursor_behaviour.o)
                0x00043e98                _vdp_cursor_behaviour
 .text          0x00043ec2       0x25 /Users/kristofer/agondev/release/lib/libagon.a(vdp_cursor_enable.o)
                0x00043ec2                _vdp_cursor_enable
 .text          0x00043ee7       0x2a /Users/kristofer/agondev/release/lib/libagon.a(vdp_cursor_tab.o)
                0x00043ee7                _vdp_cursor_tab
 .text          0x00043f11       0x42 /Users/kristofer/agondev/release/lib/libagon.a(vdp_define_colour.o)
                0x00043f11                _vdp_define_colour
 .text          0x00043f53       0x54 /Users/kristofer/agondev/release/lib/libagon.a(vdp_get_scr_dims.o)
                0x00043f53                _vdp_get_scr_dims
 .text          0x00043fa7      0x1ec /Users/kristofer/agondev/release/lib/libagon.a(vdp_key.o)
                0x00043fa7                _vdp_key_init
                0x00044062                _check_bytes_get_int
                0x00044094                _check_bytes
                0x000440b9                _vdp_key_reset_interrupt
                0x000440d8                _vdp_set_key_event_handler
                0x000440e6                _vdp_update_key_state
                0x0004415f                _vdp_check_key_press
 .text          0x00044193       0x25 /Users/kristofer/agondev/release/lib/libagon.a(vdp_logical_scr_dims.o)
                0x00044193                _vdp_logical_scr_dims
 .text          0x000441b8       0x3a /Users/kristofer/agondev/release/lib/libagon.a(vdp_mode.o)
                0x000441b8                _vdp_mode
 .text          0x000441f2       0x17 /Users/kristofer/agondev/release/lib/libagon.a(vdp_reset_system_font.o)
                0x000441f2                _vdp_reset_system_font
 .text          0x00044209       0x23 /Users/kristofer/agondev/release/lib/libagon.a(vdp_set_text_colour.o)
                0x00044209                _vdp_set_text_colour
 .text          0x0004422c        0x9 /Users/kristofer/agondev/release/lib/libagon.a(vdp_vdu_init.o)
                0x0004422c                _vdp_vdu_init
 .text          0x00044235       0xab /Users/kristofer/agondev/release/lib/libagon.a(intagon.o)
                0x00044235                __agdev_default_mi_handler
                0x00044239                __agdev_uart0_handler
                0x00044241                __agdev_UART0_serial_RX
                0x00044246                __agdev_vdp_protocol_data
                0x0004424b                __agdev_vdp_protocol
 .text          0x000442e0       0x1c /Users/kristofer/agondev/release/lib/libcrt.a(and.o)
                0x000442e0                __land
                0x000442e5                __iand
                0x000442e6                __iand.hijack_land
 .text          0x000442fc        0xa /Users/kristofer/agondev/release/lib/libcrt.a(bshru.o)
                0x000442fc                __bshru
 .text          0x00044306       0x2c /Users/kristofer/agondev/release/lib/libcrt.a(crt0.o)
                0x00044306                _atexit
                0x00044306                _on_exit
 .text          0x00044332        0xe /Users/kristofer/agondev/release/lib/libcrt.a(frameset.o)
                0x00044332                __frameset
 .text          0x00044340        0xb /Users/kristofer/agondev/release/lib/libcrt.a(frameset0.o)
                0x00044340                __frameset0
 .text          0x0004434b        0x7 /Users/kristofer/agondev/release/lib/libcrt.a(idivs.o)
                0x0004434b                __idivs
 .text          0x00044352        0x8 /Users/kristofer/agondev/release/lib/libcrt.a(idivu.o)
                0x00044352                __idivu
 .text          0x0004435a       0x2e /Users/kristofer/agondev/release/lib/libcrt.a(idvrms.o)
                0x0004435a                __idvrms
 .text          0x00044388       0x18 /Users/kristofer/agondev/release/lib/libcrt.a(idvrmu.o)
                0x00044388                __idvrmu
                0x0004438c                __idvrmu.hijack_a_iters_ude_dividend
 .text          0x000443a0       0x30 /Users/kristofer/agondev/release/lib/libcrt.a(imulu.o)
                0x000443a0                __imuls
                0x000443a0                __imulu
 .text          0x000443d0        0x7 /Users/kristofer/agondev/release/lib/libcrt.a(inchar.o)
                0x000443d0                _inchar
 .text          0x000443d7        0x1 /Users/kristofer/agondev/release/lib/libcrt.a(indcallhl.o)
                0x000443d7                __indcallhl
 .text          0x000443d8        0x9 /Users/kristofer/agondev/release/lib/libcrt.a(ineg_sneg.o)
                0x000443d8                __ineg
                0x000443d8                __sneg
 .text          0x000443e1       0x26 /Users/kristofer/agondev/release/lib/libcrt.a(ishl.o)
                0x000443e1                __sshl
                0x000443e1                __ishl
 .text          0x00044407       0x41 /Users/kristofer/agondev/release/lib/libcrt.a(ishrs.o)
                0x00044407                __ishru
                0x0004440c                __ishrs
 .text          0x00044448        0x6 /Users/kristofer/agondev/release/lib/libcrt.a(ladd.o)
                0x00044448                __ladd
 .text          0x0004444e        0xd /Users/kristofer/agondev/release/lib/libcrt.a(lcmps.o)
                0x0004444e                __lcmps
 .text          0x0004445b        0x8 /Users/kristofer/agondev/release/lib/libcrt.a(lcmpu.o)
                0x0004445b                __lcmpu
 .text          0x00044463        0xb /Users/kristofer/agondev/release/lib/libcrt.a(lcmpzero.o)
                0x00044463                __lcmpzero
 .text          0x0004446e        0xa /Users/kristofer/agondev/release/lib/libcrt.a(ldivu.o)
                0x0004446e                __ldivu
 .text          0x00044478       0x28 /Users/kristofer/agondev/release/lib/libcrt.a(ldvrmu.o)
                0x00044478                __ldvrmu
 .text          0x000444a0       0x5c /Users/kristofer/agondev/release/lib/libcrt.a(lmulu.o)
                0x000444a0                __lmuls
                0x000444a0                __lmulu
 .text          0x000444fc        0xd /Users/kristofer/agondev/release/lib/libcrt.a(lneg.o)
                0x000444fc                __lneg
 .text          0x00044509        0xd /Users/kristofer/agondev/release/lib/libcrt.a(lshl.o)
                0x00044509                __lshl
 .text          0x00044516       0x10 /Users/kristofer/agondev/release/lib/libcrt.a(lshru.o)
                0x00044516                __lshru
 .text          0x00044526        0x9 /Users/kristofer/agondev/release/lib/libcrt.a(sand.o)
                0x00044526                __sand
 .text          0x0004452f        0xf /Users/kristofer/agondev/release/lib/libcrt.a(setflag.o)
                0x0004452f                __setflag
 .text          0x0004453e        0xd /Users/kristofer/agondev/release/lib/libcrt.a(sshru.o)
                0x0004453e                __sshru
 .text          0x0004454b       0x1b /Users/kristofer/agondev/release/lib/libcrt.a(xor.o)
                0x0004454b                __lxor
                0x0004454f                __ixor
 .text          0x00044566       0x1b /Users/kristofer/agondev/release/lib/libcrt.a(lshrs.o)
                0x00044566                __lshrs
                0x00044572                __lshrs.hijack_lshru
 .text          0x00044581       0x1d /Users/kristofer/agondev/release/lib/libfp.a(fpcmp.o)
                0x00044581                __fcmp
 .text          0x0004459e       0x19 /Users/kristofer/agondev/release/lib/libc.a(mos_puts.o)
                0x0004459e                _mos_puts
 .text          0x000445b7       0x18 /Users/kristofer/agondev/release/lib/libc.a(mos_setintvector.o)
                0x000445b7                _mos_setintvector
 .text          0x000445cf        0xc /Users/kristofer/agondev/release/lib/libc.a(mos_sysvars.o)
                0x000445cf                _mos_sysvars

.text.unlikely.
                0x000445db       0x35
 .text.unlikely.
                0x000445db       0x35 /Users/kristofer/agondev/release/lib/libc.a(assert.o)
                0x000445db                ___assert_fail_loc

.init_array     0x00044610        0x0
 *(.init_array)
 .init_array    0x00044610        0x0 /Users/kristofer/agondev/release/lib/libcrt.a(crt0.o)

.ctors          0x00044610        0x0
 *(.ctors)
 .ctors         0x00044610        0x0 /Users/kristofer/agondev/release/lib/libcrt.a(crt0.o)

.dtors          0x00044610        0x0
 *(.dtors)
 .dtors         0x00044610        0x0 /Users/kristofer/agondev/release/lib/libcrt.a(crt0.o)

.comment        0x00000000      0xbd6
 .comment       0x00000000       0x71 obj/ze2.o
 .comment       0x00000071       0x6a /Users/kristofer/agondev/release/lib/libc.a(free.c.o)
 .comment       0x000000db       0x6a /Users/kristofer/agondev/release/lib/libc.a(malloc.c.o)
 .comment       0x00000145       0x6a /Users/kristofer/agondev/release/lib/libc.a(realloc.c.o)
 .comment       0x000001af       0x71 /Users/kristofer/agondev/release/lib/libc.a(assert.o)
 .comment       0x00000220       0x71 /Users/kristofer/agondev/release/lib/libc.a(fclose.o)
 .comment       0x00000291       0x71 /Users/kristofer/agondev/release/lib/libc.a(fgetc.o)
 .comment       0x00000302       0x71 /Users/kristofer/agondev/release/lib/libc.a(files.o)
 .comment       0x00000373       0x71 /Users/kristofer/agondev/release/lib/libc.a(fopen.o)
 .comment       0x000003e4       0x71 /Users/kristofer/agondev/release/lib/libc.a(fputc.o)
 .comment       0x00000455       0x71 /Users/kristofer/agondev/release/lib/libc.a(fseek.o)
 .comment       0x000004c6       0x71 /Users/kristofer/agondev/release/lib/libc.a(fwrite.o)
 .comment       0x00000537       0x71 /Users/kristofer/agondev/release/lib/libc.a(nanoprintf.o)
 .comment       0x000005a8       0x71 /Users/kristofer/agondev/release/lib/libc.a(ungetc.o)
 .comment       0x00000619       0x71 /Users/kristofer/agondev/release/lib/libc.a(errno.o)
 .comment       0x0000068a       0x71 /Users/kristofer/agondev/release/lib/libagon.a(vdp_clear_screen.o)
 .comment       0x000006fb       0x71 /Users/kristofer/agondev/release/lib/libagon.a(vdp_cursor_behaviour.o)
 .comment       0x0000076c       0x71 /Users/kristofer/agondev/release/lib/libagon.a(vdp_cursor_enable.o)
 .comment       0x000007dd       0x71 /Users/kristofer/agondev/release/lib/libagon.a(vdp_cursor_tab.o)
 .comment       0x0000084e       0x71 /Users/kristofer/agondev/release/lib/libagon.a(vdp_define_colour.o)
 .comment       0x000008bf       0x71 /Users/kristofer/agondev/release/lib/libagon.a(vdp_get_scr_dims.o)
 .comment       0x00000930       0x71 /Users/kristofer/agondev/release/lib/libagon.a(vdp_key.o)
 .comment       0x000009a1       0x71 /Users/kristofer/agondev/release/lib/libagon.a(vdp_logical_scr_dims.o)
 .comment       0x00000a12       0x71 /Users/kristofer/agondev/release/lib/libagon.a(vdp_mode.o)
 .comment       0x00000a83       0x71 /Users/kristofer/agondev/release/lib/libagon.a(vdp_reset_system_font.o)
 .comment       0x00000af4       0x71 /Users/kristofer/agondev/release/lib/libagon.a(vdp_set_text_colour.o)
 .comment       0x00000b65       0x71 /Users/kristofer/agondev/release/lib/libagon.a(vdp_vdu_init.o)

.fini_array     0x00044610        0x0
 *(.fini_array)
 .fini_array    0x00044610        0x0 /Users/kristofer/agondev/release/lib/libcrt.a(crt0.o)

.rodata         0x00044610      0x7c4
 *(.rodata)
 .rodata        0x00044610      0x6d5 obj/ze2.o
 .rodata        0x00044ce5       0x2c /Users/kristofer/agondev/release/lib/libc.a(assert.o)
 .rodata        0x00044d11        0x4 /Users/kristofer/agondev/release/lib/libc.a(fopen.o)
 .rodata        0x00044d15       0xab /Users/kristofer/agondev/release/lib/libc.a(nanoprintf.o)
 .rodata        0x00044dc0        0x8 /Users/kristofer/agondev/release/lib/libagon.a(vdp_key.o)
 .rodata        0x00044dc8        0xc /Users/kristofer/agondev/release/lib/libcrt.a(crt0.o)

.data           0x00044dd4      0x16a
 *(.data)
 .data          0x00044dd4       0xee obj/ze2.o
                0x00044dd4                _blocking
                0x00044dd8                _keymap
 .data          0x00044ec2        0x0 /Users/kristofer/agondev/release/lib/libc.a(clock.o)
 .data          0x00044ec2        0x0 /Users/kristofer/agondev/release/lib/libc.a(ffs_fclose.o)
 .data          0x00044ec2        0x0 /Users/kristofer/agondev/release/lib/libc.a(ffs_fopen.o)
 .data          0x00044ec2        0x0 /Users/kristofer/agondev/release/lib/libc.a(ffs_fread.o)
 .data          0x00044ec2        0x0 /Users/kristofer/agondev/release/lib/libc.a(ffs_stat.o)
 .data          0x00044ec2        0x0 /Users/kristofer/agondev/release/lib/libc.a(free.c.o)
 .data          0x00044ec2        0x0 /Users/kristofer/agondev/release/lib/libc.a(getch.o)
 .data          0x00044ec2        0x0 /Users/kristofer/agondev/release/lib/libc.a(getchar.o)
 .data          0x00044ec2        0x0 /Users/kristofer/agondev/release/lib/libc.a(isprint.o)
 .data          0x00044ec2        0x0 /Users/kristofer/agondev/release/lib/libc.a(malloc.c.o)
 .data          0x00044ec2        0x0 /Users/kristofer/agondev/release/lib/libc.a(mos_getsysvar_time.o)
 .data          0x00044ec2        0x0 /Users/kristofer/agondev/release/lib/libc.a(outchar.o)
 .data          0x00044ec2        0x0 /Users/kristofer/agondev/release/lib/libc.a(putchar.o)
 .data          0x00044ec2        0x0 /Users/kristofer/agondev/release/lib/libc.a(realloc.c.o)
 .data          0x00044ec2        0x3 /Users/kristofer/agondev/release/lib/libc.a(sbrk.o)
                0x00044ec2                __sbrkbase
 .data          0x00044ec5        0x0 /Users/kristofer/agondev/release/lib/libc.a(strlen.o)
 .data          0x00044ec5        0x0 /Users/kristofer/agondev/release/lib/libc.a(strncpy.o)
 .data          0x00044ec5        0x0 /Users/kristofer/agondev/release/lib/libc.a(assert.o)
 .data          0x00044ec5        0x0 /Users/kristofer/agondev/release/lib/libc.a(fclose.o)
 .data          0x00044ec5        0x0 /Users/kristofer/agondev/release/lib/libc.a(fgetc.o)
 .data          0x00044ec5        0xf /Users/kristofer/agondev/release/lib/libc.a(files.o)
                0x00044ec5                _stdin
                0x00044eca                _stdout
                0x00044ecf                _stderr
 .data          0x00044ed4        0x0 /Users/kristofer/agondev/release/lib/libc.a(fopen.o)
 .data          0x00044ed4        0x0 /Users/kristofer/agondev/release/lib/libc.a(fputc.o)
 .data          0x00044ed4        0x0 /Users/kristofer/agondev/release/lib/libc.a(fseek.o)
 .data          0x00044ed4        0x0 /Users/kristofer/agondev/release/lib/libc.a(fwrite.o)
 .data          0x00044ed4        0x0 /Users/kristofer/agondev/release/lib/libc.a(nanoprintf.o)
 .data          0x00044ed4        0x0 /Users/kristofer/agondev/release/lib/libc.a(ungetc.o)
 .data          0x00044ed4        0x0 /Users/kristofer/agondev/release/lib/libc.a(memcpy.o)
 .data          0x00044ed4        0x0 /Users/kristofer/agondev/release/lib/libc.a(mos_fclose.o)
 .data          0x00044ed4        0x0 /Users/kristofer/agondev/release/lib/libc.a(mos_fgetc.o)
 .data          0x00044ed4        0x0 /Users/kristofer/agondev/release/lib/libc.a(mos_flseek.o)
 .data          0x00044ed4        0x0 /Users/kristofer/agondev/release/lib/libc.a(mos_fopen.o)
 .data          0x00044ed4        0x0 /Users/kristofer/agondev/release/lib/libc.a(mos_fputc.o)
 .data          0x00044ed4        0x0 /Users/kristofer/agondev/release/lib/libc.a(mos_fwrite.o)
 .data          0x00044ed4        0x0 /Users/kristofer/agondev/release/lib/libc.a(mos_getfil.o)
 .data          0x00044ed4        0x0 /Users/kristofer/agondev/release/lib/libc.a(strchr.o)
 .data          0x00044ed4        0x0 /Users/kristofer/agondev/release/lib/libc.a(errno.o)
 .data          0x00044ed4        0x1 /Users/kristofer/agondev/release/lib/libagon.a(vdp_clear_screen.o)
 .data          0x00044ed5        0x4 /Users/kristofer/agondev/release/lib/libagon.a(vdp_cursor_behaviour.o)
 .data          0x00044ed9        0x3 /Users/kristofer/agondev/release/lib/libagon.a(vdp_cursor_enable.o)
 .data          0x00044edc        0x3 /Users/kristofer/agondev/release/lib/libagon.a(vdp_cursor_tab.o)
 .data          0x00044edf        0x6 /Users/kristofer/agondev/release/lib/libagon.a(vdp_define_colour.o)
 .data          0x00044ee5        0x3 /Users/kristofer/agondev/release/lib/libagon.a(vdp_get_scr_dims.o)
 .data          0x00044ee8       0x15 /Users/kristofer/agondev/release/lib/libagon.a(vdp_key.o)
 .data          0x00044efd        0x4 /Users/kristofer/agondev/release/lib/libagon.a(vdp_logical_scr_dims.o)
 .data          0x00044f01        0x2 /Users/kristofer/agondev/release/lib/libagon.a(vdp_mode.o)
 .data          0x00044f03        0x3 /Users/kristofer/agondev/release/lib/libagon.a(vdp_reset_system_font.o)
 .data          0x00044f06        0x2 /Users/kristofer/agondev/release/lib/libagon.a(vdp_set_text_colour.o)
 .data          0x00044f08        0x0 /Users/kristofer/agondev/release/lib/libagon.a(vdp_vdu_init.o)
 .data          0x00044f08        0x0 /Users/kristofer/agondev/release/lib/libagon.a(intagon.o)
 .data          0x00044f08        0x0 /Users/kristofer/agondev/release/lib/libcrt.a(and.o)
 .data          0x00044f08        0x0 /Users/kristofer/agondev/release/lib/libcrt.a(bshru.o)
 .data          0x00044f08       0x36 /Users/kristofer/agondev/release/lib/libcrt.a(crt0.o)
                0x00044f3b                _exit.sp
 .data          0x00044f3e        0x0 /Users/kristofer/agondev/release/lib/libcrt.a(frameset.o)
 .data          0x00044f3e        0x0 /Users/kristofer/agondev/release/lib/libcrt.a(frameset0.o)
 .data          0x00044f3e        0x0 /Users/kristofer/agondev/release/lib/libcrt.a(idivs.o)
 .data          0x00044f3e        0x0 /Users/kristofer/agondev/release/lib/libcrt.a(idivu.o)
 .data          0x00044f3e        0x0 /Users/kristofer/agondev/release/lib/libcrt.a(idvrms.o)
 .data          0x00044f3e        0x0 /Users/kristofer/agondev/release/lib/libcrt.a(idvrmu.o)
 .data          0x00044f3e        0x0 /Users/kristofer/agondev/release/lib/libcrt.a(imulu.o)
 .data          0x00044f3e        0x0 /Users/kristofer/agondev/release/lib/libcrt.a(inchar.o)
 .data          0x00044f3e        0x0 /Users/kristofer/agondev/release/lib/libcrt.a(indcallhl.o)
 .data          0x00044f3e        0x0 /Users/kristofer/agondev/release/lib/libcrt.a(ineg_sneg.o)
 .data          0x00044f3e        0x0 /Users/kristofer/agondev/release/lib/libcrt.a(ishl.o)
 .data          0x00044f3e        0x0 /Users/kristofer/agondev/release/lib/libcrt.a(ishrs.o)
 .data          0x00044f3e        0x0 /Users/kristofer/agondev/release/lib/libcrt.a(ladd.o)
 .data          0x00044f3e        0x0 /Users/kristofer/agondev/release/lib/libcrt.a(lcmps.o)
 .data          0x00044f3e        0x0 /Users/kristofer/agondev/release/lib/libcrt.a(lcmpu.o)
 .data          0x00044f3e        0x0 /Users/kristofer/agondev/release/lib/libcrt.a(lcmpzero.o)
 .data          0x00044f3e        0x0 /Users/kristofer/agondev/release/lib/libcrt.a(ldivu.o)
 .data          0x00044f3e        0x0 /Users/kristofer/agondev/release/lib/libcrt.a(ldvrmu.o)
 .data          0x00044f3e        0x0 /Users/kristofer/agondev/release/lib/libcrt.a(lmulu.o)
 .data          0x00044f3e        0x0 /Users/kristofer/agondev/release/lib/libcrt.a(lneg.o)
 .data          0x00044f3e        0x0 /Users/kristofer/agondev/release/lib/libcrt.a(lshl.o)
 .data          0x00044f3e        0x0 /Users/kristofer/agondev/release/lib/libcrt.a(lshru.o)
 .data          0x00044f3e        0x0 /Users/kristofer/agondev/release/lib/libcrt.a(sand.o)
 .data          0x00044f3e        0x0 /Users/kristofer/agondev/release/lib/libcrt.a(setflag.o)
 .data          0x00044f3e        0x0 /Users/kristofer/agondev/release/lib/libcrt.a(sshru.o)
 .data          0x00044f3e        0x0 /Users/kristofer/agondev/release/lib/libcrt.a(xor.o)
 .data          0x00044f3e        0x0 /Users/kristofer/agondev/release/lib/libcrt.a(lshrs.o)
 .data          0x00044f3e        0x0 /Users/kristofer/agondev/release/lib/libfp.a(fpcmp.o)
 .data          0x00044f3e        0x0 /Users/kristofer/agondev/release/lib/libc.a(mos_puts.o)
 .data          0x00044f3e        0x0 /Users/kristofer/agondev/release/lib/libc.a(mos_setintvector.o)
 .data          0x00044f3e        0x0 /Users/kristofer/agondev/release/lib/libc.a(mos_sysvars.o)

.bss            0x00044f3e      0x5f6
                0x00044f3e                        bss_start = .
 *(.bss .bss*)
 .bss           0x00044f3e      0x596 obj/ze2.o
                0x00044f3e                __current_key
                0x00044f43                _sv
                0x00044f46                __curse_buf
                0x00045146                _global_color_pairs
                0x000451c2                _msgline
                0x000453c2                _msgflag
                0x000453c5                _curbp
                0x000454c8                _done
                0x000454cb                _input
                0x000454ce                _key_map
                0x000454d1                _key_return
 .bss           0x000454d4        0x0 /Users/kristofer/agondev/release/lib/libc.a(clock.o)
 .bss           0x000454d4        0x0 /Users/kristofer/agondev/release/lib/libc.a(ffs_fclose.o)
 .bss           0x000454d4        0x0 /Users/kristofer/agondev/release/lib/libc.a(ffs_fopen.o)
 .bss           0x000454d4        0x0 /Users/kristofer/agondev/release/lib/libc.a(ffs_fread.o)
 .bss           0x000454d4        0x0 /Users/kristofer/agondev/release/lib/libc.a(ffs_stat.o)
 .bss           0x000454d4        0x0 /Users/kristofer/agondev/release/lib/libc.a(free.c.o)
 .bss           0x000454d4        0x0 /Users/kristofer/agondev/release/lib/libc.a(getch.o)
 .bss           0x000454d4        0x0 /Users/kristofer/agondev/release/lib/libc.a(getchar.o)
 .bss           0x000454d4        0x0 /Users/kristofer/agondev/release/lib/libc.a(isprint.o)
 .bss           0x000454d4        0x6 /Users/kristofer/agondev/release/lib/libc.a(malloc.c.o)
                0x000454d4                __alloc_base
 .bss           0x000454da        0x0 /Users/kristofer/agondev/release/lib/libc.a(mos_getsysvar_time.o)
 .bss           0x000454da        0x0 /Users/kristofer/agondev/release/lib/libc.a(outchar.o)
 .bss           0x000454da        0x0 /Users/kristofer/agondev/release/lib/libc.a(putchar.o)
 .bss           0x000454da        0x0 /Users/kristofer/agondev/release/lib/libc.a(realloc.c.o)
 .bss           0x000454da        0x0 /Users/kristofer/agondev/release/lib/libc.a(sbrk.o)
 .bss           0x000454da        0x0 /Users/kristofer/agondev/release/lib/libc.a(strlen.o)
 .bss           0x000454da        0x0 /Users/kristofer/agondev/release/lib/libc.a(strncpy.o)
 .bss           0x000454da        0x0 /Users/kristofer/agondev/release/lib/libc.a(assert.o)
 .bss           0x000454da        0x0 /Users/kristofer/agondev/release/lib/libc.a(fclose.o)
 .bss           0x000454da        0x0 /Users/kristofer/agondev/release/lib/libc.a(fgetc.o)
 .bss           0x000454da       0x28 /Users/kristofer/agondev/release/lib/libc.a(files.o)
                0x000454da                __file_streams
 .bss           0x00045502        0x0 /Users/kristofer/agondev/release/lib/libc.a(fopen.o)
 .bss           0x00045502        0x0 /Users/kristofer/agondev/release/lib/libc.a(fputc.o)
 .bss           0x00045502        0x0 /Users/kristofer/agondev/release/lib/libc.a(fseek.o)
 .bss           0x00045502        0x0 /Users/kristofer/agondev/release/lib/libc.a(fwrite.o)
 .bss           0x00045502        0x0 /Users/kristofer/agondev/release/lib/libc.a(nanoprintf.o)
 .bss           0x00045502        0x0 /Users/kristofer/agondev/release/lib/libc.a(ungetc.o)
 .bss           0x00045502        0x0 /Users/kristofer/agondev/release/lib/libc.a(memcpy.o)
 .bss           0x00045502        0x0 /Users/kristofer/agondev/release/lib/libc.a(mos_fclose.o)
 .bss           0x00045502        0x0 /Users/kristofer/agondev/release/lib/libc.a(mos_fgetc.o)
 .bss           0x00045502        0x0 /Users/kristofer/agondev/release/lib/libc.a(mos_flseek.o)
 .bss           0x00045502        0x0 /Users/kristofer/agondev/release/lib/libc.a(mos_fopen.o)
 .bss           0x00045502        0x0 /Users/kristofer/agondev/release/lib/libc.a(mos_fputc.o)
 .bss           0x00045502        0x0 /Users/kristofer/agondev/release/lib/libc.a(mos_fwrite.o)
 .bss           0x00045502        0x0 /Users/kristofer/agondev/release/lib/libc.a(mos_getfil.o)
 .bss           0x00045502        0x0 /Users/kristofer/agondev/release/lib/libc.a(strchr.o)
 .bss           0x00045502        0x3 /Users/kristofer/agondev/release/lib/libc.a(errno.o)
                0x00045502                _errno
 .bss           0x00045505        0x0 /Users/kristofer/agondev/release/lib/libagon.a(vdp_clear_screen.o)
 .bss           0x00045505        0x0 /Users/kristofer/agondev/release/lib/libagon.a(vdp_cursor_behaviour.o)
 .bss           0x00045505        0x0 /Users/kristofer/agondev/release/lib/libagon.a(vdp_cursor_enable.o)
 .bss           0x00045505        0x0 /Users/kristofer/agondev/release/lib/libagon.a(vdp_cursor_tab.o)
 .bss           0x00045505        0x0 /Users/kristofer/agondev/release/lib/libagon.a(vdp_define_colour.o)
 .bss           0x00045505        0x0 /Users/kristofer/agondev/release/lib/libagon.a(vdp_get_scr_dims.o)
 .bss           0x00045505       0x2c /Users/kristofer/agondev/release/lib/libagon.a(vdp_key.o)
                0x00045505                _vdp_key_bits
 .bss           0x00045531        0x0 /Users/kristofer/agondev/release/lib/libagon.a(vdp_logical_scr_dims.o)
 .bss           0x00045531        0x0 /Users/kristofer/agondev/release/lib/libagon.a(vdp_mode.o)
 .bss           0x00045531        0x0 /Users/kristofer/agondev/release/lib/libagon.a(vdp_reset_system_font.o)
 .bss           0x00045531        0x0 /Users/kristofer/agondev/release/lib/libagon.a(vdp_set_text_colour.o)
 .bss           0x00045531        0x3 /Users/kristofer/agondev/release/lib/libagon.a(vdp_vdu_init.o)
                0x00045531                _sys_vars
 .bss           0x00045534        0x0 /Users/kristofer/agondev/release/lib/libagon.a(intagon.o)
 .bss           0x00045534        0x0 /Users/kristofer/agondev/release/lib/libcrt.a(and.o)
 .bss           0x00045534        0x0 /Users/kristofer/agondev/release/lib/libcrt.a(bshru.o)
 .bss           0x00045534        0x0 /Users/kristofer/agondev/release/lib/libcrt.a(crt0.o)
 .bss           0x00045534        0x0 /Users/kristofer/agondev/release/lib/libcrt.a(frameset.o)
 .bss           0x00045534        0x0 /Users/kristofer/agondev/release/lib/libcrt.a(frameset0.o)
 .bss           0x00045534        0x0 /Users/kristofer/agondev/release/lib/libcrt.a(idivs.o)
 .bss           0x00045534        0x0 /Users/kristofer/agondev/release/lib/libcrt.a(idivu.o)
 .bss           0x00045534        0x0 /Users/kristofer/agondev/release/lib/libcrt.a(idvrms.o)
 .bss           0x00045534        0x0 /Users/kristofer/agondev/release/lib/libcrt.a(idvrmu.o)
 .bss           0x00045534        0x0 /Users/kristofer/agondev/release/lib/libcrt.a(imulu.o)
 .bss           0x00045534        0x0 /Users/kristofer/agondev/release/lib/libcrt.a(inchar.o)
 .bss           0x00045534        0x0 /Users/kristofer/agondev/release/lib/libcrt.a(indcallhl.o)
 .bss           0x00045534        0x0 /Users/kristofer/agondev/release/lib/libcrt.a(ineg_sneg.o)
 .bss           0x00045534        0x0 /Users/kristofer/agondev/release/lib/libcrt.a(ishl.o)
 .bss           0x00045534        0x0 /Users/kristofer/agondev/release/lib/libcrt.a(ishrs.o)
 .bss           0x00045534        0x0 /Users/kristofer/agondev/release/lib/libcrt.a(ladd.o)
 .bss           0x00045534        0x0 /Users/kristofer/agondev/release/lib/libcrt.a(lcmps.o)
 .bss           0x00045534        0x0 /Users/kristofer/agondev/release/lib/libcrt.a(lcmpu.o)
 .bss           0x00045534        0x0 /Users/kristofer/agondev/release/lib/libcrt.a(lcmpzero.o)
 .bss           0x00045534        0x0 /Users/kristofer/agondev/release/lib/libcrt.a(ldivu.o)
 .bss           0x00045534        0x0 /Users/kristofer/agondev/release/lib/libcrt.a(ldvrmu.o)
 .bss           0x00045534        0x0 /Users/kristofer/agondev/release/lib/libcrt.a(lmulu.o)
 .bss           0x00045534        0x0 /Users/kristofer/agondev/release/lib/libcrt.a(lneg.o)
 .bss           0x00045534        0x0 /Users/kristofer/agondev/release/lib/libcrt.a(lshl.o)
 .bss           0x00045534        0x0 /Users/kristofer/agondev/release/lib/libcrt.a(lshru.o)
 .bss           0x00045534        0x0 /Users/kristofer/agondev/release/lib/libcrt.a(sand.o)
 .bss           0x00045534        0x0 /Users/kristofer/agondev/release/lib/libcrt.a(setflag.o)
 .bss           0x00045534        0x0 /Users/kristofer/agondev/release/lib/libcrt.a(sshru.o)
 .bss           0x00045534        0x0 /Users/kristofer/agondev/release/lib/libcrt.a(xor.o)
 .bss           0x00045534        0x0 /Users/kristofer/agondev/release/lib/libcrt.a(lshrs.o)
 .bss           0x00045534        0x0 /Users/kristofer/agondev/release/lib/libfp.a(fpcmp.o)
 .bss           0x00045534        0x0 /Users/kristofer/agondev/release/lib/libc.a(mos_puts.o)
 .bss           0x00045534        0x0 /Users/kristofer/agondev/release/lib/libc.a(mos_setintvector.o)
 .bss           0x00045534        0x0 /Users/kristofer/agondev/release/lib/libc.a(mos_sysvars.o)
                0x00045534                        bss_end = .
                0x000b0000                        __stack = (RAM_START + RAM_SIZE)
                0x00044f3e                        ___low_bss = bss_start
                0x000005f6                        ___len_bss = SIZEOF (.bss)
                0x00045534                        ___heapbot = bss_end
                0x000b0000                        ___heaptop = (RAM_START + RAM_SIZE)
                0x00000001                        ___run_clearbss = (___len_bss > 0x0)
                0x00000000                        ___init_array_count = (SIZEOF (.init_array) / 0x3)
                0x00000000                        ___ctors_count = (SIZEOF (.ctors) / 0x3)
                0x00000000                        ___dtors_count = (SIZEOF (.dtors) / 0x3)
                0x00000000                        ___fini_array_count = (SIZEOF (.fini_array) / 0x3)
                0x00000000                        ___init_count = (___init_array_count + ___ctors_count)
                0x00000000                        ___fini_count = (___dtors_count + ___fini_array_count)
                0x00000000                        ___run_init = (___init_count > 0x0)
                0x00000000                        ___run_fini = (___fini_count > 0x0)
                0x00000100                        ___init_count_a = ((((___init_count - 0x1) >> 0x10) & 0xff) + 0x1)
                0x00000100                        ___init_count_b = (((___init_count - 0x1) & 0xff) + 0x1)
                0x00000100                        ___init_count_c = ((((___init_count - 0x1) >> 0x8) & 0xff) + 0x1)
                0x00000100                        ___fini_count_a = ((((___fini_count - 0x1) >> 0x10) & 0xff) + 0x1)
                0x00000100                        ___fini_count_b = (((___fini_count - 0x1) & 0xff) + 0x1)
                0x00000100                        ___fini_count_c = ((((___fini_count - 0x1) >> 0x8) & 0xff) + 0x1)
                0x00044610                        ___init_array_functions = (SIZEOF (.init_array) + ADDR (.init_array))
                0x00044610                        ___init_ctors_functions = (SIZEOF (.ctors) + ADDR (.ctors))
                0x00044610                        ___fini_dtors_functions = (SIZEOF (.dtors) + ADDR (.dtors))
                0x00044610                        ___fini_array_functions = (SIZEOF (.fini_array) + ADDR (.fini_array))
LOAD obj/ze2.o
START GROUP
LOAD /Users/kristofer/agondev/release/lib/libc.a
LOAD /Users/kristofer/agondev/release/lib/libagon.a
LOAD /Users/kristofer/agondev/release/lib/libcrt.a
LOAD /Users/kristofer/agondev/release/lib/libfp.a
END GROUP
OUTPUT(bin/ze2.c.bin binary)
