Archive member included to satisfy reference by file (symbol)

/Users/kristofer/agondev/release/lib/libc.a(free.c.o)
                              obj/amacs.o (_free)
/Users/kristofer/agondev/release/lib/libc.a(getchar.o)
                              obj/amacs.o (_getchar)
/Users/kristofer/agondev/release/lib/libc.a(iscntrl.o)
                              obj/amacs.o (_iscntrl)
/Users/kristofer/agondev/release/lib/libc.a(malloc.c.o)
                              obj/amacs.o (_malloc)
/Users/kristofer/agondev/release/lib/libc.a(memcpy.o)
                              obj/amacs.o (_memcpy)
/Users/kristofer/agondev/release/lib/libc.a(memmove.o)
                              obj/amacs.o (_memmove)
/Users/kristofer/agondev/release/lib/libc.a(mos_puts.o)
                              obj/amacs.o (_mos_puts)
/Users/kristofer/agondev/release/lib/libc.a(outchar.o)
                              /Users/kristofer/agondev/release/lib/libc.a(getchar.o) (_outchar)
/Users/kristofer/agondev/release/lib/libc.a(realloc.c.o)
                              obj/amacs.o (_realloc)
/Users/kristofer/agondev/release/lib/libc.a(sbrk.o)
                              /Users/kristofer/agondev/release/lib/libc.a(malloc.c.o) (_sbrk)
/Users/kristofer/agondev/release/lib/libc.a(strdup.o)
                              obj/amacs.o (_strdup)
/Users/kristofer/agondev/release/lib/libc.a(strlen.o)
                              obj/amacs.o (_strlen)
/Users/kristofer/agondev/release/lib/libc.a(fclose.o)
                              obj/amacs.o (_fclose)
/Users/kristofer/agondev/release/lib/libc.a(fgetc.o)
                              /Users/kristofer/agondev/release/lib/libc.a(getchar.o) (_fgetc)
/Users/kristofer/agondev/release/lib/libc.a(fgets.o)
                              obj/amacs.o (_fgets)
/Users/kristofer/agondev/release/lib/libc.a(files.o)
                              /Users/kristofer/agondev/release/lib/libc.a(getchar.o) (_stdin)
/Users/kristofer/agondev/release/lib/libc.a(fopen.o)
                              obj/amacs.o (_fopen)
/Users/kristofer/agondev/release/lib/libc.a(fputc.o)
                              obj/amacs.o (_fputc)
/Users/kristofer/agondev/release/lib/libc.a(fputs.o)
                              obj/amacs.o (_fputs)
/Users/kristofer/agondev/release/lib/libc.a(fseek.o)
                              /Users/kristofer/agondev/release/lib/libc.a(fopen.o) (_fseek)
/Users/kristofer/agondev/release/lib/libc.a(nanoprintf.o)
                              obj/amacs.o (_vsnprintf)
/Users/kristofer/agondev/release/lib/libc.a(ungetc.o)
                              /Users/kristofer/agondev/release/lib/libc.a(fgetc.o) (_ungetc)
/Users/kristofer/agondev/release/lib/libc.a(mos_fclose.o)
                              /Users/kristofer/agondev/release/lib/libc.a(fclose.o) (_mos_fclose)
/Users/kristofer/agondev/release/lib/libc.a(mos_fgetc.o)
                              /Users/kristofer/agondev/release/lib/libc.a(fgetc.o) (_mos_fgetc)
/Users/kristofer/agondev/release/lib/libc.a(mos_flseek.o)
                              /Users/kristofer/agondev/release/lib/libc.a(fseek.o) (_mos_flseek)
/Users/kristofer/agondev/release/lib/libc.a(mos_fopen.o)
                              /Users/kristofer/agondev/release/lib/libc.a(fopen.o) (_mos_fopen)
/Users/kristofer/agondev/release/lib/libc.a(mos_fputc.o)
                              /Users/kristofer/agondev/release/lib/libc.a(fputc.o) (_mos_fputc)
/Users/kristofer/agondev/release/lib/libc.a(mos_getfil.o)
                              /Users/kristofer/agondev/release/lib/libc.a(fseek.o) (_mos_getfil)
/Users/kristofer/agondev/release/lib/libc.a(putchar.o)
                              /Users/kristofer/agondev/release/lib/libc.a(fgetc.o) (_putchar)
/Users/kristofer/agondev/release/lib/libc.a(strchr.o)
                              /Users/kristofer/agondev/release/lib/libc.a(fopen.o) (_strchr)
/Users/kristofer/agondev/release/lib/libc.a(errno.o)
                              /Users/kristofer/agondev/release/lib/libc.a(fopen.o) (_errno)
/Users/kristofer/agondev/release/lib/libagon.a(vdp_clear_screen.o)
                              obj/amacs.o (_vdp_clear_screen)
/Users/kristofer/agondev/release/lib/libagon.a(vdp_console_mode.o)
                              obj/amacs.o (_vdp_console_mode)
/Users/kristofer/agondev/release/lib/libagon.a(vdp_cursor_home.o)
                              obj/amacs.o (_vdp_cursor_home)
/Users/kristofer/agondev/release/lib/libagon.a(vdp_cursor_tab.o)
                              obj/amacs.o (_vdp_cursor_tab)
/Users/kristofer/agondev/release/lib/libcrt.a(and.o)
                              /Users/kristofer/agondev/release/lib/libc.a(nanoprintf.o) (__land)
/Users/kristofer/agondev/release/lib/libcrt.a(bshru.o)
                              /Users/kristofer/agondev/release/lib/libc.a(nanoprintf.o) (__bshru)
/Users/kristofer/agondev/release/lib/libcrt.a(crt0.o)
                              (__start)
/Users/kristofer/agondev/release/lib/libcrt.a(frameset.o)
                              obj/amacs.o (__frameset)
/Users/kristofer/agondev/release/lib/libcrt.a(frameset0.o)
                              obj/amacs.o (__frameset0)
/Users/kristofer/agondev/release/lib/libcrt.a(idivu.o)
                              /Users/kristofer/agondev/release/lib/libc.a(nanoprintf.o) (__idivu)
/Users/kristofer/agondev/release/lib/libcrt.a(idvrmu.o)
                              /Users/kristofer/agondev/release/lib/libcrt.a(idivu.o) (__idvrmu)
/Users/kristofer/agondev/release/lib/libcrt.a(imulu.o)
                              obj/amacs.o (__imulu)
/Users/kristofer/agondev/release/lib/libcrt.a(inchar.o)
                              /Users/kristofer/agondev/release/lib/libc.a(getchar.o) (_inchar)
/Users/kristofer/agondev/release/lib/libcrt.a(indcallhl.o)
                              /Users/kristofer/agondev/release/lib/libc.a(nanoprintf.o) (__indcallhl)
/Users/kristofer/agondev/release/lib/libcrt.a(ishl.o)
                              obj/amacs.o (__ishl)
/Users/kristofer/agondev/release/lib/libcrt.a(ishrs.o)
                              obj/amacs.o (__ishrs)
/Users/kristofer/agondev/release/lib/libcrt.a(ladd.o)
                              /Users/kristofer/agondev/release/lib/libc.a(fseek.o) (__ladd)
/Users/kristofer/agondev/release/lib/libcrt.a(lcmpu.o)
                              /Users/kristofer/agondev/release/lib/libc.a(nanoprintf.o) (__lcmpu)
/Users/kristofer/agondev/release/lib/libcrt.a(lcmpzero.o)
                              /Users/kristofer/agondev/release/lib/libc.a(nanoprintf.o) (__lcmpzero)
/Users/kristofer/agondev/release/lib/libcrt.a(ldivu.o)
                              /Users/kristofer/agondev/release/lib/libc.a(nanoprintf.o) (__ldivu)
/Users/kristofer/agondev/release/lib/libcrt.a(ldvrmu.o)
                              /Users/kristofer/agondev/release/lib/libcrt.a(ldivu.o) (__ldvrmu)
/Users/kristofer/agondev/release/lib/libcrt.a(lmulu.o)
                              /Users/kristofer/agondev/release/lib/libc.a(nanoprintf.o) (__lmulu)
/Users/kristofer/agondev/release/lib/libcrt.a(lneg.o)
                              /Users/kristofer/agondev/release/lib/libc.a(nanoprintf.o) (__lneg)
/Users/kristofer/agondev/release/lib/libcrt.a(lshl.o)
                              /Users/kristofer/agondev/release/lib/libc.a(nanoprintf.o) (__lshl)
/Users/kristofer/agondev/release/lib/libcrt.a(lshru.o)
                              /Users/kristofer/agondev/release/lib/libc.a(nanoprintf.o) (__lshru)
/Users/kristofer/agondev/release/lib/libcrt.a(sand.o)
                              /Users/kristofer/agondev/release/lib/libc.a(nanoprintf.o) (__sand)
/Users/kristofer/agondev/release/lib/libcrt.a(setflag.o)
                              obj/amacs.o (__setflag)
/Users/kristofer/agondev/release/lib/libcrt.a(sshru.o)
                              /Users/kristofer/agondev/release/lib/libc.a(nanoprintf.o) (__sshru)
/Users/kristofer/agondev/release/lib/libcrt.a(xor.o)
                              /Users/kristofer/agondev/release/lib/libc.a(nanoprintf.o) (__ixor)
/Users/kristofer/agondev/release/lib/libcrt.a(lshrs.o)
                              /Users/kristofer/agondev/release/lib/libcrt.a(lshru.o) (__lshrs.hijack_lshru)
/Users/kristofer/agondev/release/lib/libfp.a(fpcmp.o)
                              /Users/kristofer/agondev/release/lib/libc.a(nanoprintf.o) (__fcmp)
/Users/kristofer/agondev/release/lib/libcrt.a(lcmps.o)
                              /Users/kristofer/agondev/release/lib/libfp.a(fpcmp.o) (__lcmps)

There are no discarded input sections

Memory Configuration

Name             Origin             Length             Attributes
USERRAM          0x00040000         0x00070000         rw
*default*        0x00000000         0xffffffff

Linker script and memory map

                0x00040000                        RAM_START = 0x40000
                0x00070000                        RAM_SIZE = 0x70000
                0x00000000                        _has_exit_handler = 0x0
                0x00040000                        . = RAM_START

.init           0x00040000      0x1d4
 *(.init .init.args .init.bss .fini)
 .init          0x00040000       0xbb /Users/kristofer/agondev/release/lib/libcrt.a(crt0.o)
                0x00040040                __mos_header
                0x00040045                __start
                0x000400b8                __start._main
 .fini          0x000400bb       0xbe /Users/kristofer/agondev/release/lib/libcrt.a(crt0.o)
                0x000400bb                ___exithl
                0x000400bd                _exit
                0x0004011c                __Exit
                0x00040120                _abort
 .init.bss      0x00040179       0x11 /Users/kristofer/agondev/release/lib/libcrt.a(crt0.o)
 .init.args     0x0004018a       0x4a /Users/kristofer/agondev/release/lib/libcrt.a(crt0.o)
                0x0004018a                _parse_option
                0x0004018a                _parse_params

.text           0x000401d4     0x2de4
 *(.text)
 .text          0x000401d4      0xe40 obj/amacs.o
                0x000401d4                _term_init
                0x000401f7                _term_cleanup
                0x00040209                _editor_init
                0x00040288                _editor_append_line
                0x0004031a                _editor_insert_line
                0x00040408                _editor_free_line
                0x0004045c                _editor_delete_line
                0x000404f0                _editor_insert_char
                0x000405a4                _editor_delete_char
                0x0004070a                _editor_insert_newline
                0x000407aa                _editor_open
                0x000408e3                _editor_set_status_message
                0x0004090e                _editor_save
                0x000409c7                _editor_scroll
                0x00040a61                _editor_draw_rows
                0x00040b37                _editor_draw_status_bar
                0x00040c6b                _editor_draw_message_bar
                0x00040cd1                _editor_refresh_screen
                0x00040d25                _editor_move_cursor
                0x00040eb0                _editor_process_keypress
                0x00040fc5                _main
 .text          0x00041014       0xbd /Users/kristofer/agondev/release/lib/libc.a(free.c.o)
                0x00041014                _free
 .text          0x000410d1       0x3d /Users/kristofer/agondev/release/lib/libc.a(getchar.o)
                0x000410d1                _getchar
 .text          0x0004110e        0xd /Users/kristofer/agondev/release/lib/libc.a(iscntrl.o)
                0x0004110e                _iscntrl
 .text          0x0004111b       0x9f /Users/kristofer/agondev/release/lib/libc.a(malloc.c.o)
                0x0004111b                _malloc
 .text          0x000411ba       0x1c /Users/kristofer/agondev/release/lib/libc.a(memcpy.o)
                0x000411ba                _memcpy
 .text          0x000411d6       0x2e /Users/kristofer/agondev/release/lib/libc.a(memmove.o)
                0x000411d6                _memmove
 .text          0x00041204       0x19 /Users/kristofer/agondev/release/lib/libc.a(mos_puts.o)
                0x00041204                _mos_puts
 .text          0x0004121d        0x7 /Users/kristofer/agondev/release/lib/libc.a(outchar.o)
                0x0004121d                _outchar
 .text          0x00041224       0x76 /Users/kristofer/agondev/release/lib/libc.a(realloc.c.o)
                0x00041224                _realloc
 .text          0x0004129a       0x28 /Users/kristofer/agondev/release/lib/libc.a(sbrk.o)
                0x0004129a                _sbrk
 .text          0x000412c2       0x1f /Users/kristofer/agondev/release/lib/libc.a(strdup.o)
                0x000412c2                _strdup
 .text          0x000412e1       0x15 /Users/kristofer/agondev/release/lib/libc.a(strlen.o)
                0x000412e1                _strlen
 .text          0x000412f6       0x44 /Users/kristofer/agondev/release/lib/libc.a(fclose.o)
                0x000412f6                _fclose
 .text          0x0004133a       0xdf /Users/kristofer/agondev/release/lib/libc.a(fgetc.o)
                0x0004133a                _fgetc
 .text          0x00041419       0x93 /Users/kristofer/agondev/release/lib/libc.a(fgets.o)
                0x00041419                _fgets
 .text          0x000414ac       0x52 /Users/kristofer/agondev/release/lib/libc.a(files.o)
                0x000414ac                __stdio_init
 .text          0x000414fe      0x12c /Users/kristofer/agondev/release/lib/libc.a(fopen.o)
                0x000414fe                _fopen
                0x000415bf                ___fmodeflags
 .text          0x0004162a       0xb7 /Users/kristofer/agondev/release/lib/libc.a(fputc.o)
                0x0004162a                _fputc
                0x000416ba                _fput_char
 .text          0x000416e1       0x62 /Users/kristofer/agondev/release/lib/libc.a(fputs.o)
                0x000416e1                _fputs
 .text          0x00041743       0xa9 /Users/kristofer/agondev/release/lib/libc.a(fseek.o)
                0x00041743                _fseek
 .text          0x000417ec     0x13b8 /Users/kristofer/agondev/release/lib/libc.a(nanoprintf.o)
                0x000417ec                _npf_vpprintf
                0x0004292d                _npf_pprintf
                0x00042955                _npf_snprintf
                0x0004297d                _npf_vsnprintf
                0x00042a2a                _vprintf
                0x00042a5a                _printf
                0x00042a79                _fprintf
                0x00042a9c                _vfprintf
                0x00042ad1                _vsnprintf
                0x00042b34                _snprintf
                0x00042b5c                _vsprintf
                0x00042b7b                _sprintf
 .text          0x00042ba4       0x3d /Users/kristofer/agondev/release/lib/libc.a(ungetc.o)
                0x00042ba4                _ungetc
 .text          0x00042be1       0x15 /Users/kristofer/agondev/release/lib/libc.a(mos_fclose.o)
                0x00042be1                _mos_fclose
 .text          0x00042bf6       0x15 /Users/kristofer/agondev/release/lib/libc.a(mos_fgetc.o)
                0x00042bf6                _mos_fgetc
 .text          0x00042c0b       0x1f /Users/kristofer/agondev/release/lib/libc.a(mos_flseek.o)
                0x00042c0b                _mos_flseek
 .text          0x00042c2a       0x18 /Users/kristofer/agondev/release/lib/libc.a(mos_fopen.o)
                0x00042c2a                _mos_fopen
 .text          0x00042c42       0x18 /Users/kristofer/agondev/release/lib/libc.a(mos_fputc.o)
                0x00042c42                _mos_fputc
 .text          0x00042c5a       0x15 /Users/kristofer/agondev/release/lib/libc.a(mos_getfil.o)
                0x00042c5a                _mos_getfil
 .text          0x00042c6f       0x2f /Users/kristofer/agondev/release/lib/libc.a(putchar.o)
                0x00042c6f                _putchar
 .text          0x00042c9e       0x1d /Users/kristofer/agondev/release/lib/libc.a(strchr.o)
                0x00042c9e                _strchr
 .text          0x00042cbb        0x0 /Users/kristofer/agondev/release/lib/libc.a(errno.o)
 .text          0x00042cbb       0x17 /Users/kristofer/agondev/release/lib/libagon.a(vdp_clear_screen.o)
                0x00042cbb                _vdp_clear_screen
 .text          0x00042cd2       0x25 /Users/kristofer/agondev/release/lib/libagon.a(vdp_console_mode.o)
                0x00042cd2                _vdp_console_mode
 .text          0x00042cf7       0x17 /Users/kristofer/agondev/release/lib/libagon.a(vdp_cursor_home.o)
                0x00042cf7                _vdp_cursor_home
 .text          0x00042d0e       0x2a /Users/kristofer/agondev/release/lib/libagon.a(vdp_cursor_tab.o)
                0x00042d0e                _vdp_cursor_tab
 .text          0x00042d38       0x1c /Users/kristofer/agondev/release/lib/libcrt.a(and.o)
                0x00042d38                __land
                0x00042d3d                __iand
                0x00042d3e                __iand.hijack_land
 .text          0x00042d54        0xa /Users/kristofer/agondev/release/lib/libcrt.a(bshru.o)
                0x00042d54                __bshru
 .text          0x00042d5e       0x2c /Users/kristofer/agondev/release/lib/libcrt.a(crt0.o)
                0x00042d5e                _atexit
                0x00042d5e                _on_exit
 .text          0x00042d8a        0xe /Users/kristofer/agondev/release/lib/libcrt.a(frameset.o)
                0x00042d8a                __frameset
 .text          0x00042d98        0xb /Users/kristofer/agondev/release/lib/libcrt.a(frameset0.o)
                0x00042d98                __frameset0
 .text          0x00042da3        0x8 /Users/kristofer/agondev/release/lib/libcrt.a(idivu.o)
                0x00042da3                __idivu
 .text          0x00042dab       0x18 /Users/kristofer/agondev/release/lib/libcrt.a(idvrmu.o)
                0x00042dab                __idvrmu
                0x00042daf                __idvrmu.hijack_a_iters_ude_dividend
 .text          0x00042dc3       0x30 /Users/kristofer/agondev/release/lib/libcrt.a(imulu.o)
                0x00042dc3                __imuls
                0x00042dc3                __imulu
 .text          0x00042df3        0x7 /Users/kristofer/agondev/release/lib/libcrt.a(inchar.o)
                0x00042df3                _inchar
 .text          0x00042dfa        0x1 /Users/kristofer/agondev/release/lib/libcrt.a(indcallhl.o)
                0x00042dfa                __indcallhl
 .text          0x00042dfb       0x26 /Users/kristofer/agondev/release/lib/libcrt.a(ishl.o)
                0x00042dfb                __sshl
                0x00042dfb                __ishl
 .text          0x00042e21       0x41 /Users/kristofer/agondev/release/lib/libcrt.a(ishrs.o)
                0x00042e21                __ishru
                0x00042e26                __ishrs
 .text          0x00042e62        0x6 /Users/kristofer/agondev/release/lib/libcrt.a(ladd.o)
                0x00042e62                __ladd
 .text          0x00042e68        0x8 /Users/kristofer/agondev/release/lib/libcrt.a(lcmpu.o)
                0x00042e68                __lcmpu
 .text          0x00042e70        0xb /Users/kristofer/agondev/release/lib/libcrt.a(lcmpzero.o)
                0x00042e70                __lcmpzero
 .text          0x00042e7b        0xa /Users/kristofer/agondev/release/lib/libcrt.a(ldivu.o)
                0x00042e7b                __ldivu
 .text          0x00042e85       0x28 /Users/kristofer/agondev/release/lib/libcrt.a(ldvrmu.o)
                0x00042e85                __ldvrmu
 .text          0x00042ead       0x5c /Users/kristofer/agondev/release/lib/libcrt.a(lmulu.o)
                0x00042ead                __lmuls
                0x00042ead                __lmulu
 .text          0x00042f09        0xd /Users/kristofer/agondev/release/lib/libcrt.a(lneg.o)
                0x00042f09                __lneg
 .text          0x00042f16        0xd /Users/kristofer/agondev/release/lib/libcrt.a(lshl.o)
                0x00042f16                __lshl
 .text          0x00042f23       0x10 /Users/kristofer/agondev/release/lib/libcrt.a(lshru.o)
                0x00042f23                __lshru
 .text          0x00042f33        0x9 /Users/kristofer/agondev/release/lib/libcrt.a(sand.o)
                0x00042f33                __sand
 .text          0x00042f3c        0xf /Users/kristofer/agondev/release/lib/libcrt.a(setflag.o)
                0x00042f3c                __setflag
 .text          0x00042f4b        0xd /Users/kristofer/agondev/release/lib/libcrt.a(sshru.o)
                0x00042f4b                __sshru
 .text          0x00042f58       0x1b /Users/kristofer/agondev/release/lib/libcrt.a(xor.o)
                0x00042f58                __lxor
                0x00042f5c                __ixor
 .text          0x00042f73       0x1b /Users/kristofer/agondev/release/lib/libcrt.a(lshrs.o)
                0x00042f73                __lshrs
                0x00042f7f                __lshrs.hijack_lshru
 .text          0x00042f8e       0x1d /Users/kristofer/agondev/release/lib/libfp.a(fpcmp.o)
                0x00042f8e                __fcmp
 .text          0x00042fab        0xd /Users/kristofer/agondev/release/lib/libcrt.a(lcmps.o)
                0x00042fab                __lcmps

.init_array     0x00042fb8        0x0
 *(.init_array)
 .init_array    0x00042fb8        0x0 /Users/kristofer/agondev/release/lib/libcrt.a(crt0.o)

.ctors          0x00042fb8        0x0
 *(.ctors)
 .ctors         0x00042fb8        0x0 /Users/kristofer/agondev/release/lib/libcrt.a(crt0.o)

.dtors          0x00042fb8        0x0
 *(.dtors)
 .dtors         0x00042fb8        0x0 /Users/kristofer/agondev/release/lib/libcrt.a(crt0.o)

.comment        0x00000000      0x84e
 .comment       0x00000000       0x71 obj/amacs.o
 .comment       0x00000071       0x6a /Users/kristofer/agondev/release/lib/libc.a(free.c.o)
 .comment       0x000000db       0x6a /Users/kristofer/agondev/release/lib/libc.a(malloc.c.o)
 .comment       0x00000145       0x6a /Users/kristofer/agondev/release/lib/libc.a(realloc.c.o)
 .comment       0x000001af       0x71 /Users/kristofer/agondev/release/lib/libc.a(fclose.o)
 .comment       0x00000220       0x71 /Users/kristofer/agondev/release/lib/libc.a(fgetc.o)
 .comment       0x00000291       0x71 /Users/kristofer/agondev/release/lib/libc.a(fgets.o)
 .comment       0x00000302       0x71 /Users/kristofer/agondev/release/lib/libc.a(files.o)
 .comment       0x00000373       0x71 /Users/kristofer/agondev/release/lib/libc.a(fopen.o)
 .comment       0x000003e4       0x71 /Users/kristofer/agondev/release/lib/libc.a(fputc.o)
 .comment       0x00000455       0x71 /Users/kristofer/agondev/release/lib/libc.a(fputs.o)
 .comment       0x000004c6       0x71 /Users/kristofer/agondev/release/lib/libc.a(fseek.o)
 .comment       0x00000537       0x71 /Users/kristofer/agondev/release/lib/libc.a(nanoprintf.o)
 .comment       0x000005a8       0x71 /Users/kristofer/agondev/release/lib/libc.a(ungetc.o)
 .comment       0x00000619       0x71 /Users/kristofer/agondev/release/lib/libc.a(errno.o)
 .comment       0x0000068a       0x71 /Users/kristofer/agondev/release/lib/libagon.a(vdp_clear_screen.o)
 .comment       0x000006fb       0x71 /Users/kristofer/agondev/release/lib/libagon.a(vdp_console_mode.o)
 .comment       0x0000076c       0x71 /Users/kristofer/agondev/release/lib/libagon.a(vdp_cursor_home.o)
 .comment       0x000007dd       0x71 /Users/kristofer/agondev/release/lib/libagon.a(vdp_cursor_tab.o)

.fini_array     0x00042fb8        0x0
 *(.fini_array)
 .fini_array    0x00042fb8        0x0 /Users/kristofer/agondev/release/lib/libcrt.a(crt0.o)

.rodata         0x00042fb8      0x1f7
 *(.rodata)
 .rodata        0x00042fb8      0x13c obj/amacs.o
 .rodata        0x000430f4        0x4 /Users/kristofer/agondev/release/lib/libc.a(fopen.o)
 .rodata        0x000430f8       0xab /Users/kristofer/agondev/release/lib/libc.a(nanoprintf.o)
 .rodata        0x000431a3        0xc /Users/kristofer/agondev/release/lib/libcrt.a(crt0.o)

.data           0x000431af       0x51
 *(.data)
 .data          0x000431af        0x0 obj/amacs.o
 .data          0x000431af        0x0 /Users/kristofer/agondev/release/lib/libc.a(free.c.o)
 .data          0x000431af        0x0 /Users/kristofer/agondev/release/lib/libc.a(getchar.o)
 .data          0x000431af        0x0 /Users/kristofer/agondev/release/lib/libc.a(iscntrl.o)
 .data          0x000431af        0x0 /Users/kristofer/agondev/release/lib/libc.a(malloc.c.o)
 .data          0x000431af        0x0 /Users/kristofer/agondev/release/lib/libc.a(memcpy.o)
 .data          0x000431af        0x0 /Users/kristofer/agondev/release/lib/libc.a(memmove.o)
 .data          0x000431af        0x0 /Users/kristofer/agondev/release/lib/libc.a(mos_puts.o)
 .data          0x000431af        0x0 /Users/kristofer/agondev/release/lib/libc.a(outchar.o)
 .data          0x000431af        0x0 /Users/kristofer/agondev/release/lib/libc.a(realloc.c.o)
 .data          0x000431af        0x3 /Users/kristofer/agondev/release/lib/libc.a(sbrk.o)
                0x000431af                __sbrkbase
 .data          0x000431b2        0x0 /Users/kristofer/agondev/release/lib/libc.a(strdup.o)
 .data          0x000431b2        0x0 /Users/kristofer/agondev/release/lib/libc.a(strlen.o)
 .data          0x000431b2        0x0 /Users/kristofer/agondev/release/lib/libc.a(fclose.o)
 .data          0x000431b2        0x0 /Users/kristofer/agondev/release/lib/libc.a(fgetc.o)
 .data          0x000431b2        0x0 /Users/kristofer/agondev/release/lib/libc.a(fgets.o)
 .data          0x000431b2        0xf /Users/kristofer/agondev/release/lib/libc.a(files.o)
                0x000431b2                _stdin
                0x000431b7                _stdout
                0x000431bc                _stderr
 .data          0x000431c1        0x0 /Users/kristofer/agondev/release/lib/libc.a(fopen.o)
 .data          0x000431c1        0x0 /Users/kristofer/agondev/release/lib/libc.a(fputc.o)
 .data          0x000431c1        0x0 /Users/kristofer/agondev/release/lib/libc.a(fputs.o)
 .data          0x000431c1        0x0 /Users/kristofer/agondev/release/lib/libc.a(fseek.o)
 .data          0x000431c1        0x0 /Users/kristofer/agondev/release/lib/libc.a(nanoprintf.o)
 .data          0x000431c1        0x0 /Users/kristofer/agondev/release/lib/libc.a(ungetc.o)
 .data          0x000431c1        0x0 /Users/kristofer/agondev/release/lib/libc.a(mos_fclose.o)
 .data          0x000431c1        0x0 /Users/kristofer/agondev/release/lib/libc.a(mos_fgetc.o)
 .data          0x000431c1        0x0 /Users/kristofer/agondev/release/lib/libc.a(mos_flseek.o)
 .data          0x000431c1        0x0 /Users/kristofer/agondev/release/lib/libc.a(mos_fopen.o)
 .data          0x000431c1        0x0 /Users/kristofer/agondev/release/lib/libc.a(mos_fputc.o)
 .data          0x000431c1        0x0 /Users/kristofer/agondev/release/lib/libc.a(mos_getfil.o)
 .data          0x000431c1        0x0 /Users/kristofer/agondev/release/lib/libc.a(putchar.o)
 .data          0x000431c1        0x0 /Users/kristofer/agondev/release/lib/libc.a(strchr.o)
 .data          0x000431c1        0x0 /Users/kristofer/agondev/release/lib/libc.a(errno.o)
 .data          0x000431c1        0x1 /Users/kristofer/agondev/release/lib/libagon.a(vdp_clear_screen.o)
 .data          0x000431c2        0x4 /Users/kristofer/agondev/release/lib/libagon.a(vdp_console_mode.o)
 .data          0x000431c6        0x1 /Users/kristofer/agondev/release/lib/libagon.a(vdp_cursor_home.o)
 .data          0x000431c7        0x3 /Users/kristofer/agondev/release/lib/libagon.a(vdp_cursor_tab.o)
 .data          0x000431ca        0x0 /Users/kristofer/agondev/release/lib/libcrt.a(and.o)
 .data          0x000431ca        0x0 /Users/kristofer/agondev/release/lib/libcrt.a(bshru.o)
 .data          0x000431ca       0x36 /Users/kristofer/agondev/release/lib/libcrt.a(crt0.o)
                0x000431fd                _exit.sp
 .data          0x00043200        0x0 /Users/kristofer/agondev/release/lib/libcrt.a(frameset.o)
 .data          0x00043200        0x0 /Users/kristofer/agondev/release/lib/libcrt.a(frameset0.o)
 .data          0x00043200        0x0 /Users/kristofer/agondev/release/lib/libcrt.a(idivu.o)
 .data          0x00043200        0x0 /Users/kristofer/agondev/release/lib/libcrt.a(idvrmu.o)
 .data          0x00043200        0x0 /Users/kristofer/agondev/release/lib/libcrt.a(imulu.o)
 .data          0x00043200        0x0 /Users/kristofer/agondev/release/lib/libcrt.a(inchar.o)
 .data          0x00043200        0x0 /Users/kristofer/agondev/release/lib/libcrt.a(indcallhl.o)
 .data          0x00043200        0x0 /Users/kristofer/agondev/release/lib/libcrt.a(ishl.o)
 .data          0x00043200        0x0 /Users/kristofer/agondev/release/lib/libcrt.a(ishrs.o)
 .data          0x00043200        0x0 /Users/kristofer/agondev/release/lib/libcrt.a(ladd.o)
 .data          0x00043200        0x0 /Users/kristofer/agondev/release/lib/libcrt.a(lcmpu.o)
 .data          0x00043200        0x0 /Users/kristofer/agondev/release/lib/libcrt.a(lcmpzero.o)
 .data          0x00043200        0x0 /Users/kristofer/agondev/release/lib/libcrt.a(ldivu.o)
 .data          0x00043200        0x0 /Users/kristofer/agondev/release/lib/libcrt.a(ldvrmu.o)
 .data          0x00043200        0x0 /Users/kristofer/agondev/release/lib/libcrt.a(lmulu.o)
 .data          0x00043200        0x0 /Users/kristofer/agondev/release/lib/libcrt.a(lneg.o)
 .data          0x00043200        0x0 /Users/kristofer/agondev/release/lib/libcrt.a(lshl.o)
 .data          0x00043200        0x0 /Users/kristofer/agondev/release/lib/libcrt.a(lshru.o)
 .data          0x00043200        0x0 /Users/kristofer/agondev/release/lib/libcrt.a(sand.o)
 .data          0x00043200        0x0 /Users/kristofer/agondev/release/lib/libcrt.a(setflag.o)
 .data          0x00043200        0x0 /Users/kristofer/agondev/release/lib/libcrt.a(sshru.o)
 .data          0x00043200        0x0 /Users/kristofer/agondev/release/lib/libcrt.a(xor.o)
 .data          0x00043200        0x0 /Users/kristofer/agondev/release/lib/libcrt.a(lshrs.o)
 .data          0x00043200        0x0 /Users/kristofer/agondev/release/lib/libfp.a(fpcmp.o)
 .data          0x00043200        0x0 /Users/kristofer/agondev/release/lib/libcrt.a(lcmps.o)

.bss            0x00043200       0x9c
                0x00043200                        bss_start = .
 *(.bss .bss*)
 .bss           0x00043200       0x6b obj/amacs.o
                0x00043200                _E
 .bss           0x0004326b        0x0 /Users/kristofer/agondev/release/lib/libc.a(free.c.o)
 .bss           0x0004326b        0x0 /Users/kristofer/agondev/release/lib/libc.a(getchar.o)
 .bss           0x0004326b        0x0 /Users/kristofer/agondev/release/lib/libc.a(iscntrl.o)
 .bss           0x0004326b        0x6 /Users/kristofer/agondev/release/lib/libc.a(malloc.c.o)
                0x0004326b                __alloc_base
 .bss           0x00043271        0x0 /Users/kristofer/agondev/release/lib/libc.a(memcpy.o)
 .bss           0x00043271        0x0 /Users/kristofer/agondev/release/lib/libc.a(memmove.o)
 .bss           0x00043271        0x0 /Users/kristofer/agondev/release/lib/libc.a(mos_puts.o)
 .bss           0x00043271        0x0 /Users/kristofer/agondev/release/lib/libc.a(outchar.o)
 .bss           0x00043271        0x0 /Users/kristofer/agondev/release/lib/libc.a(realloc.c.o)
 .bss           0x00043271        0x0 /Users/kristofer/agondev/release/lib/libc.a(sbrk.o)
 .bss           0x00043271        0x0 /Users/kristofer/agondev/release/lib/libc.a(strdup.o)
 .bss           0x00043271        0x0 /Users/kristofer/agondev/release/lib/libc.a(strlen.o)
 .bss           0x00043271        0x0 /Users/kristofer/agondev/release/lib/libc.a(fclose.o)
 .bss           0x00043271        0x0 /Users/kristofer/agondev/release/lib/libc.a(fgetc.o)
 .bss           0x00043271        0x0 /Users/kristofer/agondev/release/lib/libc.a(fgets.o)
 .bss           0x00043271       0x28 /Users/kristofer/agondev/release/lib/libc.a(files.o)
                0x00043271                __file_streams
 .bss           0x00043299        0x0 /Users/kristofer/agondev/release/lib/libc.a(fopen.o)
 .bss           0x00043299        0x0 /Users/kristofer/agondev/release/lib/libc.a(fputc.o)
 .bss           0x00043299        0x0 /Users/kristofer/agondev/release/lib/libc.a(fputs.o)
 .bss           0x00043299        0x0 /Users/kristofer/agondev/release/lib/libc.a(fseek.o)
 .bss           0x00043299        0x0 /Users/kristofer/agondev/release/lib/libc.a(nanoprintf.o)
 .bss           0x00043299        0x0 /Users/kristofer/agondev/release/lib/libc.a(ungetc.o)
 .bss           0x00043299        0x0 /Users/kristofer/agondev/release/lib/libc.a(mos_fclose.o)
 .bss           0x00043299        0x0 /Users/kristofer/agondev/release/lib/libc.a(mos_fgetc.o)
 .bss           0x00043299        0x0 /Users/kristofer/agondev/release/lib/libc.a(mos_flseek.o)
 .bss           0x00043299        0x0 /Users/kristofer/agondev/release/lib/libc.a(mos_fopen.o)
 .bss           0x00043299        0x0 /Users/kristofer/agondev/release/lib/libc.a(mos_fputc.o)
 .bss           0x00043299        0x0 /Users/kristofer/agondev/release/lib/libc.a(mos_getfil.o)
 .bss           0x00043299        0x0 /Users/kristofer/agondev/release/lib/libc.a(putchar.o)
 .bss           0x00043299        0x0 /Users/kristofer/agondev/release/lib/libc.a(strchr.o)
 .bss           0x00043299        0x3 /Users/kristofer/agondev/release/lib/libc.a(errno.o)
                0x00043299                _errno
 .bss           0x0004329c        0x0 /Users/kristofer/agondev/release/lib/libagon.a(vdp_clear_screen.o)
 .bss           0x0004329c        0x0 /Users/kristofer/agondev/release/lib/libagon.a(vdp_console_mode.o)
 .bss           0x0004329c        0x0 /Users/kristofer/agondev/release/lib/libagon.a(vdp_cursor_home.o)
 .bss           0x0004329c        0x0 /Users/kristofer/agondev/release/lib/libagon.a(vdp_cursor_tab.o)
 .bss           0x0004329c        0x0 /Users/kristofer/agondev/release/lib/libcrt.a(and.o)
 .bss           0x0004329c        0x0 /Users/kristofer/agondev/release/lib/libcrt.a(bshru.o)
 .bss           0x0004329c        0x0 /Users/kristofer/agondev/release/lib/libcrt.a(crt0.o)
 .bss           0x0004329c        0x0 /Users/kristofer/agondev/release/lib/libcrt.a(frameset.o)
 .bss           0x0004329c        0x0 /Users/kristofer/agondev/release/lib/libcrt.a(frameset0.o)
 .bss           0x0004329c        0x0 /Users/kristofer/agondev/release/lib/libcrt.a(idivu.o)
 .bss           0x0004329c        0x0 /Users/kristofer/agondev/release/lib/libcrt.a(idvrmu.o)
 .bss           0x0004329c        0x0 /Users/kristofer/agondev/release/lib/libcrt.a(imulu.o)
 .bss           0x0004329c        0x0 /Users/kristofer/agondev/release/lib/libcrt.a(inchar.o)
 .bss           0x0004329c        0x0 /Users/kristofer/agondev/release/lib/libcrt.a(indcallhl.o)
 .bss           0x0004329c        0x0 /Users/kristofer/agondev/release/lib/libcrt.a(ishl.o)
 .bss           0x0004329c        0x0 /Users/kristofer/agondev/release/lib/libcrt.a(ishrs.o)
 .bss           0x0004329c        0x0 /Users/kristofer/agondev/release/lib/libcrt.a(ladd.o)
 .bss           0x0004329c        0x0 /Users/kristofer/agondev/release/lib/libcrt.a(lcmpu.o)
 .bss           0x0004329c        0x0 /Users/kristofer/agondev/release/lib/libcrt.a(lcmpzero.o)
 .bss           0x0004329c        0x0 /Users/kristofer/agondev/release/lib/libcrt.a(ldivu.o)
 .bss           0x0004329c        0x0 /Users/kristofer/agondev/release/lib/libcrt.a(ldvrmu.o)
 .bss           0x0004329c        0x0 /Users/kristofer/agondev/release/lib/libcrt.a(lmulu.o)
 .bss           0x0004329c        0x0 /Users/kristofer/agondev/release/lib/libcrt.a(lneg.o)
 .bss           0x0004329c        0x0 /Users/kristofer/agondev/release/lib/libcrt.a(lshl.o)
 .bss           0x0004329c        0x0 /Users/kristofer/agondev/release/lib/libcrt.a(lshru.o)
 .bss           0x0004329c        0x0 /Users/kristofer/agondev/release/lib/libcrt.a(sand.o)
 .bss           0x0004329c        0x0 /Users/kristofer/agondev/release/lib/libcrt.a(setflag.o)
 .bss           0x0004329c        0x0 /Users/kristofer/agondev/release/lib/libcrt.a(sshru.o)
 .bss           0x0004329c        0x0 /Users/kristofer/agondev/release/lib/libcrt.a(xor.o)
 .bss           0x0004329c        0x0 /Users/kristofer/agondev/release/lib/libcrt.a(lshrs.o)
 .bss           0x0004329c        0x0 /Users/kristofer/agondev/release/lib/libfp.a(fpcmp.o)
 .bss           0x0004329c        0x0 /Users/kristofer/agondev/release/lib/libcrt.a(lcmps.o)
                0x0004329c                        bss_end = .
                0x000b0000                        __stack = (RAM_START + RAM_SIZE)
                0x00043200                        ___low_bss = bss_start
                0x0000009c                        ___len_bss = SIZEOF (.bss)
                0x0004329c                        ___heapbot = bss_end
                0x000b0000                        ___heaptop = (RAM_START + RAM_SIZE)
                0x00000001                        ___run_clearbss = (___len_bss > 0x0)
                0x00000000                        ___init_array_count = (SIZEOF (.init_array) / 0x3)
                0x00000000                        ___ctors_count = (SIZEOF (.ctors) / 0x3)
                0x00000000                        ___dtors_count = (SIZEOF (.dtors) / 0x3)
                0x00000000                        ___fini_array_count = (SIZEOF (.fini_array) / 0x3)
                0x00000000                        ___init_count = (___init_array_count + ___ctors_count)
                0x00000000                        ___fini_count = (___dtors_count + ___fini_array_count)
                0x00000000                        ___run_init = (___init_count > 0x0)
                0x00000000                        ___run_fini = (___fini_count > 0x0)
                0x00000100                        ___init_count_a = ((((___init_count - 0x1) >> 0x10) & 0xff) + 0x1)
                0x00000100                        ___init_count_b = (((___init_count - 0x1) & 0xff) + 0x1)
                0x00000100                        ___init_count_c = ((((___init_count - 0x1) >> 0x8) & 0xff) + 0x1)
                0x00000100                        ___fini_count_a = ((((___fini_count - 0x1) >> 0x10) & 0xff) + 0x1)
                0x00000100                        ___fini_count_b = (((___fini_count - 0x1) & 0xff) + 0x1)
                0x00000100                        ___fini_count_c = ((((___fini_count - 0x1) >> 0x8) & 0xff) + 0x1)
                0x00042fb8                        ___init_array_functions = (SIZEOF (.init_array) + ADDR (.init_array))
                0x00042fb8                        ___init_ctors_functions = (SIZEOF (.ctors) + ADDR (.ctors))
                0x00042fb8                        ___fini_dtors_functions = (SIZEOF (.dtors) + ADDR (.dtors))
                0x00042fb8                        ___fini_array_functions = (SIZEOF (.fini_array) + ADDR (.fini_array))
LOAD obj/amacs.o
START GROUP
LOAD /Users/kristofer/agondev/release/lib/libc.a
LOAD /Users/kristofer/agondev/release/lib/libagon.a
LOAD /Users/kristofer/agondev/release/lib/libcrt.a
LOAD /Users/kristofer/agondev/release/lib/libfp.a
END GROUP
OUTPUT(bin/amacs.c.bin binary)
