Archive member included to satisfy reference by file (symbol)

/Users/kristofer/agondev/release/lib/libc.a(atol.o)
                              obj/command.o (_atoi)
/Users/kristofer/agondev/release/lib/libc.a(ffs_fclose.o)
                              obj/gap.o (_ffs_fclose)
/Users/kristofer/agondev/release/lib/libc.a(ffs_fopen.o)
                              obj/gap.o (_ffs_fopen)
/Users/kristofer/agondev/release/lib/libc.a(ffs_fread.o)
                              obj/gap.o (_ffs_fread)
/Users/kristofer/agondev/release/lib/libc.a(ffs_stat.o)
                              obj/gap.o (_ffs_stat)
/Users/kristofer/agondev/release/lib/libc.a(free.c.o)
                              obj/buffer.o (_free)
/Users/kristofer/agondev/release/lib/libc.a(isalnum.o)
                              obj/gap.o (_isalnum)
/Users/kristofer/agondev/release/lib/libc.a(isprint.o)
                              obj/display.o (_isprint)
/Users/kristofer/agondev/release/lib/libc.a(isspace.o)
                              obj/command.o (_isspace)
/Users/kristofer/agondev/release/lib/libc.a(malloc.c.o)
                              obj/buffer.o (_malloc)
/Users/kristofer/agondev/release/lib/libc.a(memcpy.o)
                              obj/command.o (_memcpy)
/Users/kristofer/agondev/release/lib/libc.a(memset.o)
                              obj/ktbox.o (_memset)
/Users/kristofer/agondev/release/lib/libc.a(mos_waitvblank.o)
                              obj/ktbox.o (_waitvblank)
/Users/kristofer/agondev/release/lib/libc.a(putchar.o)
                              obj/ktbox.o (_putchar)
/Users/kristofer/agondev/release/lib/libc.a(puts.o)
                              obj/ktbox.o (_puts)
/Users/kristofer/agondev/release/lib/libc.a(realloc.c.o)
                              obj/gap.o (_realloc)
/Users/kristofer/agondev/release/lib/libc.a(sbrk.o)
                              /Users/kristofer/agondev/release/lib/libc.a(malloc.c.o) (_sbrk)
/Users/kristofer/agondev/release/lib/libc.a(strchr.o)
                              obj/complete.o (_strchr)
/Users/kristofer/agondev/release/lib/libc.a(strcmp.o)
                              obj/buffer.o (_strcmp)
/Users/kristofer/agondev/release/lib/libc.a(strlen.o)
                              obj/display.o (_strlen)
/Users/kristofer/agondev/release/lib/libc.a(strncpy.o)
                              obj/command.o (_strncpy)
/Users/kristofer/agondev/release/lib/libc.a(tolower.o)
                              obj/command.o (_tolower)
/Users/kristofer/agondev/release/lib/libc.a(assert.o)
                              obj/buffer.o (___assert_fail_loc)
/Users/kristofer/agondev/release/lib/libc.a(fclose.o)
                              obj/gap.o (_fclose)
/Users/kristofer/agondev/release/lib/libc.a(fflush.o)
                              obj/ktbox.o (_fflush)
/Users/kristofer/agondev/release/lib/libc.a(files.o)
                              obj/ktbox.o (_stdout)
/Users/kristofer/agondev/release/lib/libc.a(fopen.o)
                              obj/gap.o (_fopen)
/Users/kristofer/agondev/release/lib/libc.a(fputc.o)
                              /Users/kristofer/agondev/release/lib/libc.a(putchar.o) (_fputc)
/Users/kristofer/agondev/release/lib/libc.a(fseek.o)
                              /Users/kristofer/agondev/release/lib/libc.a(fopen.o) (_fseek)
/Users/kristofer/agondev/release/lib/libc.a(fwrite.o)
                              obj/gap.o (_fwrite)
/Users/kristofer/agondev/release/lib/libc.a(nanoprintf.o)
                              obj/main.o (_printf)
/Users/kristofer/agondev/release/lib/libc.a(strtol.o)
                              /Users/kristofer/agondev/release/lib/libc.a(atol.o) (_strtol)
/Users/kristofer/agondev/release/lib/libc.a(isalpha.o)
                              /Users/kristofer/agondev/release/lib/libc.a(strtol.o) (_isalpha)
/Users/kristofer/agondev/release/lib/libc.a(isdigit.o)
                              /Users/kristofer/agondev/release/lib/libc.a(strtol.o) (_isdigit)
/Users/kristofer/agondev/release/lib/libc.a(isupper.o)
                              /Users/kristofer/agondev/release/lib/libc.a(strtol.o) (_isupper)
/Users/kristofer/agondev/release/lib/libc.a(mos_fclose.o)
                              /Users/kristofer/agondev/release/lib/libc.a(fclose.o) (_mos_fclose)
/Users/kristofer/agondev/release/lib/libc.a(mos_flseek.o)
                              /Users/kristofer/agondev/release/lib/libc.a(fseek.o) (_mos_flseek)
/Users/kristofer/agondev/release/lib/libc.a(mos_fopen.o)
                              /Users/kristofer/agondev/release/lib/libc.a(fopen.o) (_mos_fopen)
/Users/kristofer/agondev/release/lib/libc.a(mos_fputc.o)
                              /Users/kristofer/agondev/release/lib/libc.a(fputc.o) (_mos_fputc)
/Users/kristofer/agondev/release/lib/libc.a(mos_fwrite.o)
                              /Users/kristofer/agondev/release/lib/libc.a(fwrite.o) (_mos_fwrite)
/Users/kristofer/agondev/release/lib/libc.a(mos_getfil.o)
                              /Users/kristofer/agondev/release/lib/libc.a(fseek.o) (_mos_getfil)
/Users/kristofer/agondev/release/lib/libc.a(outchar.o)
                              /Users/kristofer/agondev/release/lib/libc.a(putchar.o) (_outchar)
/Users/kristofer/agondev/release/lib/libc.a(errno.o)
                              /Users/kristofer/agondev/release/lib/libc.a(fopen.o) (_errno)
/Users/kristofer/agondev/release/lib/libagon.a(vdp_clear_screen.o)
                              obj/ktbox.o (_vdp_clear_screen)
/Users/kristofer/agondev/release/lib/libagon.a(vdp_cursor_enable.o)
                              obj/ktbox.o (_vdp_cursor_enable)
/Users/kristofer/agondev/release/lib/libagon.a(vdp_cursor_tab.o)
                              obj/ktbox.o (_vdp_cursor_tab)
/Users/kristofer/agondev/release/lib/libagon.a(vdp_key.o)
                              obj/ktbox.o (_vdp_key_init)
/Users/kristofer/agondev/release/lib/libagon.a(vdp_vdu_init.o)
                              obj/ktbox.o (_vdp_vdu_init)
/Users/kristofer/agondev/release/lib/libagon.a(intagon.o)
                              /Users/kristofer/agondev/release/lib/libagon.a(vdp_key.o) (__agdev_default_mi_handler)
/Users/kristofer/agondev/release/lib/libcrt.a(and.o)
                              /Users/kristofer/agondev/release/lib/libc.a(nanoprintf.o) (__land)
/Users/kristofer/agondev/release/lib/libcrt.a(bshru.o)
                              /Users/kristofer/agondev/release/lib/libc.a(nanoprintf.o) (__bshru)
/Users/kristofer/agondev/release/lib/libcrt.a(crt0.o)
                              (__start)
/Users/kristofer/agondev/release/lib/libcrt.a(frameset.o)
                              obj/buffer.o (__frameset)
/Users/kristofer/agondev/release/lib/libcrt.a(frameset0.o)
                              obj/buffer.o (__frameset0)
/Users/kristofer/agondev/release/lib/libcrt.a(idivu.o)
                              /Users/kristofer/agondev/release/lib/libc.a(fwrite.o) (__idivu)
/Users/kristofer/agondev/release/lib/libcrt.a(idvrmu.o)
                              /Users/kristofer/agondev/release/lib/libcrt.a(idivu.o) (__idvrmu)
/Users/kristofer/agondev/release/lib/libcrt.a(imulu.o)
                              obj/ktbox.o (__imulu)
/Users/kristofer/agondev/release/lib/libcrt.a(indcallhl.o)
                              obj/main.o (__indcallhl)
/Users/kristofer/agondev/release/lib/libcrt.a(ineg_sneg.o)
                              obj/command.o (__ineg)
/Users/kristofer/agondev/release/lib/libcrt.a(ishl.o)
                              /Users/kristofer/agondev/release/lib/libc.a(nanoprintf.o) (__ishl)
/Users/kristofer/agondev/release/lib/libcrt.a(ishrs.o)
                              /Users/kristofer/agondev/release/lib/libc.a(nanoprintf.o) (__ishru)
/Users/kristofer/agondev/release/lib/libcrt.a(ladd.o)
                              obj/command.o (__ladd)
/Users/kristofer/agondev/release/lib/libcrt.a(lcmps.o)
                              obj/command.o (__lcmps)
/Users/kristofer/agondev/release/lib/libcrt.a(lcmpu.o)
                              obj/command.o (__lcmpu)
/Users/kristofer/agondev/release/lib/libcrt.a(lcmpzero.o)
                              obj/gap.o (__lcmpzero)
/Users/kristofer/agondev/release/lib/libcrt.a(ldivu.o)
                              /Users/kristofer/agondev/release/lib/libc.a(nanoprintf.o) (__ldivu)
/Users/kristofer/agondev/release/lib/libcrt.a(ldvrmu.o)
                              /Users/kristofer/agondev/release/lib/libcrt.a(ldivu.o) (__ldvrmu)
/Users/kristofer/agondev/release/lib/libcrt.a(lmulu.o)
                              /Users/kristofer/agondev/release/lib/libc.a(nanoprintf.o) (__lmulu)
/Users/kristofer/agondev/release/lib/libcrt.a(lneg.o)
                              /Users/kristofer/agondev/release/lib/libc.a(nanoprintf.o) (__lneg)
/Users/kristofer/agondev/release/lib/libcrt.a(lshl.o)
                              /Users/kristofer/agondev/release/lib/libc.a(nanoprintf.o) (__lshl)
/Users/kristofer/agondev/release/lib/libcrt.a(lshru.o)
                              /Users/kristofer/agondev/release/lib/libc.a(nanoprintf.o) (__lshru)
/Users/kristofer/agondev/release/lib/libcrt.a(lsub.o)
                              obj/command.o (__lsub)
/Users/kristofer/agondev/release/lib/libcrt.a(sand.o)
                              /Users/kristofer/agondev/release/lib/libc.a(nanoprintf.o) (__sand)
/Users/kristofer/agondev/release/lib/libcrt.a(sdivs.o)
                              obj/window.o (__sdivs)
/Users/kristofer/agondev/release/lib/libcrt.a(sdvrms_abs.o)
                              /Users/kristofer/agondev/release/lib/libcrt.a(sdivs.o) (__sdvrms_abs)
/Users/kristofer/agondev/release/lib/libcrt.a(sdvrmu.o)
                              /Users/kristofer/agondev/release/lib/libcrt.a(sdvrms_abs.o) (__sdvrmu)
/Users/kristofer/agondev/release/lib/libcrt.a(setflag.o)
                              obj/buffer.o (__setflag)
/Users/kristofer/agondev/release/lib/libcrt.a(sshru.o)
                              /Users/kristofer/agondev/release/lib/libc.a(nanoprintf.o) (__sshru)
/Users/kristofer/agondev/release/lib/libcrt.a(xor.o)
                              /Users/kristofer/agondev/release/lib/libc.a(nanoprintf.o) (__ixor)
/Users/kristofer/agondev/release/lib/libcrt.a(lshrs.o)
                              /Users/kristofer/agondev/release/lib/libcrt.a(lshru.o) (__lshrs.hijack_lshru)
/Users/kristofer/agondev/release/lib/libfp.a(fpcmp.o)
                              /Users/kristofer/agondev/release/lib/libc.a(nanoprintf.o) (__fcmp)
/Users/kristofer/agondev/release/lib/libc.a(mos_puts.o)
                              /Users/kristofer/agondev/release/lib/libagon.a(vdp_clear_screen.o) (_mos_puts)
/Users/kristofer/agondev/release/lib/libc.a(mos_setintvector.o)
                              /Users/kristofer/agondev/release/lib/libagon.a(vdp_key.o) (_mos_setintvector)
/Users/kristofer/agondev/release/lib/libc.a(mos_sysvars.o)
                              /Users/kristofer/agondev/release/lib/libagon.a(vdp_vdu_init.o) (_mos_sysvars)

There are no discarded input sections

Memory Configuration

Name             Origin             Length             Attributes
USERRAM          0x00040000         0x00070000         rw
*default*        0x00000000         0xffffffff

Linker script and memory map

                0x00040000                        RAM_START = 0x40000
                0x00070000                        RAM_SIZE = 0x70000
                0x00000000                        _has_exit_handler = 0x0
                0x00040000                        . = RAM_START

.init           0x00040000      0x1d4
 *(.init .init.args .init.bss .fini)
 .init          0x00040000       0xbb /Users/kristofer/agondev/release/lib/libcrt.a(crt0.o)
                0x00040040                __mos_header
                0x00040045                __start
                0x000400b8                __start._main
 .fini          0x000400bb       0xbe /Users/kristofer/agondev/release/lib/libcrt.a(crt0.o)
                0x000400bb                ___exithl
                0x000400bd                _exit
                0x0004011c                __Exit
                0x00040120                _abort
 .init.bss      0x00040179       0x11 /Users/kristofer/agondev/release/lib/libcrt.a(crt0.o)
 .init.args     0x0004018a       0x4a /Users/kristofer/agondev/release/lib/libcrt.a(crt0.o)
                0x0004018a                _parse_option
                0x0004018a                _parse_params

.text           0x000401d4     0x6f48
 *(.text)
 .text          0x000401d4      0x294 obj/buffer.o
                0x000401d4                _flushinp
                0x000401d5                _buffer_init
                0x00040210                _find_buffer
                0x00040354                _delete_buffer
                0x000403c1                _next_buffer
                0x00040411                _get_buffer_name
                0x00040429                _count_buffers
                0x0004043c                _modified_buffers
 .text          0x00040468     0x1185 obj/command.o
                0x00040469                _quit
                0x00040472                _up
                0x000404b9                _down
                0x00040500                _lnbegin
                0x00040553                _version
                0x0004055e                _cancel
                0x00040569                _top
                0x00040578                _bottom
                0x000405dd                _block
                0x000405ef                _copy
                0x000405f9                _copy_cut
                0x000407a0                _cut
                0x000407ab                _resize_terminal
                0x000407b6                _quit_ask
                0x00040807                _yesno
                0x00040869                _redraw
                0x00040891                _left
                0x000408fd                _prev_utf8_char_size
                0x0004097f                _right
                0x00040a28                _utf8_size
                0x00040a5d                _lnend
                0x00040af3                _wleft
                0x00040bc6                _pgdown
                0x00040c2c                _pgup
                0x00040c8b                _wright
                0x00040d66                _insert
                0x00040f42                _backsp
                0x00040fae                _delete
                0x00041023                _gotoline
                0x00041091                _insertfile
                0x000410b6                _readfile
                0x0004116b                _savebuffer
                0x00041184                _writefile
                0x000411eb                _killbuffer
                0x000412c1                _iblock
                0x000412dd                _toggle_overwrite_mode
                0x000412eb                _killtoeol
                0x0004137b                _paste
                0x0004147e                _showpos
                0x000415a5                _unctrl
 .text          0x000415ed      0x115 obj/complete.o
                0x000415ee                _getfilename
 .text          0x00041702      0xd4c obj/display.o
                0x00041703                _lnstart
                0x00041772                _segstart
                0x000418cc                _segnext
                0x000419c2                _upup
                0x00041a68                _dndn
                0x00041a96                _lncolumn
                0x00041b51                _display
                0x00041fea                _b2w
                0x00042075                _modeline
                0x00042172                _dispmsg
                0x000421b6                _display_utf8
                0x00042248                _display_prompt_and_response
                0x00042298                _update_display
                0x00042368                _w2b
 .text          0x0004244e      0x96e obj/gap.o
                0x0004244f                _growgap
                0x00042693                _movegap
                0x0004278b                _ptr
                0x000427db                _pos
                0x0004283e                _posix_file
                0x0004289d                _save
                0x000429a6                _load_file
                0x000429d6                _insert_file
                0x00042b69                _line_to_point
                0x00042c72                _get_line_stats
 .text          0x00042dbc      0x296 obj/hilite.o
                0x00042dbd                _get_at
                0x00042dd8                _is_symbol
                0x00042e00                _set_parse_state
                0x00042e63                _parse_text
 .text          0x00043052      0x297 obj/key.o
                0x00043053                _get_key
                0x0004315f                _getinput
 .text          0x000432e9      0xa5a obj/ktbox.o
                0x000432ea                _ktbox_init
                0x00043449                _ktbox_free
                0x00043528                _ktdev_home
                0x0004353a                _ktdev_blank
                0x00043544                _ktbox_cleanup_input
                0x00043561                _ktdev_init
                0x00043568                _ktdev_deinit
                0x0004356f                _ktbox_clear
                0x000435db                _ktbox_clrtoeol
                0x0004362c                _ktbox_putchar
                0x000436b1                _ktbox_getchar
                0x0004372b                _ktbox_puts
                0x000437d8                _ktbox_addstr
                0x00043859                _ktbox_addch
                0x000438ae                _ktbox_fill_region
                0x000439b2                _ktbox_move_cursor
                0x00043a34                _ktbox_get_cursor
                0x00043a71                _ktbox_render
                0x00043b1f                _ktbox_cursor_hide
                0x00043b31                _ktdev_set_cursor
                0x00043b5d                _ktdev_delay
                0x00043bb9                _recordkey
                0x00043c47                _ktbdev_debug
                0x00043c4e                _ktbox_init_input
                0x00043ced                _ktbox_read_key
                0x00043d22                _ktbox_map_key
                0x00043d2c                _ktbox_key_available
 .text          0x00043d43      0x25f obj/main.o
                0x00043d44                _ashex
                0x00043d7f                _main
                0x00043f4d                _fatal
                0x00043f74                _msg
 .text          0x00043fa2      0x5df obj/replace.o
                0x00043fa3                _query_replace
 .text          0x00044581      0x428 obj/search.o
                0x00044582                _search
                0x00044710                _search_forward
                0x00044812                _display_search_result
                0x000448af                _search_backwards
 .text          0x000449a9      0x257 obj/window.o
                0x000449aa                _new_window
                0x00044a1b                _one_window
                0x00044a33                _split_window
                0x00044ac6                _associate_b2w
                0x00044b03                _next_window
                0x00044b47                _delete_other_windows
                0x00044b69                _free_other_windows
                0x00044bca                _disassociate_b
 .text          0x00044c00       0x13 /Users/kristofer/agondev/release/lib/libc.a(atol.o)
                0x00044c00                _atoi
                0x00044c00                _atol
 .text          0x00044c13       0x15 /Users/kristofer/agondev/release/lib/libc.a(ffs_fclose.o)
                0x00044c13                _ffs_fclose
 .text          0x00044c28       0x1b /Users/kristofer/agondev/release/lib/libc.a(ffs_fopen.o)
                0x00044c28                _ffs_fopen
 .text          0x00044c43       0x1d /Users/kristofer/agondev/release/lib/libc.a(ffs_fread.o)
                0x00044c43                _ffs_fread
 .text          0x00044c60       0x18 /Users/kristofer/agondev/release/lib/libc.a(ffs_stat.o)
                0x00044c60                _ffs_stat
 .text          0x00044c78       0xbd /Users/kristofer/agondev/release/lib/libc.a(free.c.o)
                0x00044c78                _free
 .text          0x00044d35       0x15 /Users/kristofer/agondev/release/lib/libc.a(isalnum.o)
                0x00044d35                _isalnum
 .text          0x00044d4a        0xc /Users/kristofer/agondev/release/lib/libc.a(isprint.o)
                0x00044d4a                _isprint
 .text          0x00044d56        0xf /Users/kristofer/agondev/release/lib/libc.a(isspace.o)
                0x00044d56                _isspace
 .text          0x00044d65       0x9f /Users/kristofer/agondev/release/lib/libc.a(malloc.c.o)
                0x00044d65                _malloc
 .text          0x00044e04       0x1c /Users/kristofer/agondev/release/lib/libc.a(memcpy.o)
                0x00044e04                _memcpy
 .text          0x00044e20       0x17 /Users/kristofer/agondev/release/lib/libc.a(memset.o)
                0x00044e20                _memset
 .text          0x00044e37       0x13 /Users/kristofer/agondev/release/lib/libc.a(mos_waitvblank.o)
                0x00044e37                _waitvblank
 .text          0x00044e4a       0x2f /Users/kristofer/agondev/release/lib/libc.a(putchar.o)
                0x00044e4a                _putchar
 .text          0x00044e79       0x2c /Users/kristofer/agondev/release/lib/libc.a(puts.o)
                0x00044e79                _puts
 .text          0x00044ea5       0x76 /Users/kristofer/agondev/release/lib/libc.a(realloc.c.o)
                0x00044ea5                _realloc
 .text          0x00044f1b       0x28 /Users/kristofer/agondev/release/lib/libc.a(sbrk.o)
                0x00044f1b                _sbrk
 .text          0x00044f43       0x1d /Users/kristofer/agondev/release/lib/libc.a(strchr.o)
                0x00044f43                _strchr
 .text          0x00044f60       0x1d /Users/kristofer/agondev/release/lib/libc.a(strcmp.o)
                0x00044f60                _strcmp
 .text          0x00044f7d       0x15 /Users/kristofer/agondev/release/lib/libc.a(strlen.o)
                0x00044f7d                _strlen
 .text          0x00044f92       0x43 /Users/kristofer/agondev/release/lib/libc.a(strncpy.o)
                0x00044f92                _strncpy
 .text          0x00044fd5        0xc /Users/kristofer/agondev/release/lib/libc.a(tolower.o)
                0x00044fd5                _tolower
                0x00044fd8                _tolower.internal
 .text          0x00044fe1        0x0 /Users/kristofer/agondev/release/lib/libc.a(assert.o)
 .text          0x00044fe1       0x44 /Users/kristofer/agondev/release/lib/libc.a(fclose.o)
                0x00044fe1                _fclose
 .text          0x00045025       0x10 /Users/kristofer/agondev/release/lib/libc.a(fflush.o)
                0x00045025                _fflush
 .text          0x00045035       0x52 /Users/kristofer/agondev/release/lib/libc.a(files.o)
                0x00045035                __stdio_init
 .text          0x00045087      0x12c /Users/kristofer/agondev/release/lib/libc.a(fopen.o)
                0x00045087                _fopen
                0x00045148                ___fmodeflags
 .text          0x000451b3       0xb7 /Users/kristofer/agondev/release/lib/libc.a(fputc.o)
                0x000451b3                _fputc
                0x00045243                _fput_char
 .text          0x0004526a       0xa9 /Users/kristofer/agondev/release/lib/libc.a(fseek.o)
                0x0004526a                _fseek
 .text          0x00045313       0xd4 /Users/kristofer/agondev/release/lib/libc.a(fwrite.o)
                0x00045313                _fwrite
 .text          0x000453e7     0x13b8 /Users/kristofer/agondev/release/lib/libc.a(nanoprintf.o)
                0x000453e7                _npf_vpprintf
                0x00046528                _npf_pprintf
                0x00046550                _npf_snprintf
                0x00046578                _npf_vsnprintf
                0x00046625                _vprintf
                0x00046655                _printf
                0x00046674                _fprintf
                0x00046697                _vfprintf
                0x000466cc                _vsnprintf
                0x0004672f                _snprintf
                0x00046757                _vsprintf
                0x00046776                _sprintf
 .text          0x0004679f      0x2b2 /Users/kristofer/agondev/release/lib/libc.a(strtol.o)
                0x0004679f                _strtol
 .text          0x00046a51        0xe /Users/kristofer/agondev/release/lib/libc.a(isalpha.o)
                0x00046a51                _isalpha
 .text          0x00046a5f        0xb /Users/kristofer/agondev/release/lib/libc.a(isdigit.o)
                0x00046a5f                _isdigit
 .text          0x00046a6a        0xb /Users/kristofer/agondev/release/lib/libc.a(isupper.o)
                0x00046a6a                _isupper
 .text          0x00046a75       0x15 /Users/kristofer/agondev/release/lib/libc.a(mos_fclose.o)
                0x00046a75                _mos_fclose
 .text          0x00046a8a       0x1f /Users/kristofer/agondev/release/lib/libc.a(mos_flseek.o)
                0x00046a8a                _mos_flseek
 .text          0x00046aa9       0x18 /Users/kristofer/agondev/release/lib/libc.a(mos_fopen.o)
                0x00046aa9                _mos_fopen
 .text          0x00046ac1       0x18 /Users/kristofer/agondev/release/lib/libc.a(mos_fputc.o)
                0x00046ac1                _mos_fputc
 .text          0x00046ad9       0x1c /Users/kristofer/agondev/release/lib/libc.a(mos_fwrite.o)
                0x00046ad9                _mos_fwrite
 .text          0x00046af5       0x15 /Users/kristofer/agondev/release/lib/libc.a(mos_getfil.o)
                0x00046af5                _mos_getfil
 .text          0x00046b0a        0x7 /Users/kristofer/agondev/release/lib/libc.a(outchar.o)
                0x00046b0a                _outchar
 .text          0x00046b11        0x0 /Users/kristofer/agondev/release/lib/libc.a(errno.o)
 .text          0x00046b11       0x17 /Users/kristofer/agondev/release/lib/libagon.a(vdp_clear_screen.o)
                0x00046b11                _vdp_clear_screen
 .text          0x00046b28       0x25 /Users/kristofer/agondev/release/lib/libagon.a(vdp_cursor_enable.o)
                0x00046b28                _vdp_cursor_enable
 .text          0x00046b4d       0x2a /Users/kristofer/agondev/release/lib/libagon.a(vdp_cursor_tab.o)
                0x00046b4d                _vdp_cursor_tab
 .text          0x00046b77      0x1ec /Users/kristofer/agondev/release/lib/libagon.a(vdp_key.o)
                0x00046b77                _vdp_key_init
                0x00046c32                _check_bytes_get_int
                0x00046c64                _check_bytes
                0x00046c89                _vdp_key_reset_interrupt
                0x00046ca8                _vdp_set_key_event_handler
                0x00046cb6                _vdp_update_key_state
                0x00046d2f                _vdp_check_key_press
 .text          0x00046d63        0x9 /Users/kristofer/agondev/release/lib/libagon.a(vdp_vdu_init.o)
                0x00046d63                _vdp_vdu_init
 .text          0x00046d6c       0xab /Users/kristofer/agondev/release/lib/libagon.a(intagon.o)
                0x00046d6c                __agdev_default_mi_handler
                0x00046d70                __agdev_uart0_handler
                0x00046d78                __agdev_UART0_serial_RX
                0x00046d7d                __agdev_vdp_protocol_data
                0x00046d82                __agdev_vdp_protocol
 .text          0x00046e17       0x1c /Users/kristofer/agondev/release/lib/libcrt.a(and.o)
                0x00046e17                __land
                0x00046e1c                __iand
                0x00046e1d                __iand.hijack_land
 .text          0x00046e33        0xa /Users/kristofer/agondev/release/lib/libcrt.a(bshru.o)
                0x00046e33                __bshru
 .text          0x00046e3d       0x2c /Users/kristofer/agondev/release/lib/libcrt.a(crt0.o)
                0x00046e3d                _atexit
                0x00046e3d                _on_exit
 .text          0x00046e69        0xe /Users/kristofer/agondev/release/lib/libcrt.a(frameset.o)
                0x00046e69                __frameset
 .text          0x00046e77        0xb /Users/kristofer/agondev/release/lib/libcrt.a(frameset0.o)
                0x00046e77                __frameset0
 .text          0x00046e82        0x8 /Users/kristofer/agondev/release/lib/libcrt.a(idivu.o)
                0x00046e82                __idivu
 .text          0x00046e8a       0x18 /Users/kristofer/agondev/release/lib/libcrt.a(idvrmu.o)
                0x00046e8a                __idvrmu
                0x00046e8e                __idvrmu.hijack_a_iters_ude_dividend
 .text          0x00046ea2       0x30 /Users/kristofer/agondev/release/lib/libcrt.a(imulu.o)
                0x00046ea2                __imuls
                0x00046ea2                __imulu
 .text          0x00046ed2        0x1 /Users/kristofer/agondev/release/lib/libcrt.a(indcallhl.o)
                0x00046ed2                __indcallhl
 .text          0x00046ed3        0x9 /Users/kristofer/agondev/release/lib/libcrt.a(ineg_sneg.o)
                0x00046ed3                __ineg
                0x00046ed3                __sneg
 .text          0x00046edc       0x26 /Users/kristofer/agondev/release/lib/libcrt.a(ishl.o)
                0x00046edc                __sshl
                0x00046edc                __ishl
 .text          0x00046f02       0x41 /Users/kristofer/agondev/release/lib/libcrt.a(ishrs.o)
                0x00046f02                __ishru
                0x00046f07                __ishrs
 .text          0x00046f43        0x6 /Users/kristofer/agondev/release/lib/libcrt.a(ladd.o)
                0x00046f43                __ladd
 .text          0x00046f49        0xd /Users/kristofer/agondev/release/lib/libcrt.a(lcmps.o)
                0x00046f49                __lcmps
 .text          0x00046f56        0x8 /Users/kristofer/agondev/release/lib/libcrt.a(lcmpu.o)
                0x00046f56                __lcmpu
 .text          0x00046f5e        0xb /Users/kristofer/agondev/release/lib/libcrt.a(lcmpzero.o)
                0x00046f5e                __lcmpzero
 .text          0x00046f69        0xa /Users/kristofer/agondev/release/lib/libcrt.a(ldivu.o)
                0x00046f69                __ldivu
 .text          0x00046f73       0x28 /Users/kristofer/agondev/release/lib/libcrt.a(ldvrmu.o)
                0x00046f73                __ldvrmu
 .text          0x00046f9b       0x5c /Users/kristofer/agondev/release/lib/libcrt.a(lmulu.o)
                0x00046f9b                __lmuls
                0x00046f9b                __lmulu
 .text          0x00046ff7        0xd /Users/kristofer/agondev/release/lib/libcrt.a(lneg.o)
                0x00046ff7                __lneg
 .text          0x00047004        0xd /Users/kristofer/agondev/release/lib/libcrt.a(lshl.o)
                0x00047004                __lshl
 .text          0x00047011       0x10 /Users/kristofer/agondev/release/lib/libcrt.a(lshru.o)
                0x00047011                __lshru
 .text          0x00047021        0xa /Users/kristofer/agondev/release/lib/libcrt.a(lsub.o)
                0x00047021                __lsub
 .text          0x0004702b        0x9 /Users/kristofer/agondev/release/lib/libcrt.a(sand.o)
                0x0004702b                __sand
 .text          0x00047034        0xc /Users/kristofer/agondev/release/lib/libcrt.a(sdivs.o)
                0x00047034                __sdivs
 .text          0x00047040       0x20 /Users/kristofer/agondev/release/lib/libcrt.a(sdvrms_abs.o)
                0x00047040                __sdvrms_abs
 .text          0x00047060       0x10 /Users/kristofer/agondev/release/lib/libcrt.a(sdvrmu.o)
                0x00047060                __sdvrmu
 .text          0x00047070        0xf /Users/kristofer/agondev/release/lib/libcrt.a(setflag.o)
                0x00047070                __setflag
 .text          0x0004707f        0xd /Users/kristofer/agondev/release/lib/libcrt.a(sshru.o)
                0x0004707f                __sshru
 .text          0x0004708c       0x1b /Users/kristofer/agondev/release/lib/libcrt.a(xor.o)
                0x0004708c                __lxor
                0x00047090                __ixor
 .text          0x000470a7       0x1b /Users/kristofer/agondev/release/lib/libcrt.a(lshrs.o)
                0x000470a7                __lshrs
                0x000470b3                __lshrs.hijack_lshru
 .text          0x000470c2       0x1d /Users/kristofer/agondev/release/lib/libfp.a(fpcmp.o)
                0x000470c2                __fcmp
 .text          0x000470df       0x19 /Users/kristofer/agondev/release/lib/libc.a(mos_puts.o)
                0x000470df                _mos_puts
 .text          0x000470f8       0x18 /Users/kristofer/agondev/release/lib/libc.a(mos_setintvector.o)
                0x000470f8                _mos_setintvector
 .text          0x00047110        0xc /Users/kristofer/agondev/release/lib/libc.a(mos_sysvars.o)
                0x00047110                _mos_sysvars

.text.unlikely.
                0x0004711c       0x35
 .text.unlikely.
                0x0004711c       0x35 /Users/kristofer/agondev/release/lib/libc.a(assert.o)
                0x0004711c                ___assert_fail_loc

.init_array     0x00047151        0x0
 *(.init_array)
 .init_array    0x00047151        0x0 /Users/kristofer/agondev/release/lib/libcrt.a(crt0.o)

.ctors          0x00047151        0x0
 *(.ctors)
 .ctors         0x00047151        0x0 /Users/kristofer/agondev/release/lib/libcrt.a(crt0.o)

.dtors          0x00047151        0x0
 *(.dtors)
 .dtors         0x00047151        0x0 /Users/kristofer/agondev/release/lib/libcrt.a(crt0.o)

.comment        0x00000000      0xd9a
 .comment       0x00000000       0x71 obj/buffer.o
 .comment       0x00000071       0x71 obj/command.o
 .comment       0x000000e2       0x71 obj/complete.o
 .comment       0x00000153       0x71 obj/display.o
 .comment       0x000001c4       0x71 obj/gap.o
 .comment       0x00000235       0x71 obj/hilite.o
 .comment       0x000002a6       0x71 obj/key.o
 .comment       0x00000317       0x71 obj/ktbox.o
 .comment       0x00000388       0x71 obj/main.o
 .comment       0x000003f9       0x71 obj/replace.o
 .comment       0x0000046a       0x71 obj/search.o
 .comment       0x000004db       0x71 obj/window.o
 .comment       0x0000054c       0x6a /Users/kristofer/agondev/release/lib/libc.a(free.c.o)
 .comment       0x000005b6       0x6a /Users/kristofer/agondev/release/lib/libc.a(malloc.c.o)
 .comment       0x00000620       0x6a /Users/kristofer/agondev/release/lib/libc.a(realloc.c.o)
 .comment       0x0000068a       0x71 /Users/kristofer/agondev/release/lib/libc.a(assert.o)
 .comment       0x000006fb       0x71 /Users/kristofer/agondev/release/lib/libc.a(fclose.o)
 .comment       0x0000076c       0x71 /Users/kristofer/agondev/release/lib/libc.a(fflush.o)
 .comment       0x000007dd       0x71 /Users/kristofer/agondev/release/lib/libc.a(files.o)
 .comment       0x0000084e       0x71 /Users/kristofer/agondev/release/lib/libc.a(fopen.o)
 .comment       0x000008bf       0x71 /Users/kristofer/agondev/release/lib/libc.a(fputc.o)
 .comment       0x00000930       0x71 /Users/kristofer/agondev/release/lib/libc.a(fseek.o)
 .comment       0x000009a1       0x71 /Users/kristofer/agondev/release/lib/libc.a(fwrite.o)
 .comment       0x00000a12       0x71 /Users/kristofer/agondev/release/lib/libc.a(nanoprintf.o)
 .comment       0x00000a83       0x71 /Users/kristofer/agondev/release/lib/libc.a(strtol.o)
 .comment       0x00000af4       0x71 /Users/kristofer/agondev/release/lib/libc.a(errno.o)
 .comment       0x00000b65       0x71 /Users/kristofer/agondev/release/lib/libagon.a(vdp_clear_screen.o)
 .comment       0x00000bd6       0x71 /Users/kristofer/agondev/release/lib/libagon.a(vdp_cursor_enable.o)
 .comment       0x00000c47       0x71 /Users/kristofer/agondev/release/lib/libagon.a(vdp_cursor_tab.o)
 .comment       0x00000cb8       0x71 /Users/kristofer/agondev/release/lib/libagon.a(vdp_key.o)
 .comment       0x00000d29       0x71 /Users/kristofer/agondev/release/lib/libagon.a(vdp_vdu_init.o)

.fini_array     0x00047151        0x0
 *(.fini_array)
 .fini_array    0x00047151        0x0 /Users/kristofer/agondev/release/lib/libcrt.a(crt0.o)

.rodata         0x00047151     0x1045
 *(.rodata)
 .rodata        0x00047151       0x8e obj/buffer.o
 .rodata        0x000471df      0x232 obj/command.o
 .rodata        0x00047411       0x15 obj/complete.o
 .rodata        0x00047426       0x15 obj/display.o
 .rodata        0x0004743b      0x319 obj/gap.o
 .rodata        0x00047754       0x20 obj/hilite.o
 .rodata        0x00047774      0x6ca obj/key.o
 .rodata        0x00047e3e       0x34 obj/ktbox.o
 .rodata        0x00047e72       0xa2 obj/main.o
 .rodata        0x00047f14       0x66 obj/replace.o
 .rodata        0x00047f7a       0x1b obj/search.o
 .rodata        0x00047f95      0x109 obj/window.o
 .rodata        0x0004809e        0x9 /Users/kristofer/agondev/release/lib/libc.a(puts.o)
                0x0004809e                ___null_literal_str
                0x000480a5                ___end_of_line_str
 .rodata        0x000480a7       0x2c /Users/kristofer/agondev/release/lib/libc.a(assert.o)
 .rodata        0x000480d3        0x4 /Users/kristofer/agondev/release/lib/libc.a(fopen.o)
 .rodata        0x000480d7       0xab /Users/kristofer/agondev/release/lib/libc.a(nanoprintf.o)
 .rodata        0x00048182        0x8 /Users/kristofer/agondev/release/lib/libagon.a(vdp_key.o)
 .rodata        0x0004818a        0xc /Users/kristofer/agondev/release/lib/libcrt.a(crt0.o)

.data           0x00048196      0x27a
 *(.data)
 .data          0x00048196        0x0 obj/buffer.o
 .data          0x00048196        0x0 obj/command.o
 .data          0x00048196        0x0 obj/complete.o
 .data          0x00048196        0x0 obj/display.o
 .data          0x00048196        0x0 obj/gap.o
 .data          0x00048196        0x6 obj/hilite.o
                0x00048196                _state
                0x00048199                _next_state
 .data          0x0004819c      0x20d obj/key.o
                0x0004819c                _keymap
 .data          0x000483a9        0x3 obj/ktbox.o
 .data          0x000483ac        0x0 obj/main.o
 .data          0x000483ac        0x0 obj/replace.o
 .data          0x000483ac        0x0 obj/search.o
 .data          0x000483ac        0x0 obj/window.o
 .data          0x000483ac        0x0 /Users/kristofer/agondev/release/lib/libc.a(atol.o)
 .data          0x000483ac        0x0 /Users/kristofer/agondev/release/lib/libc.a(ffs_fclose.o)
 .data          0x000483ac        0x0 /Users/kristofer/agondev/release/lib/libc.a(ffs_fopen.o)
 .data          0x000483ac        0x0 /Users/kristofer/agondev/release/lib/libc.a(ffs_fread.o)
 .data          0x000483ac        0x0 /Users/kristofer/agondev/release/lib/libc.a(ffs_stat.o)
 .data          0x000483ac        0x0 /Users/kristofer/agondev/release/lib/libc.a(free.c.o)
 .data          0x000483ac        0x0 /Users/kristofer/agondev/release/lib/libc.a(isalnum.o)
 .data          0x000483ac        0x0 /Users/kristofer/agondev/release/lib/libc.a(isprint.o)
 .data          0x000483ac        0x0 /Users/kristofer/agondev/release/lib/libc.a(isspace.o)
 .data          0x000483ac        0x0 /Users/kristofer/agondev/release/lib/libc.a(malloc.c.o)
 .data          0x000483ac        0x0 /Users/kristofer/agondev/release/lib/libc.a(memcpy.o)
 .data          0x000483ac        0x0 /Users/kristofer/agondev/release/lib/libc.a(memset.o)
 .data          0x000483ac        0x0 /Users/kristofer/agondev/release/lib/libc.a(mos_waitvblank.o)
 .data          0x000483ac        0x0 /Users/kristofer/agondev/release/lib/libc.a(putchar.o)
 .data          0x000483ac        0x0 /Users/kristofer/agondev/release/lib/libc.a(puts.o)
 .data          0x000483ac        0x0 /Users/kristofer/agondev/release/lib/libc.a(realloc.c.o)
 .data          0x000483ac        0x3 /Users/kristofer/agondev/release/lib/libc.a(sbrk.o)
                0x000483ac                __sbrkbase
 .data          0x000483af        0x0 /Users/kristofer/agondev/release/lib/libc.a(strchr.o)
 .data          0x000483af        0x0 /Users/kristofer/agondev/release/lib/libc.a(strcmp.o)
 .data          0x000483af        0x0 /Users/kristofer/agondev/release/lib/libc.a(strlen.o)
 .data          0x000483af        0x0 /Users/kristofer/agondev/release/lib/libc.a(strncpy.o)
 .data          0x000483af        0x0 /Users/kristofer/agondev/release/lib/libc.a(tolower.o)
 .data          0x000483af        0x0 /Users/kristofer/agondev/release/lib/libc.a(assert.o)
 .data          0x000483af        0x0 /Users/kristofer/agondev/release/lib/libc.a(fclose.o)
 .data          0x000483af        0x0 /Users/kristofer/agondev/release/lib/libc.a(fflush.o)
 .data          0x000483af        0xf /Users/kristofer/agondev/release/lib/libc.a(files.o)
                0x000483af                _stdin
                0x000483b4                _stdout
                0x000483b9                _stderr
 .data          0x000483be        0x0 /Users/kristofer/agondev/release/lib/libc.a(fopen.o)
 .data          0x000483be        0x0 /Users/kristofer/agondev/release/lib/libc.a(fputc.o)
 .data          0x000483be        0x0 /Users/kristofer/agondev/release/lib/libc.a(fseek.o)
 .data          0x000483be        0x0 /Users/kristofer/agondev/release/lib/libc.a(fwrite.o)
 .data          0x000483be        0x0 /Users/kristofer/agondev/release/lib/libc.a(nanoprintf.o)
 .data          0x000483be        0x0 /Users/kristofer/agondev/release/lib/libc.a(strtol.o)
 .data          0x000483be        0x0 /Users/kristofer/agondev/release/lib/libc.a(isalpha.o)
 .data          0x000483be        0x0 /Users/kristofer/agondev/release/lib/libc.a(isdigit.o)
 .data          0x000483be        0x0 /Users/kristofer/agondev/release/lib/libc.a(isupper.o)
 .data          0x000483be        0x0 /Users/kristofer/agondev/release/lib/libc.a(mos_fclose.o)
 .data          0x000483be        0x0 /Users/kristofer/agondev/release/lib/libc.a(mos_flseek.o)
 .data          0x000483be        0x0 /Users/kristofer/agondev/release/lib/libc.a(mos_fopen.o)
 .data          0x000483be        0x0 /Users/kristofer/agondev/release/lib/libc.a(mos_fputc.o)
 .data          0x000483be        0x0 /Users/kristofer/agondev/release/lib/libc.a(mos_fwrite.o)
 .data          0x000483be        0x0 /Users/kristofer/agondev/release/lib/libc.a(mos_getfil.o)
 .data          0x000483be        0x0 /Users/kristofer/agondev/release/lib/libc.a(outchar.o)
 .data          0x000483be        0x0 /Users/kristofer/agondev/release/lib/libc.a(errno.o)
 .data          0x000483be        0x1 /Users/kristofer/agondev/release/lib/libagon.a(vdp_clear_screen.o)
 .data          0x000483bf        0x3 /Users/kristofer/agondev/release/lib/libagon.a(vdp_cursor_enable.o)
 .data          0x000483c2        0x3 /Users/kristofer/agondev/release/lib/libagon.a(vdp_cursor_tab.o)
 .data          0x000483c5       0x15 /Users/kristofer/agondev/release/lib/libagon.a(vdp_key.o)
 .data          0x000483da        0x0 /Users/kristofer/agondev/release/lib/libagon.a(vdp_vdu_init.o)
 .data          0x000483da        0x0 /Users/kristofer/agondev/release/lib/libagon.a(intagon.o)
 .data          0x000483da        0x0 /Users/kristofer/agondev/release/lib/libcrt.a(and.o)
 .data          0x000483da        0x0 /Users/kristofer/agondev/release/lib/libcrt.a(bshru.o)
 .data          0x000483da       0x36 /Users/kristofer/agondev/release/lib/libcrt.a(crt0.o)
                0x0004840d                _exit.sp
 .data          0x00048410        0x0 /Users/kristofer/agondev/release/lib/libcrt.a(frameset.o)
 .data          0x00048410        0x0 /Users/kristofer/agondev/release/lib/libcrt.a(frameset0.o)
 .data          0x00048410        0x0 /Users/kristofer/agondev/release/lib/libcrt.a(idivu.o)
 .data          0x00048410        0x0 /Users/kristofer/agondev/release/lib/libcrt.a(idvrmu.o)
 .data          0x00048410        0x0 /Users/kristofer/agondev/release/lib/libcrt.a(imulu.o)
 .data          0x00048410        0x0 /Users/kristofer/agondev/release/lib/libcrt.a(indcallhl.o)
 .data          0x00048410        0x0 /Users/kristofer/agondev/release/lib/libcrt.a(ineg_sneg.o)
 .data          0x00048410        0x0 /Users/kristofer/agondev/release/lib/libcrt.a(ishl.o)
 .data          0x00048410        0x0 /Users/kristofer/agondev/release/lib/libcrt.a(ishrs.o)
 .data          0x00048410        0x0 /Users/kristofer/agondev/release/lib/libcrt.a(ladd.o)
 .data          0x00048410        0x0 /Users/kristofer/agondev/release/lib/libcrt.a(lcmps.o)
 .data          0x00048410        0x0 /Users/kristofer/agondev/release/lib/libcrt.a(lcmpu.o)
 .data          0x00048410        0x0 /Users/kristofer/agondev/release/lib/libcrt.a(lcmpzero.o)
 .data          0x00048410        0x0 /Users/kristofer/agondev/release/lib/libcrt.a(ldivu.o)
 .data          0x00048410        0x0 /Users/kristofer/agondev/release/lib/libcrt.a(ldvrmu.o)
 .data          0x00048410        0x0 /Users/kristofer/agondev/release/lib/libcrt.a(lmulu.o)
 .data          0x00048410        0x0 /Users/kristofer/agondev/release/lib/libcrt.a(lneg.o)
 .data          0x00048410        0x0 /Users/kristofer/agondev/release/lib/libcrt.a(lshl.o)
 .data          0x00048410        0x0 /Users/kristofer/agondev/release/lib/libcrt.a(lshru.o)
 .data          0x00048410        0x0 /Users/kristofer/agondev/release/lib/libcrt.a(lsub.o)
 .data          0x00048410        0x0 /Users/kristofer/agondev/release/lib/libcrt.a(sand.o)
 .data          0x00048410        0x0 /Users/kristofer/agondev/release/lib/libcrt.a(sdivs.o)
 .data          0x00048410        0x0 /Users/kristofer/agondev/release/lib/libcrt.a(sdvrms_abs.o)
 .data          0x00048410        0x0 /Users/kristofer/agondev/release/lib/libcrt.a(sdvrmu.o)
 .data          0x00048410        0x0 /Users/kristofer/agondev/release/lib/libcrt.a(setflag.o)
 .data          0x00048410        0x0 /Users/kristofer/agondev/release/lib/libcrt.a(sshru.o)
 .data          0x00048410        0x0 /Users/kristofer/agondev/release/lib/libcrt.a(xor.o)
 .data          0x00048410        0x0 /Users/kristofer/agondev/release/lib/libcrt.a(lshrs.o)
 .data          0x00048410        0x0 /Users/kristofer/agondev/release/lib/libfp.a(fpcmp.o)
 .data          0x00048410        0x0 /Users/kristofer/agondev/release/lib/libc.a(mos_puts.o)
 .data          0x00048410        0x0 /Users/kristofer/agondev/release/lib/libc.a(mos_setintvector.o)
 .data          0x00048410        0x0 /Users/kristofer/agondev/release/lib/libc.a(mos_sysvars.o)

.bss            0x00048410      0x668
                0x00048410                        bss_start = .
 *(.bss .bss*)
 .bss           0x00048410        0x0 obj/buffer.o
 .bss           0x00048410        0x0 obj/command.o
 .bss           0x00048410        0x0 obj/complete.o
 .bss           0x00048410        0x0 obj/display.o
 .bss           0x00048410        0x0 obj/gap.o
 .bss           0x00048410        0x3 obj/hilite.o
                0x00048410                _skip_count
 .bss           0x00048413      0x100 obj/key.o
 .bss           0x00048513       0x5d obj/ktbox.o
                0x00048513                _history_ptr
                0x00048516                _kevs
                0x00048519                _maxkevs
                0x0004851c                _history
 .bss           0x00048570      0x4a5 obj/main.o
                0x00048570                _curbp
                0x00048573                _curwp
                0x00048576                _wheadp
                0x00048579                _key_map
                0x0004857c                _done
                0x0004857f                _key_return
                0x00048582                _input
                0x00048585                _scrap
                0x00048588                _msgline
                0x00048788                _msgflag
                0x0004878b                _nscrap
                0x0004878f                _temp
                0x0004898f                _searchtext
                0x000489cf                _replace
                0x00048a0f                _bheadp
                0x00048a12                _box
 .bss           0x00048a15        0x0 obj/replace.o
 .bss           0x00048a15        0x0 obj/search.o
 .bss           0x00048a15        0x3 obj/window.o
                0x00048a15                _win_cnt
 .bss           0x00048a18        0x0 /Users/kristofer/agondev/release/lib/libc.a(atol.o)
 .bss           0x00048a18        0x0 /Users/kristofer/agondev/release/lib/libc.a(ffs_fclose.o)
 .bss           0x00048a18        0x0 /Users/kristofer/agondev/release/lib/libc.a(ffs_fopen.o)
 .bss           0x00048a18        0x0 /Users/kristofer/agondev/release/lib/libc.a(ffs_fread.o)
 .bss           0x00048a18        0x0 /Users/kristofer/agondev/release/lib/libc.a(ffs_stat.o)
 .bss           0x00048a18        0x0 /Users/kristofer/agondev/release/lib/libc.a(free.c.o)
 .bss           0x00048a18        0x0 /Users/kristofer/agondev/release/lib/libc.a(isalnum.o)
 .bss           0x00048a18        0x0 /Users/kristofer/agondev/release/lib/libc.a(isprint.o)
 .bss           0x00048a18        0x0 /Users/kristofer/agondev/release/lib/libc.a(isspace.o)
 .bss           0x00048a18        0x6 /Users/kristofer/agondev/release/lib/libc.a(malloc.c.o)
                0x00048a18                __alloc_base
 .bss           0x00048a1e        0x0 /Users/kristofer/agondev/release/lib/libc.a(memcpy.o)
 .bss           0x00048a1e        0x0 /Users/kristofer/agondev/release/lib/libc.a(memset.o)
 .bss           0x00048a1e        0x0 /Users/kristofer/agondev/release/lib/libc.a(mos_waitvblank.o)
 .bss           0x00048a1e        0x0 /Users/kristofer/agondev/release/lib/libc.a(putchar.o)
 .bss           0x00048a1e        0x0 /Users/kristofer/agondev/release/lib/libc.a(puts.o)
 .bss           0x00048a1e        0x0 /Users/kristofer/agondev/release/lib/libc.a(realloc.c.o)
 .bss           0x00048a1e        0x0 /Users/kristofer/agondev/release/lib/libc.a(sbrk.o)
 .bss           0x00048a1e        0x0 /Users/kristofer/agondev/release/lib/libc.a(strchr.o)
 .bss           0x00048a1e        0x0 /Users/kristofer/agondev/release/lib/libc.a(strcmp.o)
 .bss           0x00048a1e        0x0 /Users/kristofer/agondev/release/lib/libc.a(strlen.o)
 .bss           0x00048a1e        0x0 /Users/kristofer/agondev/release/lib/libc.a(strncpy.o)
 .bss           0x00048a1e        0x0 /Users/kristofer/agondev/release/lib/libc.a(tolower.o)
 .bss           0x00048a1e        0x0 /Users/kristofer/agondev/release/lib/libc.a(assert.o)
 .bss           0x00048a1e        0x0 /Users/kristofer/agondev/release/lib/libc.a(fclose.o)
 .bss           0x00048a1e        0x0 /Users/kristofer/agondev/release/lib/libc.a(fflush.o)
 .bss           0x00048a1e       0x28 /Users/kristofer/agondev/release/lib/libc.a(files.o)
                0x00048a1e                __file_streams
 .bss           0x00048a46        0x0 /Users/kristofer/agondev/release/lib/libc.a(fopen.o)
 .bss           0x00048a46        0x0 /Users/kristofer/agondev/release/lib/libc.a(fputc.o)
 .bss           0x00048a46        0x0 /Users/kristofer/agondev/release/lib/libc.a(fseek.o)
 .bss           0x00048a46        0x0 /Users/kristofer/agondev/release/lib/libc.a(fwrite.o)
 .bss           0x00048a46        0x0 /Users/kristofer/agondev/release/lib/libc.a(nanoprintf.o)
 .bss           0x00048a46        0x0 /Users/kristofer/agondev/release/lib/libc.a(strtol.o)
 .bss           0x00048a46        0x0 /Users/kristofer/agondev/release/lib/libc.a(isalpha.o)
 .bss           0x00048a46        0x0 /Users/kristofer/agondev/release/lib/libc.a(isdigit.o)
 .bss           0x00048a46        0x0 /Users/kristofer/agondev/release/lib/libc.a(isupper.o)
 .bss           0x00048a46        0x0 /Users/kristofer/agondev/release/lib/libc.a(mos_fclose.o)
 .bss           0x00048a46        0x0 /Users/kristofer/agondev/release/lib/libc.a(mos_flseek.o)
 .bss           0x00048a46        0x0 /Users/kristofer/agondev/release/lib/libc.a(mos_fopen.o)
 .bss           0x00048a46        0x0 /Users/kristofer/agondev/release/lib/libc.a(mos_fputc.o)
 .bss           0x00048a46        0x0 /Users/kristofer/agondev/release/lib/libc.a(mos_fwrite.o)
 .bss           0x00048a46        0x0 /Users/kristofer/agondev/release/lib/libc.a(mos_getfil.o)
 .bss           0x00048a46        0x0 /Users/kristofer/agondev/release/lib/libc.a(outchar.o)
 .bss           0x00048a46        0x3 /Users/kristofer/agondev/release/lib/libc.a(errno.o)
                0x00048a46                _errno
 .bss           0x00048a49        0x0 /Users/kristofer/agondev/release/lib/libagon.a(vdp_clear_screen.o)
 .bss           0x00048a49        0x0 /Users/kristofer/agondev/release/lib/libagon.a(vdp_cursor_enable.o)
 .bss           0x00048a49        0x0 /Users/kristofer/agondev/release/lib/libagon.a(vdp_cursor_tab.o)
 .bss           0x00048a49       0x2c /Users/kristofer/agondev/release/lib/libagon.a(vdp_key.o)
                0x00048a49                _vdp_key_bits
 .bss           0x00048a75        0x3 /Users/kristofer/agondev/release/lib/libagon.a(vdp_vdu_init.o)
                0x00048a75                _sys_vars
 .bss           0x00048a78        0x0 /Users/kristofer/agondev/release/lib/libagon.a(intagon.o)
 .bss           0x00048a78        0x0 /Users/kristofer/agondev/release/lib/libcrt.a(and.o)
 .bss           0x00048a78        0x0 /Users/kristofer/agondev/release/lib/libcrt.a(bshru.o)
 .bss           0x00048a78        0x0 /Users/kristofer/agondev/release/lib/libcrt.a(crt0.o)
 .bss           0x00048a78        0x0 /Users/kristofer/agondev/release/lib/libcrt.a(frameset.o)
 .bss           0x00048a78        0x0 /Users/kristofer/agondev/release/lib/libcrt.a(frameset0.o)
 .bss           0x00048a78        0x0 /Users/kristofer/agondev/release/lib/libcrt.a(idivu.o)
 .bss           0x00048a78        0x0 /Users/kristofer/agondev/release/lib/libcrt.a(idvrmu.o)
 .bss           0x00048a78        0x0 /Users/kristofer/agondev/release/lib/libcrt.a(imulu.o)
 .bss           0x00048a78        0x0 /Users/kristofer/agondev/release/lib/libcrt.a(indcallhl.o)
 .bss           0x00048a78        0x0 /Users/kristofer/agondev/release/lib/libcrt.a(ineg_sneg.o)
 .bss           0x00048a78        0x0 /Users/kristofer/agondev/release/lib/libcrt.a(ishl.o)
 .bss           0x00048a78        0x0 /Users/kristofer/agondev/release/lib/libcrt.a(ishrs.o)
 .bss           0x00048a78        0x0 /Users/kristofer/agondev/release/lib/libcrt.a(ladd.o)
 .bss           0x00048a78        0x0 /Users/kristofer/agondev/release/lib/libcrt.a(lcmps.o)
 .bss           0x00048a78        0x0 /Users/kristofer/agondev/release/lib/libcrt.a(lcmpu.o)
 .bss           0x00048a78        0x0 /Users/kristofer/agondev/release/lib/libcrt.a(lcmpzero.o)
 .bss           0x00048a78        0x0 /Users/kristofer/agondev/release/lib/libcrt.a(ldivu.o)
 .bss           0x00048a78        0x0 /Users/kristofer/agondev/release/lib/libcrt.a(ldvrmu.o)
 .bss           0x00048a78        0x0 /Users/kristofer/agondev/release/lib/libcrt.a(lmulu.o)
 .bss           0x00048a78        0x0 /Users/kristofer/agondev/release/lib/libcrt.a(lneg.o)
 .bss           0x00048a78        0x0 /Users/kristofer/agondev/release/lib/libcrt.a(lshl.o)
 .bss           0x00048a78        0x0 /Users/kristofer/agondev/release/lib/libcrt.a(lshru.o)
 .bss           0x00048a78        0x0 /Users/kristofer/agondev/release/lib/libcrt.a(lsub.o)
 .bss           0x00048a78        0x0 /Users/kristofer/agondev/release/lib/libcrt.a(sand.o)
 .bss           0x00048a78        0x0 /Users/kristofer/agondev/release/lib/libcrt.a(sdivs.o)
 .bss           0x00048a78        0x0 /Users/kristofer/agondev/release/lib/libcrt.a(sdvrms_abs.o)
 .bss           0x00048a78        0x0 /Users/kristofer/agondev/release/lib/libcrt.a(sdvrmu.o)
 .bss           0x00048a78        0x0 /Users/kristofer/agondev/release/lib/libcrt.a(setflag.o)
 .bss           0x00048a78        0x0 /Users/kristofer/agondev/release/lib/libcrt.a(sshru.o)
 .bss           0x00048a78        0x0 /Users/kristofer/agondev/release/lib/libcrt.a(xor.o)
 .bss           0x00048a78        0x0 /Users/kristofer/agondev/release/lib/libcrt.a(lshrs.o)
 .bss           0x00048a78        0x0 /Users/kristofer/agondev/release/lib/libfp.a(fpcmp.o)
 .bss           0x00048a78        0x0 /Users/kristofer/agondev/release/lib/libc.a(mos_puts.o)
 .bss           0x00048a78        0x0 /Users/kristofer/agondev/release/lib/libc.a(mos_setintvector.o)
 .bss           0x00048a78        0x0 /Users/kristofer/agondev/release/lib/libc.a(mos_sysvars.o)
                0x00048a78                        bss_end = .
                0x000b0000                        __stack = (RAM_START + RAM_SIZE)
                0x00048410                        ___low_bss = bss_start
                0x00000668                        ___len_bss = SIZEOF (.bss)
                0x00048a78                        ___heapbot = bss_end
                0x000b0000                        ___heaptop = (RAM_START + RAM_SIZE)
                0x00000001                        ___run_clearbss = (___len_bss > 0x0)
                0x00000000                        ___init_array_count = (SIZEOF (.init_array) / 0x3)
                0x00000000                        ___ctors_count = (SIZEOF (.ctors) / 0x3)
                0x00000000                        ___dtors_count = (SIZEOF (.dtors) / 0x3)
                0x00000000                        ___fini_array_count = (SIZEOF (.fini_array) / 0x3)
                0x00000000                        ___init_count = (___init_array_count + ___ctors_count)
                0x00000000                        ___fini_count = (___dtors_count + ___fini_array_count)
                0x00000000                        ___run_init = (___init_count > 0x0)
                0x00000000                        ___run_fini = (___fini_count > 0x0)
                0x00000100                        ___init_count_a = ((((___init_count - 0x1) >> 0x10) & 0xff) + 0x1)
                0x00000100                        ___init_count_b = (((___init_count - 0x1) & 0xff) + 0x1)
                0x00000100                        ___init_count_c = ((((___init_count - 0x1) >> 0x8) & 0xff) + 0x1)
                0x00000100                        ___fini_count_a = ((((___fini_count - 0x1) >> 0x10) & 0xff) + 0x1)
                0x00000100                        ___fini_count_b = (((___fini_count - 0x1) & 0xff) + 0x1)
                0x00000100                        ___fini_count_c = ((((___fini_count - 0x1) >> 0x8) & 0xff) + 0x1)
                0x00047151                        ___init_array_functions = (SIZEOF (.init_array) + ADDR (.init_array))
                0x00047151                        ___init_ctors_functions = (SIZEOF (.ctors) + ADDR (.ctors))
                0x00047151                        ___fini_dtors_functions = (SIZEOF (.dtors) + ADDR (.dtors))
                0x00047151                        ___fini_array_functions = (SIZEOF (.fini_array) + ADDR (.fini_array))
LOAD obj/buffer.o
LOAD obj/command.o
LOAD obj/complete.o
LOAD obj/display.o
LOAD obj/gap.o
LOAD obj/hilite.o
LOAD obj/key.o
LOAD obj/ktbox.o
LOAD obj/main.o
LOAD obj/replace.o
LOAD obj/search.o
LOAD obj/window.o
START GROUP
LOAD /Users/kristofer/agondev/release/lib/libc.a
LOAD /Users/kristofer/agondev/release/lib/libagon.a
LOAD /Users/kristofer/agondev/release/lib/libcrt.a
LOAD /Users/kristofer/agondev/release/lib/libfp.a
END GROUP
OUTPUT(bin/main.c.bin binary)
