Archive member included to satisfy reference by file (symbol)

/Users/kristofer/agondev/release/lib/libc.a(getch.o)
                              obj/vt100.o (_getch)
/Users/kristofer/agondev/release/lib/libc.a(mos_puts.o)
                              obj/vt100.o (_mos_puts)
/Users/kristofer/agondev/release/lib/libc.a(fflush.o)
                              obj/vt100.o (_fflush)
/Users/kristofer/agondev/release/lib/libc.a(files.o)
                              obj/vt100.o (_stdout)
/Users/kristofer/agondev/release/lib/libc.a(nanoprintf.o)
                              obj/vt100.o (_printf)
/Users/kristofer/agondev/release/lib/libc.a(putchar.o)
                              /Users/kristofer/agondev/release/lib/libc.a(nanoprintf.o) (_putchar)
/Users/kristofer/agondev/release/lib/libc.a(fputc.o)
                              /Users/kristofer/agondev/release/lib/libc.a(nanoprintf.o) (_fputc)
/Users/kristofer/agondev/release/lib/libc.a(mos_fputc.o)
                              /Users/kristofer/agondev/release/lib/libc.a(fputc.o) (_mos_fputc)
/Users/kristofer/agondev/release/lib/libc.a(outchar.o)
                              /Users/kristofer/agondev/release/lib/libc.a(putchar.o) (_outchar)
/Users/kristofer/agondev/release/lib/libagon.a(vdp_clear_screen.o)
                              obj/vt100.o (_vdp_clear_screen)
/Users/kristofer/agondev/release/lib/libagon.a(vdp_console_mode.o)
                              obj/vt100.o (_vdp_console_mode)
/Users/kristofer/agondev/release/lib/libagon.a(vdp_cursor_tab.o)
                              obj/vt100.o (_vdp_cursor_tab)
/Users/kristofer/agondev/release/lib/libagon.a(vdp_get_scr_dims.o)
                              obj/vt100.o (_vdp_get_scr_dims)
/Users/kristofer/agondev/release/lib/libagon.a(vdp_logical_scr_dims.o)
                              obj/vt100.o (_vdp_logical_scr_dims)
/Users/kristofer/agondev/release/lib/libagon.a(vdp_mode.o)
                              obj/vt100.o (_vdp_mode)
/Users/kristofer/agondev/release/lib/libagon.a(vdp_vdu_init.o)
                              obj/vt100.o (_vdp_vdu_init)
/Users/kristofer/agondev/release/lib/libcrt.a(and.o)
                              /Users/kristofer/agondev/release/lib/libc.a(nanoprintf.o) (__land)
/Users/kristofer/agondev/release/lib/libcrt.a(bshru.o)
                              /Users/kristofer/agondev/release/lib/libc.a(nanoprintf.o) (__bshru)
/Users/kristofer/agondev/release/lib/libcrt.a(crt0.o)
                              (__start)
/Users/kristofer/agondev/release/lib/libcrt.a(frameset.o)
                              obj/vt100.o (__frameset)
/Users/kristofer/agondev/release/lib/libcrt.a(frameset0.o)
                              obj/vt100.o (__frameset0)
/Users/kristofer/agondev/release/lib/libcrt.a(idivu.o)
                              /Users/kristofer/agondev/release/lib/libc.a(nanoprintf.o) (__idivu)
/Users/kristofer/agondev/release/lib/libcrt.a(idvrmu.o)
                              /Users/kristofer/agondev/release/lib/libcrt.a(idivu.o) (__idvrmu)
/Users/kristofer/agondev/release/lib/libcrt.a(imulu.o)
                              /Users/kristofer/agondev/release/lib/libc.a(nanoprintf.o) (__imulu)
/Users/kristofer/agondev/release/lib/libcrt.a(indcallhl.o)
                              /Users/kristofer/agondev/release/lib/libc.a(nanoprintf.o) (__indcallhl)
/Users/kristofer/agondev/release/lib/libcrt.a(ishl.o)
                              /Users/kristofer/agondev/release/lib/libc.a(nanoprintf.o) (__ishl)
/Users/kristofer/agondev/release/lib/libcrt.a(ishrs.o)
                              /Users/kristofer/agondev/release/lib/libc.a(nanoprintf.o) (__ishru)
/Users/kristofer/agondev/release/lib/libcrt.a(ladd.o)
                              /Users/kristofer/agondev/release/lib/libc.a(nanoprintf.o) (__ladd)
/Users/kristofer/agondev/release/lib/libcrt.a(lcmpu.o)
                              /Users/kristofer/agondev/release/lib/libc.a(nanoprintf.o) (__lcmpu)
/Users/kristofer/agondev/release/lib/libcrt.a(lcmpzero.o)
                              /Users/kristofer/agondev/release/lib/libc.a(nanoprintf.o) (__lcmpzero)
/Users/kristofer/agondev/release/lib/libcrt.a(ldivu.o)
                              /Users/kristofer/agondev/release/lib/libc.a(nanoprintf.o) (__ldivu)
/Users/kristofer/agondev/release/lib/libcrt.a(ldvrmu.o)
                              /Users/kristofer/agondev/release/lib/libcrt.a(ldivu.o) (__ldvrmu)
/Users/kristofer/agondev/release/lib/libcrt.a(lmulu.o)
                              /Users/kristofer/agondev/release/lib/libc.a(nanoprintf.o) (__lmulu)
/Users/kristofer/agondev/release/lib/libcrt.a(lneg.o)
                              /Users/kristofer/agondev/release/lib/libc.a(nanoprintf.o) (__lneg)
/Users/kristofer/agondev/release/lib/libcrt.a(lshl.o)
                              /Users/kristofer/agondev/release/lib/libc.a(nanoprintf.o) (__lshl)
/Users/kristofer/agondev/release/lib/libcrt.a(lshru.o)
                              /Users/kristofer/agondev/release/lib/libc.a(nanoprintf.o) (__lshru)
/Users/kristofer/agondev/release/lib/libcrt.a(sand.o)
                              /Users/kristofer/agondev/release/lib/libc.a(nanoprintf.o) (__sand)
/Users/kristofer/agondev/release/lib/libcrt.a(setflag.o)
                              /Users/kristofer/agondev/release/lib/libc.a(nanoprintf.o) (__setflag)
/Users/kristofer/agondev/release/lib/libcrt.a(sshru.o)
                              /Users/kristofer/agondev/release/lib/libc.a(nanoprintf.o) (__sshru)
/Users/kristofer/agondev/release/lib/libcrt.a(xor.o)
                              /Users/kristofer/agondev/release/lib/libc.a(nanoprintf.o) (__ixor)
/Users/kristofer/agondev/release/lib/libcrt.a(lshrs.o)
                              /Users/kristofer/agondev/release/lib/libcrt.a(lshru.o) (__lshrs.hijack_lshru)
/Users/kristofer/agondev/release/lib/libfp.a(fpcmp.o)
                              /Users/kristofer/agondev/release/lib/libc.a(nanoprintf.o) (__fcmp)
/Users/kristofer/agondev/release/lib/libc.a(free.c.o)
                              /Users/kristofer/agondev/release/lib/libcrt.a(crt0.o) (_free)
/Users/kristofer/agondev/release/lib/libc.a(malloc.c.o)
                              /Users/kristofer/agondev/release/lib/libcrt.a(crt0.o) (_malloc)
/Users/kristofer/agondev/release/lib/libc.a(mos_sysvars.o)
                              /Users/kristofer/agondev/release/lib/libagon.a(vdp_vdu_init.o) (_mos_sysvars)
/Users/kristofer/agondev/release/lib/libc.a(sbrk.o)
                              /Users/kristofer/agondev/release/lib/libc.a(malloc.c.o) (_sbrk)
/Users/kristofer/agondev/release/lib/libcrt.a(lcmps.o)
                              /Users/kristofer/agondev/release/lib/libfp.a(fpcmp.o) (__lcmps)

There are no discarded input sections

Memory Configuration

Name             Origin             Length             Attributes
USERRAM          0x00040000         0x00070000         rw
*default*        0x00000000         0xffffffff

Linker script and memory map

                0x00040000                        RAM_START = 0x40000
                0x00070000                        RAM_SIZE = 0x70000
                0x00000000                        _has_exit_handler = 0x0
                0x00040000                        . = RAM_START

.init           0x00040000      0x1d4
 *(.init .init.args .init.bss .fini)
 .init          0x00040000       0xbb /Users/kristofer/agondev/release/lib/libcrt.a(crt0.o)
                0x00040040                __mos_header
                0x00040045                __start
                0x000400b8                __start._main
 .fini          0x000400bb       0xbe /Users/kristofer/agondev/release/lib/libcrt.a(crt0.o)
                0x000400bb                ___exithl
                0x000400bd                _exit
                0x0004011c                __Exit
                0x00040120                _abort
 .init.bss      0x00040179       0x11 /Users/kristofer/agondev/release/lib/libcrt.a(crt0.o)
 .init.args     0x0004018a       0x4a /Users/kristofer/agondev/release/lib/libcrt.a(crt0.o)
                0x0004018a                _parse_option
                0x0004018a                _parse_params

.text           0x000401d4     0x1bb5
 *(.text)
 .text          0x000401d4      0x149 obj/vt100.o
                0x000401d4                _term_init
                0x00040238                _move
                0x0004024e                _term_end
                0x00040283                _standout
                0x0004028e                _standend
                0x00040299                _addstr
                0x000402bc                _addch
                0x000402df                _clrtoeol
                0x000402f6                _refresh
                0x00040301                _main
 .text          0x0004031d        0x9 /Users/kristofer/agondev/release/lib/libc.a(getch.o)
                0x0004031d                _getch
 .text          0x00040326       0x19 /Users/kristofer/agondev/release/lib/libc.a(mos_puts.o)
                0x00040326                _mos_puts
 .text          0x0004033f       0x10 /Users/kristofer/agondev/release/lib/libc.a(fflush.o)
                0x0004033f                _fflush
 .text          0x0004034f       0x52 /Users/kristofer/agondev/release/lib/libc.a(files.o)
                0x0004034f                __stdio_init
 .text          0x000403a1     0x13b8 /Users/kristofer/agondev/release/lib/libc.a(nanoprintf.o)
                0x000403a1                _npf_vpprintf
                0x000414e2                _npf_pprintf
                0x0004150a                _npf_snprintf
                0x00041532                _npf_vsnprintf
                0x000415df                _vprintf
                0x0004160f                _printf
                0x0004162e                _fprintf
                0x00041651                _vfprintf
                0x00041686                _vsnprintf
                0x000416e9                _snprintf
                0x00041711                _vsprintf
                0x00041730                _sprintf
 .text          0x00041759       0x2f /Users/kristofer/agondev/release/lib/libc.a(putchar.o)
                0x00041759                _putchar
 .text          0x00041788       0xb7 /Users/kristofer/agondev/release/lib/libc.a(fputc.o)
                0x00041788                _fputc
                0x00041818                _fput_char
 .text          0x0004183f       0x18 /Users/kristofer/agondev/release/lib/libc.a(mos_fputc.o)
                0x0004183f                _mos_fputc
 .text          0x00041857        0x7 /Users/kristofer/agondev/release/lib/libc.a(outchar.o)
                0x00041857                _outchar
 .text          0x0004185e       0x17 /Users/kristofer/agondev/release/lib/libagon.a(vdp_clear_screen.o)
                0x0004185e                _vdp_clear_screen
 .text          0x00041875       0x25 /Users/kristofer/agondev/release/lib/libagon.a(vdp_console_mode.o)
                0x00041875                _vdp_console_mode
 .text          0x0004189a       0x2a /Users/kristofer/agondev/release/lib/libagon.a(vdp_cursor_tab.o)
                0x0004189a                _vdp_cursor_tab
 .text          0x000418c4       0x54 /Users/kristofer/agondev/release/lib/libagon.a(vdp_get_scr_dims.o)
                0x000418c4                _vdp_get_scr_dims
 .text          0x00041918       0x25 /Users/kristofer/agondev/release/lib/libagon.a(vdp_logical_scr_dims.o)
                0x00041918                _vdp_logical_scr_dims
 .text          0x0004193d       0x3a /Users/kristofer/agondev/release/lib/libagon.a(vdp_mode.o)
                0x0004193d                _vdp_mode
 .text          0x00041977        0x9 /Users/kristofer/agondev/release/lib/libagon.a(vdp_vdu_init.o)
                0x00041977                _vdp_vdu_init
 .text          0x00041980       0x1c /Users/kristofer/agondev/release/lib/libcrt.a(and.o)
                0x00041980                __land
                0x00041985                __iand
                0x00041986                __iand.hijack_land
 .text          0x0004199c        0xa /Users/kristofer/agondev/release/lib/libcrt.a(bshru.o)
                0x0004199c                __bshru
 .text          0x000419a6       0x2c /Users/kristofer/agondev/release/lib/libcrt.a(crt0.o)
                0x000419a6                _atexit
                0x000419a6                _on_exit
 .text          0x000419d2        0xe /Users/kristofer/agondev/release/lib/libcrt.a(frameset.o)
                0x000419d2                __frameset
 .text          0x000419e0        0xb /Users/kristofer/agondev/release/lib/libcrt.a(frameset0.o)
                0x000419e0                __frameset0
 .text          0x000419eb        0x8 /Users/kristofer/agondev/release/lib/libcrt.a(idivu.o)
                0x000419eb                __idivu
 .text          0x000419f3       0x18 /Users/kristofer/agondev/release/lib/libcrt.a(idvrmu.o)
                0x000419f3                __idvrmu
                0x000419f7                __idvrmu.hijack_a_iters_ude_dividend
 .text          0x00041a0b       0x30 /Users/kristofer/agondev/release/lib/libcrt.a(imulu.o)
                0x00041a0b                __imuls
                0x00041a0b                __imulu
 .text          0x00041a3b        0x1 /Users/kristofer/agondev/release/lib/libcrt.a(indcallhl.o)
                0x00041a3b                __indcallhl
 .text          0x00041a3c       0x26 /Users/kristofer/agondev/release/lib/libcrt.a(ishl.o)
                0x00041a3c                __sshl
                0x00041a3c                __ishl
 .text          0x00041a62       0x41 /Users/kristofer/agondev/release/lib/libcrt.a(ishrs.o)
                0x00041a62                __ishru
                0x00041a67                __ishrs
 .text          0x00041aa3        0x6 /Users/kristofer/agondev/release/lib/libcrt.a(ladd.o)
                0x00041aa3                __ladd
 .text          0x00041aa9        0x8 /Users/kristofer/agondev/release/lib/libcrt.a(lcmpu.o)
                0x00041aa9                __lcmpu
 .text          0x00041ab1        0xb /Users/kristofer/agondev/release/lib/libcrt.a(lcmpzero.o)
                0x00041ab1                __lcmpzero
 .text          0x00041abc        0xa /Users/kristofer/agondev/release/lib/libcrt.a(ldivu.o)
                0x00041abc                __ldivu
 .text          0x00041ac6       0x28 /Users/kristofer/agondev/release/lib/libcrt.a(ldvrmu.o)
                0x00041ac6                __ldvrmu
 .text          0x00041aee       0x5c /Users/kristofer/agondev/release/lib/libcrt.a(lmulu.o)
                0x00041aee                __lmuls
                0x00041aee                __lmulu
 .text          0x00041b4a        0xd /Users/kristofer/agondev/release/lib/libcrt.a(lneg.o)
                0x00041b4a                __lneg
 .text          0x00041b57        0xd /Users/kristofer/agondev/release/lib/libcrt.a(lshl.o)
                0x00041b57                __lshl
 .text          0x00041b64       0x10 /Users/kristofer/agondev/release/lib/libcrt.a(lshru.o)
                0x00041b64                __lshru
 .text          0x00041b74        0x9 /Users/kristofer/agondev/release/lib/libcrt.a(sand.o)
                0x00041b74                __sand
 .text          0x00041b7d        0xf /Users/kristofer/agondev/release/lib/libcrt.a(setflag.o)
                0x00041b7d                __setflag
 .text          0x00041b8c        0xd /Users/kristofer/agondev/release/lib/libcrt.a(sshru.o)
                0x00041b8c                __sshru
 .text          0x00041b99       0x1b /Users/kristofer/agondev/release/lib/libcrt.a(xor.o)
                0x00041b99                __lxor
                0x00041b9d                __ixor
 .text          0x00041bb4       0x1b /Users/kristofer/agondev/release/lib/libcrt.a(lshrs.o)
                0x00041bb4                __lshrs
                0x00041bc0                __lshrs.hijack_lshru
 .text          0x00041bcf       0x1d /Users/kristofer/agondev/release/lib/libfp.a(fpcmp.o)
                0x00041bcf                __fcmp
 .text          0x00041bec       0xbd /Users/kristofer/agondev/release/lib/libc.a(free.c.o)
                0x00041bec                _free
 .text          0x00041ca9       0x9f /Users/kristofer/agondev/release/lib/libc.a(malloc.c.o)
                0x00041ca9                _malloc
 .text          0x00041d48        0xc /Users/kristofer/agondev/release/lib/libc.a(mos_sysvars.o)
                0x00041d48                _mos_sysvars
 .text          0x00041d54       0x28 /Users/kristofer/agondev/release/lib/libc.a(sbrk.o)
                0x00041d54                _sbrk
 .text          0x00041d7c        0xd /Users/kristofer/agondev/release/lib/libcrt.a(lcmps.o)
                0x00041d7c                __lcmps

.init_array     0x00041d89        0x0
 *(.init_array)
 .init_array    0x00041d89        0x0 /Users/kristofer/agondev/release/lib/libcrt.a(crt0.o)

.ctors          0x00041d89        0x0
 *(.ctors)
 .ctors         0x00041d89        0x0 /Users/kristofer/agondev/release/lib/libcrt.a(crt0.o)

.dtors          0x00041d89        0x0
 *(.dtors)
 .dtors         0x00041d89        0x0 /Users/kristofer/agondev/release/lib/libcrt.a(crt0.o)

.comment        0x00000000      0x620
 .comment       0x00000000       0x71 obj/vt100.o
 .comment       0x00000071       0x71 /Users/kristofer/agondev/release/lib/libc.a(fflush.o)
 .comment       0x000000e2       0x71 /Users/kristofer/agondev/release/lib/libc.a(files.o)
 .comment       0x00000153       0x71 /Users/kristofer/agondev/release/lib/libc.a(nanoprintf.o)
 .comment       0x000001c4       0x71 /Users/kristofer/agondev/release/lib/libc.a(fputc.o)
 .comment       0x00000235       0x71 /Users/kristofer/agondev/release/lib/libagon.a(vdp_clear_screen.o)
 .comment       0x000002a6       0x71 /Users/kristofer/agondev/release/lib/libagon.a(vdp_console_mode.o)
 .comment       0x00000317       0x71 /Users/kristofer/agondev/release/lib/libagon.a(vdp_cursor_tab.o)
 .comment       0x00000388       0x71 /Users/kristofer/agondev/release/lib/libagon.a(vdp_get_scr_dims.o)
 .comment       0x000003f9       0x71 /Users/kristofer/agondev/release/lib/libagon.a(vdp_logical_scr_dims.o)
 .comment       0x0000046a       0x71 /Users/kristofer/agondev/release/lib/libagon.a(vdp_mode.o)
 .comment       0x000004db       0x71 /Users/kristofer/agondev/release/lib/libagon.a(vdp_vdu_init.o)
 .comment       0x0000054c       0x6a /Users/kristofer/agondev/release/lib/libc.a(free.c.o)
 .comment       0x000005b6       0x6a /Users/kristofer/agondev/release/lib/libc.a(malloc.c.o)

.fini_array     0x00041d89        0x0
 *(.fini_array)
 .fini_array    0x00041d89        0x0 /Users/kristofer/agondev/release/lib/libcrt.a(crt0.o)

.rodata         0x00041d89       0xf8
 *(.rodata)
 .rodata        0x00041d89       0x41 obj/vt100.o
 .rodata        0x00041dca       0xab /Users/kristofer/agondev/release/lib/libc.a(nanoprintf.o)
 .rodata        0x00041e75        0xc /Users/kristofer/agondev/release/lib/libcrt.a(crt0.o)

.data           0x00041e81       0x59
 *(.data)
 .data          0x00041e81        0x0 obj/vt100.o
 .data          0x00041e81        0x0 /Users/kristofer/agondev/release/lib/libc.a(getch.o)
 .data          0x00041e81        0x0 /Users/kristofer/agondev/release/lib/libc.a(mos_puts.o)
 .data          0x00041e81        0x0 /Users/kristofer/agondev/release/lib/libc.a(fflush.o)
 .data          0x00041e81        0xf /Users/kristofer/agondev/release/lib/libc.a(files.o)
                0x00041e81                _stdin
                0x00041e86                _stdout
                0x00041e8b                _stderr
 .data          0x00041e90        0x0 /Users/kristofer/agondev/release/lib/libc.a(nanoprintf.o)
 .data          0x00041e90        0x0 /Users/kristofer/agondev/release/lib/libc.a(putchar.o)
 .data          0x00041e90        0x0 /Users/kristofer/agondev/release/lib/libc.a(fputc.o)
 .data          0x00041e90        0x0 /Users/kristofer/agondev/release/lib/libc.a(mos_fputc.o)
 .data          0x00041e90        0x0 /Users/kristofer/agondev/release/lib/libc.a(outchar.o)
 .data          0x00041e90        0x1 /Users/kristofer/agondev/release/lib/libagon.a(vdp_clear_screen.o)
 .data          0x00041e91        0x4 /Users/kristofer/agondev/release/lib/libagon.a(vdp_console_mode.o)
 .data          0x00041e95        0x3 /Users/kristofer/agondev/release/lib/libagon.a(vdp_cursor_tab.o)
 .data          0x00041e98        0x3 /Users/kristofer/agondev/release/lib/libagon.a(vdp_get_scr_dims.o)
 .data          0x00041e9b        0x4 /Users/kristofer/agondev/release/lib/libagon.a(vdp_logical_scr_dims.o)
 .data          0x00041e9f        0x2 /Users/kristofer/agondev/release/lib/libagon.a(vdp_mode.o)
 .data          0x00041ea1        0x0 /Users/kristofer/agondev/release/lib/libagon.a(vdp_vdu_init.o)
 .data          0x00041ea1        0x0 /Users/kristofer/agondev/release/lib/libcrt.a(and.o)
 .data          0x00041ea1        0x0 /Users/kristofer/agondev/release/lib/libcrt.a(bshru.o)
 .data          0x00041ea1       0x36 /Users/kristofer/agondev/release/lib/libcrt.a(crt0.o)
                0x00041ed4                _exit.sp
 .data          0x00041ed7        0x0 /Users/kristofer/agondev/release/lib/libcrt.a(frameset.o)
 .data          0x00041ed7        0x0 /Users/kristofer/agondev/release/lib/libcrt.a(frameset0.o)
 .data          0x00041ed7        0x0 /Users/kristofer/agondev/release/lib/libcrt.a(idivu.o)
 .data          0x00041ed7        0x0 /Users/kristofer/agondev/release/lib/libcrt.a(idvrmu.o)
 .data          0x00041ed7        0x0 /Users/kristofer/agondev/release/lib/libcrt.a(imulu.o)
 .data          0x00041ed7        0x0 /Users/kristofer/agondev/release/lib/libcrt.a(indcallhl.o)
 .data          0x00041ed7        0x0 /Users/kristofer/agondev/release/lib/libcrt.a(ishl.o)
 .data          0x00041ed7        0x0 /Users/kristofer/agondev/release/lib/libcrt.a(ishrs.o)
 .data          0x00041ed7        0x0 /Users/kristofer/agondev/release/lib/libcrt.a(ladd.o)
 .data          0x00041ed7        0x0 /Users/kristofer/agondev/release/lib/libcrt.a(lcmpu.o)
 .data          0x00041ed7        0x0 /Users/kristofer/agondev/release/lib/libcrt.a(lcmpzero.o)
 .data          0x00041ed7        0x0 /Users/kristofer/agondev/release/lib/libcrt.a(ldivu.o)
 .data          0x00041ed7        0x0 /Users/kristofer/agondev/release/lib/libcrt.a(ldvrmu.o)
 .data          0x00041ed7        0x0 /Users/kristofer/agondev/release/lib/libcrt.a(lmulu.o)
 .data          0x00041ed7        0x0 /Users/kristofer/agondev/release/lib/libcrt.a(lneg.o)
 .data          0x00041ed7        0x0 /Users/kristofer/agondev/release/lib/libcrt.a(lshl.o)
 .data          0x00041ed7        0x0 /Users/kristofer/agondev/release/lib/libcrt.a(lshru.o)
 .data          0x00041ed7        0x0 /Users/kristofer/agondev/release/lib/libcrt.a(sand.o)
 .data          0x00041ed7        0x0 /Users/kristofer/agondev/release/lib/libcrt.a(setflag.o)
 .data          0x00041ed7        0x0 /Users/kristofer/agondev/release/lib/libcrt.a(sshru.o)
 .data          0x00041ed7        0x0 /Users/kristofer/agondev/release/lib/libcrt.a(xor.o)
 .data          0x00041ed7        0x0 /Users/kristofer/agondev/release/lib/libcrt.a(lshrs.o)
 .data          0x00041ed7        0x0 /Users/kristofer/agondev/release/lib/libfp.a(fpcmp.o)
 .data          0x00041ed7        0x0 /Users/kristofer/agondev/release/lib/libc.a(free.c.o)
 .data          0x00041ed7        0x0 /Users/kristofer/agondev/release/lib/libc.a(malloc.c.o)
 .data          0x00041ed7        0x0 /Users/kristofer/agondev/release/lib/libc.a(mos_sysvars.o)
 .data          0x00041ed7        0x3 /Users/kristofer/agondev/release/lib/libc.a(sbrk.o)
                0x00041ed7                __sbrkbase
 .data          0x00041eda        0x0 /Users/kristofer/agondev/release/lib/libcrt.a(lcmps.o)

.bss            0x00041eda       0x31
                0x00041eda                        bss_start = .
 *(.bss .bss*)
 .bss           0x00041eda        0x0 obj/vt100.o
 .bss           0x00041eda        0x0 /Users/kristofer/agondev/release/lib/libc.a(getch.o)
 .bss           0x00041eda        0x0 /Users/kristofer/agondev/release/lib/libc.a(mos_puts.o)
 .bss           0x00041eda        0x0 /Users/kristofer/agondev/release/lib/libc.a(fflush.o)
 .bss           0x00041eda       0x28 /Users/kristofer/agondev/release/lib/libc.a(files.o)
                0x00041eda                __file_streams
 .bss           0x00041f02        0x0 /Users/kristofer/agondev/release/lib/libc.a(nanoprintf.o)
 .bss           0x00041f02        0x0 /Users/kristofer/agondev/release/lib/libc.a(putchar.o)
 .bss           0x00041f02        0x0 /Users/kristofer/agondev/release/lib/libc.a(fputc.o)
 .bss           0x00041f02        0x0 /Users/kristofer/agondev/release/lib/libc.a(mos_fputc.o)
 .bss           0x00041f02        0x0 /Users/kristofer/agondev/release/lib/libc.a(outchar.o)
 .bss           0x00041f02        0x0 /Users/kristofer/agondev/release/lib/libagon.a(vdp_clear_screen.o)
 .bss           0x00041f02        0x0 /Users/kristofer/agondev/release/lib/libagon.a(vdp_console_mode.o)
 .bss           0x00041f02        0x0 /Users/kristofer/agondev/release/lib/libagon.a(vdp_cursor_tab.o)
 .bss           0x00041f02        0x0 /Users/kristofer/agondev/release/lib/libagon.a(vdp_get_scr_dims.o)
 .bss           0x00041f02        0x0 /Users/kristofer/agondev/release/lib/libagon.a(vdp_logical_scr_dims.o)
 .bss           0x00041f02        0x0 /Users/kristofer/agondev/release/lib/libagon.a(vdp_mode.o)
 .bss           0x00041f02        0x3 /Users/kristofer/agondev/release/lib/libagon.a(vdp_vdu_init.o)
                0x00041f02                _sys_vars
 .bss           0x00041f05        0x0 /Users/kristofer/agondev/release/lib/libcrt.a(and.o)
 .bss           0x00041f05        0x0 /Users/kristofer/agondev/release/lib/libcrt.a(bshru.o)
 .bss           0x00041f05        0x0 /Users/kristofer/agondev/release/lib/libcrt.a(crt0.o)
 .bss           0x00041f05        0x0 /Users/kristofer/agondev/release/lib/libcrt.a(frameset.o)
 .bss           0x00041f05        0x0 /Users/kristofer/agondev/release/lib/libcrt.a(frameset0.o)
 .bss           0x00041f05        0x0 /Users/kristofer/agondev/release/lib/libcrt.a(idivu.o)
 .bss           0x00041f05        0x0 /Users/kristofer/agondev/release/lib/libcrt.a(idvrmu.o)
 .bss           0x00041f05        0x0 /Users/kristofer/agondev/release/lib/libcrt.a(imulu.o)
 .bss           0x00041f05        0x0 /Users/kristofer/agondev/release/lib/libcrt.a(indcallhl.o)
 .bss           0x00041f05        0x0 /Users/kristofer/agondev/release/lib/libcrt.a(ishl.o)
 .bss           0x00041f05        0x0 /Users/kristofer/agondev/release/lib/libcrt.a(ishrs.o)
 .bss           0x00041f05        0x0 /Users/kristofer/agondev/release/lib/libcrt.a(ladd.o)
 .bss           0x00041f05        0x0 /Users/kristofer/agondev/release/lib/libcrt.a(lcmpu.o)
 .bss           0x00041f05        0x0 /Users/kristofer/agondev/release/lib/libcrt.a(lcmpzero.o)
 .bss           0x00041f05        0x0 /Users/kristofer/agondev/release/lib/libcrt.a(ldivu.o)
 .bss           0x00041f05        0x0 /Users/kristofer/agondev/release/lib/libcrt.a(ldvrmu.o)
 .bss           0x00041f05        0x0 /Users/kristofer/agondev/release/lib/libcrt.a(lmulu.o)
 .bss           0x00041f05        0x0 /Users/kristofer/agondev/release/lib/libcrt.a(lneg.o)
 .bss           0x00041f05        0x0 /Users/kristofer/agondev/release/lib/libcrt.a(lshl.o)
 .bss           0x00041f05        0x0 /Users/kristofer/agondev/release/lib/libcrt.a(lshru.o)
 .bss           0x00041f05        0x0 /Users/kristofer/agondev/release/lib/libcrt.a(sand.o)
 .bss           0x00041f05        0x0 /Users/kristofer/agondev/release/lib/libcrt.a(setflag.o)
 .bss           0x00041f05        0x0 /Users/kristofer/agondev/release/lib/libcrt.a(sshru.o)
 .bss           0x00041f05        0x0 /Users/kristofer/agondev/release/lib/libcrt.a(xor.o)
 .bss           0x00041f05        0x0 /Users/kristofer/agondev/release/lib/libcrt.a(lshrs.o)
 .bss           0x00041f05        0x0 /Users/kristofer/agondev/release/lib/libfp.a(fpcmp.o)
 .bss           0x00041f05        0x0 /Users/kristofer/agondev/release/lib/libc.a(free.c.o)
 .bss           0x00041f05        0x6 /Users/kristofer/agondev/release/lib/libc.a(malloc.c.o)
                0x00041f05                __alloc_base
 .bss           0x00041f0b        0x0 /Users/kristofer/agondev/release/lib/libc.a(mos_sysvars.o)
 .bss           0x00041f0b        0x0 /Users/kristofer/agondev/release/lib/libc.a(sbrk.o)
 .bss           0x00041f0b        0x0 /Users/kristofer/agondev/release/lib/libcrt.a(lcmps.o)
                0x00041f0b                        bss_end = .
                0x000b0000                        __stack = (RAM_START + RAM_SIZE)
                0x00041eda                        ___low_bss = bss_start
                0x00000031                        ___len_bss = SIZEOF (.bss)
                0x00041f0b                        ___heapbot = bss_end
                0x000b0000                        ___heaptop = (RAM_START + RAM_SIZE)
                0x00000001                        ___run_clearbss = (___len_bss > 0x0)
                0x00000000                        ___init_array_count = (SIZEOF (.init_array) / 0x3)
                0x00000000                        ___ctors_count = (SIZEOF (.ctors) / 0x3)
                0x00000000                        ___dtors_count = (SIZEOF (.dtors) / 0x3)
                0x00000000                        ___fini_array_count = (SIZEOF (.fini_array) / 0x3)
                0x00000000                        ___init_count = (___init_array_count + ___ctors_count)
                0x00000000                        ___fini_count = (___dtors_count + ___fini_array_count)
                0x00000000                        ___run_init = (___init_count > 0x0)
                0x00000000                        ___run_fini = (___fini_count > 0x0)
                0x00000100                        ___init_count_a = ((((___init_count - 0x1) >> 0x10) & 0xff) + 0x1)
                0x00000100                        ___init_count_b = (((___init_count - 0x1) & 0xff) + 0x1)
                0x00000100                        ___init_count_c = ((((___init_count - 0x1) >> 0x8) & 0xff) + 0x1)
                0x00000100                        ___fini_count_a = ((((___fini_count - 0x1) >> 0x10) & 0xff) + 0x1)
                0x00000100                        ___fini_count_b = (((___fini_count - 0x1) & 0xff) + 0x1)
                0x00000100                        ___fini_count_c = ((((___fini_count - 0x1) >> 0x8) & 0xff) + 0x1)
                0x00041d89                        ___init_array_functions = (SIZEOF (.init_array) + ADDR (.init_array))
                0x00041d89                        ___init_ctors_functions = (SIZEOF (.ctors) + ADDR (.ctors))
                0x00041d89                        ___fini_dtors_functions = (SIZEOF (.dtors) + ADDR (.dtors))
                0x00041d89                        ___fini_array_functions = (SIZEOF (.fini_array) + ADDR (.fini_array))
LOAD obj/vt100.o
START GROUP
LOAD /Users/kristofer/agondev/release/lib/libc.a
LOAD /Users/kristofer/agondev/release/lib/libagon.a
LOAD /Users/kristofer/agondev/release/lib/libcrt.a
LOAD /Users/kristofer/agondev/release/lib/libfp.a
END GROUP
OUTPUT(bin/vt100.c.bin binary)
